Experiment id: c154d183-ea03-48e8-8521-e2ca88f43cdb
Performance Test Version: 5b1035d-dirty
Logfile name: 
Communication mean: ROS2
RMW Implementation: rmw_cyclonedds_cpp
DDS domain id: 61
QOS: Reliability: BEST_EFFORT Durability: VOLATILE History kind: KEEP_LAST History depth: 5 Sync. pub/sub: 0
Publishing rate: 1000
Topic name: Array4m
Maximum runtime (sec): 68
Number of publishers: 0
Number of subscribers: 1
Memory check enabled: 0
Use single participant: 0
With security: 0
Roundtrip Mode: NONE
Ignore seconds from beginning: 0

---EXPERIMENT-START---
T_experiment,	T_loop,	received,	sent,	lost,	relative_loss,	data_received,	latency_min (ms),	latency_max (ms),	latency_mean (ms),	latency_variance (ms),	pub_loop_res_min (ms),	pub_loop_res_max (ms),	pub_loop_res_mean (ms),	pub_loop_res_variance (ms),	sub_loop_res_min (ms),	sub_loop_res_max (ms),	sub_loop_res_mean (ms),	sub_loop_res_variance (ms),	ru_utime,	ru_stime,	ru_maxrss,	ru_ixrss,	ru_idrss,	ru_isrss,	ru_minflt,	ru_majflt,	ru_nswap,	ru_inblock,	ru_oublock,	ru_msgsnd,	ru_msgrcv,	ru_nsignals,	ru_nvcsw,	ru_nivcsw,	cpu_usage (%),	
1.107113,		1.107112,		0,		0,		0,		nan,		0,		inf,		-inf,		0,		nan,		inf,		-inf,		0,		0,		0,		0,		0,		0,		0.1232,		0.02759,		24576,		0,		0,		0,		3475,		0,		0,		0,		16,		0,		0,		0,		101,		25,		2.679,		
2.107772,		1.000543,		0,		0,		0,		nan,		0,		inf,		-inf,		0,		nan,		inf,		-inf,		0,		0,		0,		0,		0,		0,		0.1237,		0.02772,		24576,		0,		0,		0,		3475,		0,		0,		0,		16,		0,		0,		0,		112,		25,		0,		
3.119169,		1.011332,		2,		0,		0,		nan,		12575106,		41.23,		49.47,		46.14,		0.01258,		inf,		-inf,		0,		0,		0,		0,		0,		0,		0.1489,		0.07799,		41596,		0,		0,		0,		10887,		0,		0,		0,		16,		0,		0,		0,		1337,		35,		1.733,		
4.211435,		1.092028,		29,		0,		0,		nan,		124391128,		37.82,		39.28,		38.24,		0.000113,		inf,		-inf,		0,		0,		0,		0,		0,		0,		0.3362,		0.2585,		43132,		0,		0,		0,		11283,		0,		0,		0,		16,		0,		0,		0,		10565,		45,		8.486,		
5.339809,		1.128178,		29,		0,		0,		nan,		122882315,		37.76,		38.75,		37.99,		6.32e-05,		inf,		-inf,		0,		0,		0,		0,		0,		0,		0.5553,		0.4402,		43132,		0,		0,		0,		11283,		0,		0,		0,		16,		0,		0,		0,		20168,		58,		8.85,		
6.397804,		1.057791,		26,		0,		0,		nan,		111514545,		37.78,		38.16,		37.93,		8.909e-06,		inf,		-inf,		0,		0,		0,		0,		0,		0,		0.7015,		0.603,		43132,		0,		0,		0,		11283,		0,		0,		0,		24,		0,		0,		0,		29222,		64,		7.547,		
7.419326,		1.021339,		27,		0,		0,		nan,		114970663,		37.85,		38.47,		37.97,		1.351e-05,		inf,		-inf,		0,		0,		0,		0,		0,		0,		0.8158,		0.7558,		43132,		0,		0,		0,		11283,		0,		0,		0,		24,		0,		0,		0,		37949,		71,		6.373,		
8.440564,		1.021045,		28,		0,		0,		nan,		119071344,		37.81,		38.13,		37.94,		8.047e-06,		inf,		-inf,		0,		0,		0,		0,		0,		0,		0.9311,		0.9048,		43132,		0,		0,		0,		11284,		0,		0,		0,		24,		0,		0,		0,		46697,		72,		6.618,		
9.569156,		1.128391,		31,		0,		0,		nan,		131426277,		37.8,		38.5,		37.96,		1.62e-05,		inf,		-inf,		0,		0,		0,		0,		0,		0,		1.161,		1.071,		43132,		0,		0,		0,		11284,		0,		0,		0,		24,		0,		0,		0,		56346,		76,		8.85,		
10.696928,		1.127559,		28,		0,		0,		nan,		118923762,		37.8,		38.12,		37.93,		7.095e-06,		inf,		-inf,		0,		0,		0,		0,		0,		0,		1.383,		1.24,		43132,		0,		0,		0,		11284,		0,		0,		0,		24,		0,		0,		0,		66012,		89,		8.628,		
11.719248,		1.022106,		25,		0,		0,		nan,		107854289,		37.83,		38.69,		37.98,		2.479e-05,		inf,		-inf,		0,		0,		0,		0,		0,		0,		1.508,		1.38,		43132,		0,		0,		0,		11285,		0,		0,		0,		32,		0,		0,		0,		74757,		90,		6.127,		
12.740949,		1.021484,		28,		0,		0,		nan,		118981600,		37.85,		38.61,		38,		2.083e-05,		inf,		-inf,		0,		0,		0,		0,		0,		0,		1.633,		1.521,		43132,		0,		0,		0,		11285,		0,		0,		0,		32,		0,		0,		0,		83492,		90,		6.618,		
13.763334,		1.022205,		28,		0,		0,		nan,		119048851,		37.84,		38.76,		38.03,		2.737e-05,		inf,		-inf,		0,		0,		0,		0,		0,		0,		1.758,		1.663,		43132,		0,		0,		0,		11285,		0,		0,		0,		32,		0,		0,		0,		92231,		95,		6.311,		
14.785563,		1.022038,		28,		0,		0,		nan,		118973820,		37.87,		38.64,		38.05,		3.685e-05,		inf,		-inf,		0,		0,		0,		0,		0,		0,		1.883,		1.813,		43132,		0,		0,		0,		11285,		0,		0,		0,		32,		0,		0,		0,		100927,		101,		6.863,		
15.878402,		1.092611,		30,		0,		0,		nan,		127194054,		37.91,		38.78,		38.22,		9.273e-05,		inf,		-inf,		0,		0,		0,		0,		0,		0,		2.091,		1.988,		43132,		0,		0,		0,		11285,		0,		0,		0,		40,		0,		0,		0,		110073,		108,		8.716,		
17.147015,		1.268419,		32,		0,		0,		nan,		138172168,		37.9,		38.83,		38.11,		5.665e-05,		inf,		-inf,		0,		0,		0,		0,		0,		0,		2.44,		2.219,		43132,		0,		0,		0,		11285,		0,		0,		0,		40,		0,		0,		0,		120843,		135,		11.22,		
18.168930,		1.021717,		22,		0,		0,		nan,		95879418,		37.94,		38.63,		38.05,		1.784e-05,		inf,		-inf,		0,		0,		0,		0,		0,		0,		2.567,		2.361,		43132,		0,		0,		0,		11285,		0,		0,		0,		48,		0,		0,		0,		129568,		138,		6.863,		
19.225285,		1.056164,		29,		0,		0,		nan,		123134075,		37.93,		38.72,		38.14,		4.749e-05,		inf,		-inf,		0,		0,		0,		0,		0,		0,		2.725,		2.52,		43132,		0,		0,		0,		11285,		0,		0,		0,		48,		0,		0,		0,		138543,		145,		7.311,		
20.247864,		1.022370,		27,		0,		0,		nan,		115142164,		37.89,		38.18,		38.02,		7.628e-06,		inf,		-inf,		0,		0,		0,		0,		0,		0,		2.848,		2.66,		43132,		0,		0,		0,		11285,		0,		0,		0,		48,		0,		0,		0,		147308,		152,		6.373,		
21.271416,		1.023365,		28,		0,		0,		nan,		118952761,		37.94,		38.87,		38.16,		7.018e-05,		inf,		-inf,		0,		0,		0,		0,		0,		0,		2.955,		2.831,		43132,		0,		0,		0,		11285,		0,		0,		0,		48,		0,		0,		0,		155995,		157,		7.108,		
22.293379,		1.021777,		28,		0,		0,		nan,		118838146,		37.92,		38.21,		38.04,		6.519e-06,		inf,		-inf,		0,		0,		0,		0,		0,		0,		3.081,		2.968,		43132,		0,		0,		0,		11285,		0,		0,		0,		48,		0,		0,		0,		164750,		157,		6.311,		
23.350742,		1.057190,		29,		0,		0,		nan,		123128717,		37.9,		38.61,		38.1,		2.363e-05,		inf,		-inf,		0,		0,		0,		0,		0,		0,		3.232,		3.127,		43132,		0,		0,		0,		11285,		0,		0,		0,		48,		0,		0,		0,		173781,		161,		7.381,		
24.372091,		1.021166,		27,		0,		0,		nan,		115035483,		37.96,		38.96,		38.21,		8.791e-05,		inf,		-inf,		0,		0,		0,		0,		0,		0,		3.358,		3.28,		43132,		0,		0,		0,		11285,		0,		0,		0,		56,		0,		0,		0,		182427,		164,		6.618,		
25.395153,		1.022845,		28,		0,		0,		nan,		119088169,		37.97,		38.97,		38.23,		7.965e-05,		inf,		-inf,		0,		0,		0,		0,		0,		0,		3.478,		3.444,		43132,		0,		0,		0,		11285,		0,		0,		0,		56,		0,		0,		0,		191086,		171,		7.039,		
26.454126,		1.058763,		29,		0,		0,		nan,		122989668,		37.97,		38.81,		38.15,		3.725e-05,		inf,		-inf,		0,		0,		0,		0,		0,		0,		3.637,		3.598,		43132,		0,		0,		0,		11285,		0,		0,		0,		56,		0,		0,		0,		200118,		175,		7.311,		
27.477798,		1.023453,		27,		0,		0,		nan,		114860872,		37.99,		38.98,		38.29,		9.082e-05,		inf,		-inf,		0,		0,		0,		0,		0,		0,		3.766,		3.762,		43132,		0,		0,		0,		11286,		0,		0,		0,		56,		0,		0,		0,		208716,		179,		7.353,		
28.499807,		1.021778,		28,		0,		0,		nan,		118824901,		37.95,		38.27,		38.1,		6.485e-06,		inf,		-inf,		0,		0,		0,		0,		0,		0,		3.89,		3.906,		43132,		0,		0,		0,		11286,		0,		0,		0,		56,		0,		0,		0,		217454,		179,		6.373,		
29.521614,		1.021600,		28,		0,		0,		nan,		119018593,		38,		38.9,		38.22,		5.402e-05,		inf,		-inf,		0,		0,		0,		0,		0,		0,		4.008,		4.066,		43132,		0,		0,		0,		11286,		0,		0,		0,		56,		0,		0,		0,		226121,		188,		6.863,		
30.546673,		1.024864,		28,		0,		0,		nan,		119038265,		38.02,		38.87,		38.24,		4.987e-05,		inf,		-inf,		0,		0,		0,		0,		0,		0,		4.141,		4.21,		43132,		0,		0,		0,		11286,		0,		0,		0,		64,		0,		0,		0,		234832,		195,		6.796,		
31.569197,		1.022392,		28,		0,		0,		nan,		118671841,		38.03,		38.95,		38.17,		4.002e-05,		inf,		-inf,		0,		0,		0,		0,		0,		0,		4.275,		4.347,		43132,		0,		0,		0,		11286,		0,		0,		0,		64,		0,		0,		0,		243544,		197,		6.618,		
32.592319,		1.022984,		28,		0,		0,		nan,		118955133,		38.04,		38.87,		38.23,		4.762e-05,		inf,		-inf,		0,		0,		0,		0,		0,		0,		4.403,		4.498,		43132,		0,		0,		0,		11286,		0,		0,		0,		64,		0,		0,		0,		252235,		202,		6.863,		
33.614021,		1.021581,		28,		0,		0,		nan,		118887986,		38.07,		38.72,		38.19,		2.418e-05,		inf,		-inf,		0,		0,		0,		0,		0,		0,		4.536,		4.635,		43132,		0,		0,		0,		11286,		0,		0,		0,		64,		0,		0,		0,		260941,		204,		6.553,		
34.636387,		1.022245,		28,		0,		0,		nan,		119052228,		38.07,		38.94,		38.24,		5.452e-05,		inf,		-inf,		0,		0,		0,		0,		0,		0,		4.664,		4.786,		43132,		0,		0,		0,		11286,		0,		0,		0,		64,		0,		0,		0,		269620,		211,		6.863,		
35.657433,		1.020897,		28,		0,		0,		nan,		118970991,		38.05,		38.88,		38.23,		4.293e-05,		inf,		-inf,		0,		0,		0,		0,		0,		0,		4.799,		4.926,		43132,		0,		0,		0,		11286,		0,		0,		0,		72,		0,		0,		0,		278305,		216,		6.618,		
36.679890,		1.022326,		28,		0,		0,		nan,		119130240,		38.07,		39.04,		38.36,		8.453e-05,		inf,		-inf,		0,		0,		0,		0,		0,		0,		4.931,		5.088,		43132,		0,		0,		0,		11286,		0,		0,		0,		80,		0,		0,		0,		286882,		219,		7.353,		
37.701820,		1.021814,		28,		0,		0,		nan,		118964828,		38.07,		38.4,		38.18,		7.933e-06,		inf,		-inf,		0,		0,		0,		0,		0,		0,		5.057,		5.229,		43132,		0,		0,		0,		11286,		0,		0,		0,		80,		0,		0,		0,		295622,		219,		6.373,		
38.722797,		1.020855,		28,		0,		0,		nan,		119024348,		38.07,		38.45,		38.21,		1.022e-05,		inf,		-inf,		0,		0,		0,		0,		0,		0,		5.178,		5.372,		43132,		0,		0,		0,		11286,		0,		0,		0,		80,		0,		0,		0,		304358,		219,		6.618,		
39.745899,		1.022978,		28,		0,		0,		nan,		119136404,		38.09,		38.72,		38.28,		1.46e-05,		inf,		-inf,		0,		0,		0,		0,		0,		0,		5.318,		5.502,		43132,		0,		0,		0,		11286,		0,		0,		0,		80,		0,		0,		0,		313093,		222,		6.553,		
40.768608,		1.022577,		28,		0,		0,		nan,		118888110,		38.06,		38.43,		38.2,		9.574e-06,		inf,		-inf,		0,		0,		0,		0,		0,		0,		5.439,		5.647,		43132,		0,		0,		0,		11286,		0,		0,		0,		80,		0,		0,		0,		321853,		222,		6.373,		
41.790535,		1.021805,		28,		0,		0,		nan,		118936093,		38.09,		39,		38.4,		0.0001137,		inf,		-inf,		0,		0,		0,		0,		0,		0,		5.568,		5.81,		43132,		0,		0,		0,		11286,		0,		0,		0,		80,		0,		0,		0,		330430,		222,		7.108,		
42.813004,		1.022340,		28,		0,		0,		nan,		119023539,		38.11,		38.91,		38.25,		2.865e-05,		inf,		-inf,		0,		0,		0,		0,		0,		0,		5.703,		5.946,		43132,		0,		0,		0,		11286,		0,		0,		0,		88,		0,		0,		0,		339148,		223,		6.863,		
43.835583,		1.022460,		28,		0,		0,		nan,		118963260,		38.13,		38.82,		38.28,		3.051e-05,		inf,		-inf,		0,		0,		0,		0,		0,		0,		5.831,		6.091,		43132,		0,		0,		0,		11287,		0,		0,		0,		88,		0,		0,		0,		347860,		223,		6.796,		
44.858158,		1.022453,		28,		0,		0,		nan,		118949756,		38.09,		38.9,		38.33,		3.613e-05,		inf,		-inf,		0,		0,		0,		0,		0,		0,		5.962,		6.232,		43132,		0,		0,		0,		11287,		0,		0,		0,		88,		0,		0,		0,		356563,		224,		6.618,		
45.880997,		1.022706,		28,		0,		0,		nan,		118948690,		38.11,		38.94,		38.32,		5.601e-05,		inf,		-inf,		0,		0,		0,		0,		0,		0,		6.093,		6.377,		43132,		0,		0,		0,		11287,		0,		0,		0,		88,		0,		0,		0,		365261,		230,		6.618,		
46.903091,		1.021959,		28,		0,		0,		nan,		118919315,		38.89,		39.41,		39.14,		1.01e-05,		inf,		-inf,		0,		0,		0,		0,		0,		0,		6.222,		6.534,		43132,		0,		0,		0,		11287,		0,		0,		0,		88,		0,		0,		0,		374030,		234,		7.108,		
47.925442,		1.022217,		28,		0,		0,		nan,		119006848,		38.11,		39.42,		39.17,		5.023e-05,		inf,		-inf,		0,		0,		0,		0,		0,		0,		6.352,		6.693,		43132,		0,		0,		0,		11287,		0,		0,		0,		88,		0,		0,		0,		382813,		241,		7.039,		
48.947998,		1.022357,		28,		0,		0,		nan,		118960510,		38.1,		39.14,		38.26,		3.499e-05,		inf,		-inf,		0,		0,		0,		0,		0,		0,		6.475,		6.836,		43132,		0,		0,		0,		11287,		0,		0,		0,		96,		0,		0,		0,		391578,		245,		6.373,		
49.971256,		1.023066,		28,		0,		0,		nan,		118959618,		38.17,		39.35,		38.56,		0.0001619,		inf,		-inf,		0,		0,		0,		0,		0,		0,		6.598,		6.996,		43132,		0,		0,		0,		11287,		0,		0,		0,		96,		0,		0,		0,		400290,		247,		6.863,		
50.992825,		1.021337,		28,		0,		0,		nan,		118861370,		38.28,		39.44,		39.06,		5.583e-05,		inf,		-inf,		0,		0,		0,		0,		0,		0,		6.723,		7.174,		43132,		0,		0,		0,		11287,		0,		0,		0,		96,		0,		0,		0,		408890,		260,		7.598,		
52.049583,		1.056576,		29,		0,		0,		nan,		123182333,		38.16,		38.91,		38.31,		3.014e-05,		inf,		-inf,		0,		0,		0,		0,		0,		0,		6.879,		7.328,		43132,		0,		0,		0,		11287,		0,		0,		0,		96,		0,		0,		0,		417912,		264,		7.075,		
53.072178,		1.022384,		27,		0,		0,		nan,		115100321,		38.16,		38.97,		38.29,		3.545e-05,		inf,		-inf,		0,		0,		0,		0,		0,		0,		6.993,		7.483,		43132,		0,		0,		0,		11287,		0,		0,		0,		96,		0,		0,		0,		426642,		268,		6.863,		
54.095085,		1.022682,		28,		0,		0,		nan,		118943982,		38.15,		38.98,		38.35,		3.442e-05,		inf,		-inf,		0,		0,		0,		0,		0,		0,		7.112,		7.632,		43132,		0,		0,		0,		11287,		0,		0,		0,		104,		0,		0,		0,		435378,		270,		6.553,		
55.117016,		1.021711,		28,		0,		0,		nan,		118906677,		38.17,		39.06,		38.32,		4.547e-05,		inf,		-inf,		0,		0,		0,		0,		0,		0,		7.23,		7.781,		43132,		0,		0,		0,		11287,		0,		0,		0,		112,		0,		0,		0,		444100,		273,		6.373,		
56.139904,		1.022684,		28,		0,		0,		nan,		119032496,		38.12,		38.98,		38.34,		6.407e-05,		inf,		-inf,		0,		0,		0,		0,		0,		0,		7.361,		7.926,		43132,		0,		0,		0,		11287,		0,		0,		0,		112,		0,		0,		0,		452799,		275,		6.863,		
57.233013,		1.092906,		30,		0,		0,		nan,		127116119,		38.16,		39.1,		38.44,		7.156e-05,		inf,		-inf,		0,		0,		0,		0,		0,		0,		7.555,		8.098,		43132,		0,		0,		0,		11287,		0,		0,		0,		112,		0,		0,		0,		462056,		283,		8.257,		
58.290859,		1.057639,		27,		0,		0,		nan,		115109442,		38.22,		39.29,		38.42,		6.701e-05,		inf,		-inf,		0,		0,		0,		0,		0,		0,		7.704,		8.264,		43132,		0,		0,		0,		11287,		0,		0,		0,		112,		0,		0,		0,		471066,		295,		7.547,		
59.313747,		1.022677,		27,		0,		0,		nan,		114984185,		38.2,		38.96,		38.36,		1.87e-05,		inf,		-inf,		0,		0,		0,		0,		0,		0,		7.827,		8.408,		43132,		0,		0,		0,		11288,		0,		0,		0,		112,		0,		0,		0,		479815,		298,		6.311,		
60.335873,		1.021942,		28,		0,		0,		nan,		118918099,		38.19,		39.14,		38.42,		5.771e-05,		inf,		-inf,		0,		0,		0,		0,		0,		0,		7.946,		8.561,		43132,		0,		0,		0,		11288,		0,		0,		0,		112,		0,		0,		0,		488503,		303,		6.863,		
61.358669,		1.022587,		28,		0,		0,		nan,		118996536,		38.21,		38.97,		38.36,		2.111e-05,		inf,		-inf,		0,		0,		0,		0,		0,		0,		8.07,		8.704,		43132,		0,		0,		0,		11288,		0,		0,		0,		120,		0,		0,		0,		497248,		306,		6.373,		
62.451752,		1.092889,		30,		0,		0,		nan,		127131490,		38.19,		39.05,		38.37,		2.533e-05,		inf,		-inf,		0,		0,		0,		0,		0,		0,		8.258,		8.868,		43132,		0,		0,		0,		11288,		0,		0,		0,		120,		0,		0,		0,		506595,		316,		8.028,		
63.481602,		1.029657,		13,		0,		0,		nan,		57557013,		38.23,		38.48,		38.37,		5.565e-06,		inf,		-inf,		0,		0,		0,		0,		0,		0,		8.341,		8.941,		43132,		0,		0,		0,		11290,		0,		0,		0,		120,		0,		0,		0,		511144,		322,		4.126,		
64.482506,		1.000781,		0,		0,		0,		nan,		0,		inf,		-inf,		0,		nan,		inf,		-inf,		0,		0,		0,		0,		0,		0,		8.342,		8.941,		43132,		0,		0,		0,		11290,		0,		0,		0,		120,		0,		0,		0,		511159,		322,		0,		
65.483192,		1.000562,		0,		0,		0,		nan,		0,		inf,		-inf,		0,		nan,		inf,		-inf,		0,		0,		0,		0,		0,		0,		8.343,		8.942,		43132,		0,		0,		0,		11290,		0,		0,		0,		120,		0,		0,		0,		511171,		322,		0,		
66.483887,		1.000563,		0,		0,		0,		nan,		0,		inf,		-inf,		0,		nan,		inf,		-inf,		0,		0,		0,		0,		0,		0,		8.343,		8.942,		43132,		0,		0,		0,		11290,		0,		0,		0,		120,		0,		0,		0,		511182,		322,		0,		
67.484604,		1.000625,		0,		0,		0,		nan,		0,		inf,		-inf,		0,		nan,		inf,		-inf,		0,		0,		0,		0,		0,		0,		8.344,		8.942,		43132,		0,		0,		0,		11290,		0,		0,		0,		128,		0,		0,		0,		511193,		322,		0,		
68.485291,		1.000540,		0,		0,		0,		nan,		0,		inf,		-inf,		0,		nan,		inf,		-inf,		0,		0,		0,		0,		0,		0,		8.345,		8.942,		43132,		0,		0,		0,		11290,		0,		0,		0,		128,		0,		0,		0,		511204,		322,		0,		
Maximum runtime reached. Exiting.
