Experiment id: 79ec739c-5135-4f24-94a9-85d4d8115be0
Performance Test Version: 5b1035d-dirty
Logfile name: 
Communication mean: ROS2
RMW Implementation: rmw_cyclonedds_cpp
DDS domain id: 61
QOS: Reliability: BEST_EFFORT Durability: VOLATILE History kind: KEEP_LAST History depth: 5 Sync. pub/sub: 0
Publishing rate: 1000
Topic name: Array4m
Maximum runtime (sec): 68
Number of publishers: 0
Number of subscribers: 1
Memory check enabled: 0
Use single participant: 0
With security: 0
Roundtrip Mode: NONE
Ignore seconds from beginning: 0

---EXPERIMENT-START---
T_experiment,	T_loop,	received,	sent,	lost,	relative_loss,	data_received,	latency_min (ms),	latency_max (ms),	latency_mean (ms),	latency_variance (ms),	pub_loop_res_min (ms),	pub_loop_res_max (ms),	pub_loop_res_mean (ms),	pub_loop_res_variance (ms),	sub_loop_res_min (ms),	sub_loop_res_max (ms),	sub_loop_res_mean (ms),	sub_loop_res_variance (ms),	ru_utime,	ru_stime,	ru_maxrss,	ru_ixrss,	ru_idrss,	ru_isrss,	ru_minflt,	ru_majflt,	ru_nswap,	ru_inblock,	ru_oublock,	ru_msgsnd,	ru_msgrcv,	ru_nsignals,	ru_nvcsw,	ru_nivcsw,	cpu_usage (%),	
1.006493,		1.006492,		0,		0,		0,		nan,		0,		inf,		-inf,		0,		nan,		inf,		-inf,		0,		0,		0,		0,		0,		0,		0.02665,		0.02255,		24448,		0,		0,		0,		3473,		0,		0,		0,		16,		0,		0,		0,		103,		12,		0.4902,		
2.007146,		1.000487,		0,		0,		0,		nan,		0,		inf,		-inf,		0,		nan,		inf,		-inf,		0,		0,		0,		0,		0,		0,		0.02732,		0.02255,		24448,		0,		0,		0,		3473,		0,		0,		0,		16,		0,		0,		0,		114,		12,		0,		
3.007889,		1.000687,		0,		0,		0,		nan,		0,		inf,		-inf,		0,		nan,		inf,		-inf,		0,		0,		0,		0,		0,		0,		0.03108,		0.03108,		29184,		0,		0,		0,		4624,		0,		0,		0,		16,		0,		0,		0,		477,		12,		0.5,		
4.039799,		1.031709,		27,		0,		1,		inf,		117336702,		39.36,		51.49,		40.51,		0.007139,		inf,		-inf,		0,		0,		0,		0,		0,		0,		0.1683,		0.1969,		43300,		0,		0,		0,		11281,		0,		0,		0,		16,		0,		0,		0,		9195,		16,		6.971,		
5.061789,		1.021856,		27,		0,		0,		nan,		113816626,		39.35,		40.65,		39.67,		0.0001097,		inf,		-inf,		0,		0,		0,		0,		0,		0,		0.3014,		0.3471,		43300,		0,		0,		0,		11281,		0,		0,		0,		16,		0,		0,		0,		17849,		26,		7.108,		
6.083076,		1.021155,		28,		0,		0,		nan,		119018498,		39.42,		40.66,		40.02,		0.0001645,		inf,		-inf,		0,		0,		0,		0,		0,		0,		0.4459,		0.503,		43300,		0,		0,		0,		11281,		0,		0,		0,		16,		0,		0,		0,		26400,		30,		7.353,		
7.104594,		1.021383,		28,		0,		0,		nan,		119099467,		39.43,		40.22,		39.6,		3.167e-05,		inf,		-inf,		0,		0,		0,		0,		0,		0,		0.5795,		0.6415,		43300,		0,		0,		0,		11281,		0,		0,		0,		24,		0,		0,		0,		35112,		30,		6.618,		
8.127272,		1.022550,		28,		0,		0,		nan,		119078894,		39.41,		39.71,		39.56,		5.982e-06,		inf,		-inf,		0,		0,		0,		0,		0,		0,		0.7107,		0.7799,		43300,		0,		0,		0,		11282,		0,		0,		0,		24,		0,		0,		0,		43870,		30,		6.618,		
9.150271,		1.022869,		28,		0,		0,		nan,		118932857,		39.42,		40.24,		39.67,		6.367e-05,		inf,		-inf,		0,		0,		0,		0,		0,		0,		0.8492,		0.9291,		43300,		0,		0,		0,		11282,		0,		0,		0,		24,		0,		0,		0,		52497,		36,		6.796,		
10.172618,		1.022217,		28,		0,		0,		nan,		118900619,		39.43,		40.3,		39.77,		7.406e-05,		inf,		-inf,		0,		0,		0,		0,		0,		0,		0.9763,		1.096,		43300,		0,		0,		0,		11282,		0,		0,		0,		24,		0,		0,		0,		61080,		38,		7.353,		
11.195791,		1.023038,		28,		0,		0,		nan,		118975977,		39.41,		40.3,		39.81,		9.488e-05,		inf,		-inf,		0,		0,		0,		0,		0,		0,		1.114,		1.265,		43300,		0,		0,		0,		11283,		0,		0,		0,		24,		0,		0,		0,		69594,		49,		7.598,		
12.217608,		1.021692,		28,		0,		0,		nan,		118880906,		39.43,		40.11,		39.65,		2.179e-05,		inf,		-inf,		0,		0,		0,		0,		0,		0,		1.252,		1.4,		43300,		0,		0,		0,		11283,		0,		0,		0,		24,		0,		0,		0,		78306,		52,		6.618,		
13.242865,		1.025114,		28,		0,		0,		nan,		119036348,		39.41,		39.71,		39.54,		5.794e-06,		inf,		-inf,		0,		0,		0,		0,		0,		0,		1.373,		1.55,		43300,		0,		0,		0,		11283,		0,		0,		0,		32,		0,		0,		0,		87098,		56,		6.553,		
14.266385,		1.023395,		28,		0,		0,		nan,		118641400,		39.44,		40.19,		39.58,		3.04e-05,		inf,		-inf,		0,		0,		0,		0,		0,		0,		1.498,		1.699,		43300,		0,		0,		0,		11283,		0,		0,		0,		32,		0,		0,		0,		95831,		61,		6.618,		
15.289559,		1.020684,		28,		0,		0,		nan,		118562659,		39.46,		40.4,		39.84,		0.0001038,		inf,		-inf,		0,		0,		0,		0,		0,		0,		1.628,		1.869,		43300,		0,		0,		0,		11283,		0,		0,		0,		40,		0,		0,		0,		104385,		69,		7.282,		
16.312912,		1.023220,		28,		0,		0,		nan,		119159083,		39.44,		40.21,		39.61,		3.46e-05,		inf,		-inf,		0,		0,		0,		0,		0,		0,		1.761,		2.011,		43300,		0,		0,		0,		11283,		0,		0,		0,		40,		0,		0,		0,		113105,		73,		7.108,		
17.335861,		1.022830,		28,		0,		0,		nan,		118859432,		39.44,		40.39,		39.68,		5.028e-05,		inf,		-inf,		0,		0,		0,		0,		0,		0,		1.897,		2.151,		43300,		0,		0,		0,		11283,		0,		0,		0,		40,		0,		0,		0,		121804,		76,		6.618,		
18.357889,		1.021898,		28,		0,		0,		nan,		118905913,		39.47,		40.18,		39.63,		3.112e-05,		inf,		-inf,		0,		0,		0,		0,		0,		0,		2.017,		2.306,		43300,		0,		0,		0,		11283,		0,		0,		0,		40,		0,		0,		0,		130504,		80,		6.618,		
19.382069,		1.024055,		28,		0,		0,		nan,		119014226,		39.38,		40.37,		39.62,		4.951e-05,		inf,		-inf,		0,		0,		0,		0,		0,		0,		2.14,		2.457,		43300,		0,		0,		0,		11283,		0,		0,		0,		48,		0,		0,		0,		139251,		83,		6.553,		
20.404678,		1.022465,		28,		0,		0,		nan,		118761113,		39.45,		39.77,		39.6,		7.532e-06,		inf,		-inf,		0,		0,		0,		0,		0,		0,		2.263,		2.602,		43300,		0,		0,		0,		11283,		0,		0,		0,		48,		0,		0,		0,		148014,		86,		6.863,		
21.427572,		1.022760,		28,		0,		0,		nan,		118947643,		39.46,		39.75,		39.55,		5.951e-06,		inf,		-inf,		0,		0,		0,		0,		0,		0,		2.387,		2.746,		43300,		0,		0,		0,		11283,		0,		0,		0,		48,		0,		0,		0,		156778,		90,		6.373,		
22.450594,		1.022899,		28,		0,		0,		nan,		118915854,		39.51,		40.34,		39.76,		4.362e-05,		inf,		-inf,		0,		0,		0,		0,		0,		0,		2.524,		2.891,		43300,		0,		0,		0,		11283,		0,		0,		0,		48,		0,		0,		0,		165446,		92,		7.039,		
23.471804,		1.021075,		28,		0,		0,		nan,		118893892,		39.51,		40.31,		39.75,		4.772e-05,		inf,		-inf,		0,		0,		0,		0,		0,		0,		2.651,		3.044,		43300,		0,		0,		0,		11283,		0,		0,		0,		48,		0,		0,		0,		174112,		93,		6.863,		
24.494680,		1.022744,		28,		0,		0,		nan,		119110253,		39.48,		40.19,		39.68,		3.259e-05,		inf,		-inf,		0,		0,		0,		0,		0,		0,		2.789,		3.186,		43300,		0,		0,		0,		11283,		0,		0,		0,		48,		0,		0,		0,		182812,		99,		6.618,		
25.518175,		1.021446,		28,		0,		0,		nan,		118692127,		39.5,		40.17,		39.65,		3.215e-05,		inf,		-inf,		0,		0,		0,		0,		0,		0,		2.916,		3.334,		43300,		0,		0,		0,		11283,		0,		0,		0,		56,		0,		0,		0,		191526,		101,		6.863,		
26.540255,		1.021958,		28,		0,		0,		nan,		119067555,		39.49,		40.31,		39.74,		5.405e-05,		inf,		-inf,		0,		0,		0,		0,		0,		0,		3.048,		3.48,		43300,		0,		0,		0,		11283,		0,		0,		0,		56,		0,		0,		0,		200217,		101,		6.553,		
27.564161,		1.023787,		28,		0,		0,		nan,		119008511,		39.51,		40.38,		39.72,		4.843e-05,		inf,		-inf,		0,		0,		0,		0,		0,		0,		3.189,		3.618,		43300,		0,		0,		0,		11284,		0,		0,		0,		56,		0,		0,		0,		208935,		109,		6.863,		
28.585398,		1.021116,		28,		0,		0,		nan,		118794673,		39.53,		40.32,		39.72,		4.304e-05,		inf,		-inf,		0,		0,		0,		0,		0,		0,		3.312,		3.77,		43300,		0,		0,		0,		11284,		0,		0,		0,		56,		0,		0,		0,		217622,		110,		6.863,		
29.609270,		1.023754,		28,		0,		0,		nan,		119105725,		39.54,		40.25,		39.75,		3.333e-05,		inf,		-inf,		0,		0,		0,		0,		0,		0,		3.441,		3.921,		43300,		0,		0,		0,		11284,		0,		0,		0,		56,		0,		0,		0,		226314,		116,		7.039,		
30.631342,		1.021941,		28,		0,		0,		nan,		118798302,		39.49,		40.24,		39.68,		2.249e-05,		inf,		-inf,		0,		0,		0,		0,		0,		0,		3.561,		4.071,		43300,		0,		0,		0,		11284,		0,		0,		0,		56,		0,		0,		0,		235053,		117,		6.618,		
31.654648,		1.023170,		28,		0,		0,		nan,		119008069,		39.5,		40.24,		39.67,		1.88e-05,		inf,		-inf,		0,		0,		0,		0,		0,		0,		3.687,		4.218,		43300,		0,		0,		0,		11284,		0,		0,		0,		64,		0,		0,		0,		243794,		120,		6.373,		
32.677902,		1.023120,		28,		0,		0,		nan,		118865193,		39.56,		40.35,		39.76,		5.656e-05,		inf,		-inf,		0,		0,		0,		0,		0,		0,		3.818,		4.367,		43300,		0,		0,		0,		11284,		0,		0,		0,		64,		0,		0,		0,		252490,		124,		6.863,		
33.698769,		1.020717,		28,		0,		0,		nan,		118869361,		39.55,		40.24,		39.71,		2.602e-05,		inf,		-inf,		0,		0,		0,		0,		0,		0,		3.94,		4.522,		43300,		0,		0,		0,		11284,		0,		0,		0,		64,		0,		0,		0,		261193,		127,		6.796,		
34.722137,		1.023215,		28,		0,		0,		nan,		119148061,		39.56,		40.09,		39.68,		1.194e-05,		inf,		-inf,		0,		0,		0,		0,		0,		0,		4.071,		4.661,		43300,		0,		0,		0,		11284,		0,		0,		0,		72,		0,		0,		0,		269945,		130,		6.863,		
35.744812,		1.022554,		28,		0,		0,		nan,		118861561,		39.56,		40.33,		39.73,		3.793e-05,		inf,		-inf,		0,		0,		0,		0,		0,		0,		4.207,		4.802,		43300,		0,		0,		0,		11284,		0,		0,		0,		72,		0,		0,		0,		278647,		137,		6.618,		
36.767162,		1.022215,		28,		0,		0,		nan,		118936726,		39.58,		40.42,		39.84,		8.627e-05,		inf,		-inf,		0,		0,		0,		0,		0,		0,		4.348,		4.95,		43300,		0,		0,		0,		11284,		0,		0,		0,		72,		0,		0,		0,		287258,		139,		6.863,		
37.790890,		1.023603,		28,		0,		0,		nan,		118977938,		39.53,		40.34,		39.86,		7.733e-05,		inf,		-inf,		0,		0,		0,		0,		0,		0,		4.479,		5.113,		43300,		0,		0,		0,		11284,		0,		0,		0,		80,		0,		0,		0,		295861,		146,		7.282,		
38.813015,		1.022012,		28,		0,		0,		nan,		118816647,		39.55,		40.49,		39.76,		4.24e-05,		inf,		-inf,		0,		0,		0,		0,		0,		0,		4.6,		5.265,		43300,		0,		0,		0,		11284,		0,		0,		0,		80,		0,		0,		0,		304574,		146,		6.618,		
39.835876,		1.022746,		28,		0,		0,		nan,		119002643,		39.57,		40.44,		39.86,		7.812e-05,		inf,		-inf,		0,		0,		0,		0,		0,		0,		4.733,		5.419,		43300,		0,		0,		0,		11284,		0,		0,		0,		80,		0,		0,		0,		313207,		151,		7.108,		
40.857960,		1.021967,		28,		0,		0,		nan,		118915557,		39.56,		39.92,		39.7,		5.665e-06,		inf,		-inf,		0,		0,		0,		0,		0,		0,		4.875,		5.546,		43300,		0,		0,		0,		11284,		0,		0,		0,		80,		0,		0,		0,		321962,		151,		6.618,		
41.881138,		1.023051,		28,		0,		0,		nan,		119007108,		39.58,		40.57,		39.88,		8.502e-05,		inf,		-inf,		0,		0,		0,		0,		0,		0,		5.008,		5.702,		43300,		0,		0,		0,		11284,		0,		0,		0,		80,		0,		0,		0,		330599,		156,		7.039,		
42.903950,		1.022694,		28,		0,		0,		nan,		118880647,		39.62,		40.38,		39.78,		4.894e-05,		inf,		-inf,		0,		0,		0,		0,		0,		0,		5.133,		5.856,		43300,		0,		0,		0,		11284,		0,		0,		0,		80,		0,		0,		0,		339276,		156,		6.863,		
43.924713,		1.020644,		28,		0,		0,		nan,		118922455,		39.6,		40.55,		39.85,		7.87e-05,		inf,		-inf,		0,		0,		0,		0,		0,		0,		5.258,		6.013,		43300,		0,		0,		0,		11285,		0,		0,		0,		88,		0,		0,		0,		347920,		162,		6.863,		
44.947136,		1.022296,		28,		0,		0,		nan,		119160004,		39.6,		39.89,		39.68,		5.189e-06,		inf,		-inf,		0,		0,		0,		0,		0,		0,		5.389,		6.148,		43300,		0,		0,		0,		11285,		0,		0,		0,		88,		0,		0,		0,		356677,		165,		6.373,		
45.970493,		1.023244,		28,		0,		0,		nan,		118968664,		39.65,		40.24,		39.81,		2.349e-05,		inf,		-inf,		0,		0,		0,		0,		0,		0,		5.532,		6.285,		43300,		0,		0,		0,		11285,		0,		0,		0,		88,		0,		0,		0,		365393,		165,		7.039,		
46.993542,		1.022925,		28,		0,		0,		nan,		118858622,		39.61,		40.29,		39.74,		2.627e-05,		inf,		-inf,		0,		0,		0,		0,		0,		0,		5.656,		6.434,		43300,		0,		0,		0,		11285,		0,		0,		0,		88,		0,		0,		0,		374122,		168,		6.618,		
48.015564,		1.021888,		28,		0,		0,		nan,		118893174,		39.62,		40.6,		39.81,		5.245e-05,		inf,		-inf,		0,		0,		0,		0,		0,		0,		5.782,		6.585,		43300,		0,		0,		0,		11285,		0,		0,		0,		88,		0,		0,		0,		382821,		168,		6.863,		
49.038597,		1.022912,		28,		0,		0,		nan,		119015886,		39.63,		40.53,		39.95,		8.891e-05,		inf,		-inf,		0,		0,		0,		0,		0,		0,		5.907,		6.751,		43300,		0,		0,		0,		11285,		0,		0,		0,		88,		0,		0,		0,		391449,		173,		7.108,		
50.060440,		1.021725,		28,		0,		0,		nan,		118897715,		39.63,		40.54,		39.93,		6.467e-05,		inf,		-inf,		0,		0,		0,		0,		0,		0,		6.035,		6.906,		43300,		0,		0,		0,		11285,		0,		0,		0,		96,		0,		0,		0,		400102,		175,		6.796,		
51.083099,		1.022534,		28,		0,		0,		nan,		119034365,		39.65,		40.49,		39.76,		2.154e-05,		inf,		-inf,		0,		0,		0,		0,		0,		0,		6.163,		7.05,		43300,		0,		0,		0,		11285,		0,		0,		0,		96,		0,		0,		0,		408848,		179,		6.618,		
52.105682,		1.022455,		28,		0,		0,		nan,		118939285,		39.65,		39.9,		39.76,		3.991e-06,		inf,		-inf,		0,		0,		0,		0,		0,		0,		6.285,		7.197,		43300,		0,		0,		0,		11285,		0,		0,		0,		96,		0,		0,		0,		417602,		182,		6.618,		
53.127151,		1.021308,		28,		0,		0,		nan,		118945956,		39.7,		40.52,		39.81,		2.332e-05,		inf,		-inf,		0,		0,		0,		0,		0,		0,		6.404,		7.347,		43300,		0,		0,		0,		11285,		0,		0,		0,		104,		0,		0,		0,		426327,		183,		6.618,		
54.149796,		1.022517,		28,		0,		0,		nan,		119082224,		39.66,		40.49,		39.86,		2.172e-05,		inf,		-inf,		0,		0,		0,		0,		0,		0,		6.529,		7.493,		43300,		0,		0,		0,		11285,		0,		0,		0,		104,		0,		0,		0,		435067,		188,		6.553,		
55.172783,		1.022860,		28,		0,		0,		nan,		118941779,		39.69,		40.49,		39.92,		4.859e-05,		inf,		-inf,		0,		0,		0,		0,		0,		0,		6.653,		7.651,		43300,		0,		0,		0,		11285,		0,		0,		0,		104,		0,		0,		0,		443737,		192,		7.108,		
56.194649,		1.021728,		28,		0,		0,		nan,		118900469,		39.69,		40.46,		39.9,		5.101e-05,		inf,		-inf,		0,		0,		0,		0,		0,		0,		6.782,		7.803,		43300,		0,		0,		0,		11285,		0,		0,		0,		112,		0,		0,		0,		452396,		193,		6.863,		
57.216236,		1.021454,		28,		0,		0,		nan,		119033513,		39.66,		40.37,		39.85,		2.685e-05,		inf,		-inf,		0,		0,		0,		0,		0,		0,		6.899,		7.958,		43300,		0,		0,		0,		11285,		0,		0,		0,		112,		0,		0,		0,		461108,		201,		6.373,		
58.238300,		1.021948,		28,		0,		0,		nan,		119067040,		39.69,		40.55,		39.89,		5.506e-05,		inf,		-inf,		0,		0,		0,		0,		0,		0,		7.03,		8.107,		43300,		0,		0,		0,		11285,		0,		0,		0,		112,		0,		0,		0,		469782,		206,		6.863,		
59.260616,		1.022202,		28,		0,		0,		nan,		119009392,		39.69,		39.99,		39.81,		6.141e-06,		inf,		-inf,		0,		0,		0,		0,		0,		0,		7.162,		8.243,		43300,		0,		0,		0,		11286,		0,		0,		0,		112,		0,		0,		0,		478541,		209,		6.796,		
60.283035,		1.022279,		28,		0,		0,		nan,		118976972,		39.68,		40.45,		39.81,		2.121e-05,		inf,		-inf,		0,		0,		0,		0,		0,		0,		7.293,		8.382,		43300,		0,		0,		0,		11286,		0,		0,		0,		112,		0,		0,		0,		487280,		209,		6.618,		
61.305370,		1.022210,		28,		0,		0,		nan,		118970759,		39.69,		40.44,		39.85,		3.426e-05,		inf,		-inf,		0,		0,		0,		0,		0,		0,		7.427,		8.524,		43300,		0,		0,		0,		11286,		0,		0,		0,		112,		0,		0,		0,		495982,		211,		6.618,		
62.327312,		1.021811,		28,		0,		0,		nan,		118976687,		39.65,		40.33,		39.83,		1.589e-05,		inf,		-inf,		0,		0,		0,		0,		0,		0,		7.551,		8.669,		43300,		0,		0,		0,		11286,		0,		0,		0,		120,		0,		0,		0,		504720,		211,		6.618,		
63.398193,		1.070767,		18,		0,		0,		nan,		77982188,		39.7,		40.32,		39.87,		2.147e-05,		inf,		-inf,		0,		0,		0,		0,		0,		0,		7.694,		8.763,		43300,		0,		0,		0,		11288,		0,		0,		0,		120,		0,		0,		0,		510480,		223,		5.607,		
64.399055,		1.000741,		0,		0,		0,		nan,		0,		inf,		-inf,		0,		nan,		inf,		-inf,		0,		0,		0,		0,		0,		0,		7.695,		8.764,		43300,		0,		0,		0,		11288,		0,		0,		0,		120,		0,		0,		0,		510495,		223,		0,		
65.399780,		1.000605,		0,		0,		0,		nan,		0,		inf,		-inf,		0,		nan,		inf,		-inf,		0,		0,		0,		0,		0,		0,		7.696,		8.764,		43300,		0,		0,		0,		11288,		0,		0,		0,		120,		0,		0,		0,		510507,		223,		0,		
66.400444,		1.000516,		0,		0,		0,		nan,		0,		inf,		-inf,		0,		nan,		inf,		-inf,		0,		0,		0,		0,		0,		0,		7.696,		8.764,		43300,		0,		0,		0,		11288,		0,		0,		0,		120,		0,		0,		0,		510518,		223,		0,		
67.401070,		1.000501,		0,		0,		0,		nan,		0,		inf,		-inf,		0,		nan,		inf,		-inf,		0,		0,		0,		0,		0,		0,		7.697,		8.764,		43300,		0,		0,		0,		11288,		0,		0,		0,		120,		0,		0,		0,		510529,		223,		0,		
68.401711,		1.000552,		0,		0,		0,		nan,		0,		inf,		-inf,		0,		nan,		inf,		-inf,		0,		0,		0,		0,		0,		0,		7.698,		8.764,		43300,		0,		0,		0,		11288,		0,		0,		0,		128,		0,		0,		0,		510540,		223,		0,		
Maximum runtime reached. Exiting.
