Experiment id: 73fa6d3b-c505-465d-be4b-3e180ede1b79
Performance Test Version: 5b1035d-dirty
Logfile name: 
Communication mean: ROS2
RMW Implementation: rmw_cyclonedds_cpp
DDS domain id: 61
QOS: Reliability: BEST_EFFORT Durability: VOLATILE History kind: KEEP_LAST History depth: 5 Sync. pub/sub: 0
Publishing rate: 30
Topic name: Array4m
Maximum runtime (sec): 60
Number of publishers: 1
Number of subscribers: 0
Memory check enabled: 0
Use single participant: 0
With security: 0
Roundtrip Mode: NONE
Ignore seconds from beginning: 0

---EXPERIMENT-START---
T_experiment,	T_loop,	received,	sent,	lost,	relative_loss,	data_received,	latency_min (ms),	latency_max (ms),	latency_mean (ms),	latency_variance (ms),	pub_loop_res_min (ms),	pub_loop_res_max (ms),	pub_loop_res_mean (ms),	pub_loop_res_variance (ms),	sub_loop_res_min (ms),	sub_loop_res_max (ms),	sub_loop_res_mean (ms),	sub_loop_res_variance (ms),	ru_utime,	ru_stime,	ru_maxrss,	ru_ixrss,	ru_idrss,	ru_isrss,	ru_minflt,	ru_majflt,	ru_nswap,	ru_inblock,	ru_oublock,	ru_msgsnd,	ru_msgrcv,	ru_nsignals,	ru_nvcsw,	ru_nivcsw,	cpu_usage (%),	
1.000082,		1.000080,		0,		27,		0,		0.00,		0,		inf,		-inf,		0,		0,		-96.78,		-7.943,		-69.31,		0.3787,		inf,		-inf,		0,		0,		0.04167,		0.4906,		28484,		0,		0,		0,		5538,		1,		0,		0,		16,		0,		0,		0,		1052,		28,		12.75,		
2.000372,		1.000087,		0,		28,		0,		0.00,		0,		inf,		-inf,		0,		0,		-152.3,		-98.43,		-125.6,		0.2608,		inf,		-inf,		0,		0,		0.06693,		0.9261,		28484,		0,		0,		0,		5538,		1,		0,		0,		16,		0,		0,		0,		2060,		32,		11.25,		
3.000617,		1.000067,		0,		27,		0,		0.00,		0,		inf,		-inf,		0,		0,		-207,		-154.2,		-180.8,		0.2492,		inf,		-inf,		0,		0,		0.09856,		1.357,		28484,		0,		0,		0,		5538,		1,		0,		0,		16,		0,		0,		0,		3065,		39,		11.5,		
4.000831,		1.000071,		0,		28,		0,		0.00,		0,		inf,		-inf,		0,		0,		-262.4,		-209.1,		-235.6,		0.2508,		inf,		-inf,		0,		0,		0.1308,		1.787,		28484,		0,		0,		0,		5538,		1,		0,		0,		16,		0,		0,		0,		4075,		45,		11.75,		
5.002281,		1.000083,		0,		27,		0,		0.00,		0,		inf,		-inf,		0,		0,		-315,		-264.1,		-289.5,		0.232,		inf,		-inf,		0,		0,		0.1595,		2.211,		28484,		0,		0,		0,		5538,		1,		0,		0,		16,		0,		0,		0,		5106,		51,		11.25,		
6.002491,		1.000067,		0,		27,		0,		0.00,		0,		inf,		-inf,		0,		0,		-369,		-316.9,		-342.7,		0.2455,		inf,		-inf,		0,		0,		0.1872,		2.638,		28484,		0,		0,		0,		5539,		1,		0,		0,		16,		0,		0,		0,		6134,		56,		11.25,		
7.002695,		1.000071,		0,		28,		0,		0.00,		0,		inf,		-inf,		0,		0,		-424,		-370.6,		-397.3,		0.2544,		inf,		-inf,		0,		0,		0.2176,		3.074,		28484,		0,		0,		0,		5539,		1,		0,		0,		24,		0,		0,		0,		7127,		61,		11.75,		
8.002907,		1.000067,		0,		27,		0,		0.00,		0,		inf,		-inf,		0,		0,		-478.2,		-425.9,		-451.7,		0.2487,		inf,		-inf,		0,		0,		0.2485,		3.496,		28484,		0,		0,		0,		5540,		1,		0,		0,		24,		0,		0,		0,		8156,		67,		11.25,		
9.003123,		1.000078,		0,		28,		0,		0.00,		0,		inf,		-inf,		0,		0,		-533.2,		-480.1,		-506.6,		0.2516,		inf,		-inf,		0,		0,		0.2741,		3.923,		28484,		0,		0,		0,		5540,		1,		0,		0,		24,		0,		0,		0,		9186,		73,		11.5,		
10.003519,		1.000067,		0,		27,		0,		0.00,		0,		inf,		-inf,		0,		0,		-586,		-535.3,		-560.7,		0.2329,		inf,		-inf,		0,		0,		0.301,		4.352,		28484,		0,		0,		0,		5540,		1,		0,		0,		24,		0,		0,		0,		10206,		81,		11.5,		
11.003726,		1.000067,		0,		27,		0,		0.00,		0,		inf,		-inf,		0,		0,		-640.5,		-588,		-614.4,		0.2455,		inf,		-inf,		0,		0,		0.3321,		4.785,		28484,		0,		0,		0,		5540,		1,		0,		0,		24,		0,		0,		0,		11201,		89,		11.5,		
12.003942,		1.000071,		0,		28,		0,		0.00,		0,		inf,		-inf,		0,		0,		-696.7,		-642.3,		-669.2,		0.2607,		inf,		-inf,		0,		0,		0.358,		5.214,		28484,		0,		0,		0,		5540,		1,		0,		0,		24,		0,		0,		0,		12210,		94,		11.25,		
13.004159,		1.000068,		0,		27,		0,		0.00,		0,		inf,		-inf,		0,		0,		-749.4,		-698.4,		-724.1,		0.231,		inf,		-inf,		0,		0,		0.3803,		5.646,		28484,		0,		0,		0,		5540,		1,		0,		0,		32,		0,		0,		0,		13231,		99,		11.5,		
14.004375,		1.000073,		0,		27,		0,		0.00,		0,		inf,		-inf,		0,		0,		-803.2,		-751.1,		-777,		0.2422,		inf,		-inf,		0,		0,		0.4063,		6.072,		28484,		0,		0,		0,		5540,		1,		0,		0,		32,		0,		0,		0,		14264,		107,		11.25,		
15.004607,		1.000070,		0,		28,		0,		0.00,		0,		inf,		-inf,		0,		0,		-858.3,		-804.9,		-831.5,		0.2537,		inf,		-inf,		0,		0,		0.4339,		6.499,		28484,		0,		0,		0,		5540,		1,		0,		0,		40,		0,		0,		0,		15283,		115,		11.25,		
16.004824,		1.000068,		0,		27,		0,		0.00,		0,		inf,		-inf,		0,		0,		-910.6,		-860.1,		-885.4,		0.2271,		inf,		-inf,		0,		0,		0.4656,		6.922,		28484,		0,		0,		0,		5540,		1,		0,		0,		40,		0,		0,		0,		16311,		123,		11.5,		
17.005039,		1.000067,		0,		28,		0,		0.00,		0,		inf,		-inf,		0,		0,		-966.4,		-912.7,		-939.5,		0.2587,		inf,		-inf,		0,		0,		0.4943,		7.347,		28484,		0,		0,		0,		5540,		1,		0,		0,		40,		0,		0,		0,		17331,		131,		11.25,		
18.005251,		1.000065,		0,		27,		0,		0.00,		0,		inf,		-inf,		0,		0,		-1021,		-968,		-994.6,		0.2505,		inf,		-inf,		0,		0,		0.5296,		7.794,		28484,		0,		0,		0,		5540,		1,		0,		0,		40,		0,		0,		0,		18299,		135,		12,		
19.005465,		1.000067,		0,		27,		0,		0.00,		0,		inf,		-inf,		0,		0,		-1076,		-1023,		-1049,		0.2454,		inf,		-inf,		0,		0,		0.5634,		8.235,		28484,		0,		0,		0,		5540,		1,		0,		0,		48,		0,		0,		0,		19274,		154,		12,		
20.005669,		1.000066,		0,		28,		0,		0.00,		0,		inf,		-inf,		0,		0,		-1131,		-1078,		-1104,		0.2542,		inf,		-inf,		0,		0,		0.6002,		8.658,		28484,		0,		0,		0,		5540,		1,		0,		0,		48,		0,		0,		0,		20291,		161,		11.5,		
21.005877,		1.000071,		0,		27,		0,		0.00,		0,		inf,		-inf,		0,		0,		-1183,		-1133,		-1158,		0.2298,		inf,		-inf,		0,		0,		0.6263,		9.086,		28484,		0,		0,		0,		5540,		1,		0,		0,		48,		0,		0,		0,		21308,		167,		11.25,		
22.006102,		1.000070,		0,		27,		0,		0.00,		0,		inf,		-inf,		0,		0,		-1237,		-1185,		-1211,		0.2482,		inf,		-inf,		0,		0,		0.6568,		9.511,		28484,		0,		0,		0,		5541,		1,		0,		0,		48,		0,		0,		0,		22327,		177,		11.5,		
23.006313,		1.000067,		0,		28,		0,		0.00,		0,		inf,		-inf,		0,		0,		-1294,		-1239,		-1267,		0.2693,		inf,		-inf,		0,		0,		0.6952,		9.957,		28484,		0,		0,		0,		5541,		1,		0,		0,		48,		0,		0,		0,		23282,		185,		12,		
24.006516,		1.000064,		0,		27,		0,		0.00,		0,		inf,		-inf,		0,		0,		-1348,		-1296,		-1322,		0.2402,		inf,		-inf,		0,		0,		0.7279,		10.39,		28484,		0,		0,		0,		5541,		1,		0,		0,		48,		0,		0,		0,		24268,		195,		11.75,		
25.006723,		1.000064,		0,		27,		0,		0.00,		0,		inf,		-inf,		0,		0,		-1403,		-1350,		-1377,		0.2527,		inf,		-inf,		0,		0,		0.7564,		10.83,		28484,		0,		0,		0,		5541,		1,		0,		0,		56,		0,		0,		0,		25277,		201,		11.5,		
26.006878,		1.000023,		0,		28,		0,		0.00,		0,		inf,		-inf,		0,		0,		-1458,		-1405,		-1432,		0.2521,		inf,		-inf,		0,		0,		0.7801,		11.26,		28484,		0,		0,		0,		5541,		1,		0,		0,		56,		0,		0,		0,		26291,		207,		11.63,		
27.007095,		1.000068,		0,		27,		0,		0.00,		0,		inf,		-inf,		0,		0,		-1514,		-1460,		-1486,		0.2554,		inf,		-inf,		0,		0,		0.8085,		11.72,		28484,		0,		0,		0,		5541,		1,		0,		0,		56,		0,		0,		0,		27249,		211,		12,		
28.007320,		1.000084,		0,		28,		0,		0.00,		0,		inf,		-inf,		0,		0,		-1570,		-1516,		-1543,		0.263,		inf,		-inf,		0,		0,		0.8349,		12.16,		28484,		0,		0,		0,		5541,		1,		0,		0,		56,		0,		0,		0,		28246,		223,		11.75,		
29.007690,		1.000077,		0,		27,		0,		0.00,		0,		inf,		-inf,		0,		0,		-1625,		-1572,		-1598,		0.2509,		inf,		-inf,		0,		0,		0.8658,		12.6,		28484,		0,		0,		0,		5541,		1,		0,		0,		56,		0,		0,		0,		29243,		232,		11.5,		
30.007904,		1.000067,		0,		27,		0,		0.00,		0,		inf,		-inf,		0,		0,		-1678,		-1627,		-1652,		0.2357,		inf,		-inf,		0,		0,		0.8881,		13.03,		28484,		0,		0,		0,		5541,		1,		0,		0,		56,		0,		0,		0,		30270,		237,		11.5,		
31.008121,		1.000072,		0,		28,		0,		0.00,		0,		inf,		-inf,		0,		0,		-1734,		-1680,		-1707,		0.251,		inf,		-inf,		0,		0,		0.9148,		13.46,		28484,		0,		0,		0,		5541,		1,		0,		0,		64,		0,		0,		0,		31285,		244,		11.5,		
32.008335,		1.000069,		0,		27,		0,		0.00,		0,		inf,		-inf,		0,		0,		-1786,		-1735,		-1761,		0.2336,		inf,		-inf,		0,		0,		0.9413,		13.89,		28484,		0,		0,		0,		5541,		1,		0,		0,		64,		0,		0,		0,		32313,		248,		11.5,		
33.008545,		1.000066,		0,		27,		0,		0.00,		0,		inf,		-inf,		0,		0,		-1840,		-1789,		-1814,		0.2395,		inf,		-inf,		0,		0,		0.9686,		14.32,		28484,		0,		0,		0,		5541,		1,		0,		0,		64,		0,		0,		0,		33326,		255,		11.25,		
34.008789,		1.000067,		0,		28,		0,		0.00,		0,		inf,		-inf,		0,		0,		-1896,		-1842,		-1869,		0.2501,		inf,		-inf,		0,		0,		1.001,		14.75,		28484,		0,		0,		0,		5541,		1,		0,		0,		72,		0,		0,		0,		34331,		265,		11.5,		
35.008999,		1.000069,		0,		27,		0,		0.00,		0,		inf,		-inf,		0,		0,		-1949,		-1897,		-1923,		0.2385,		inf,		-inf,		0,		0,		1.031,		15.17,		28484,		0,		0,		0,		5541,		1,		0,		0,		72,		0,		0,		0,		35342,		270,		11.5,		
36.009209,		1.000067,		0,		28,		0,		0.00,		0,		inf,		-inf,		0,		0,		-2004,		-1950,		-1977,		0.2507,		inf,		-inf,		0,		0,		1.058,		15.61,		28484,		0,		0,		0,		5541,		1,		0,		0,		72,		0,		0,		0,		36339,		278,		11.5,		
37.009426,		1.000068,		0,		27,		0,		0.00,		0,		inf,		-inf,		0,		0,		-2058,		-2006,		-2032,		0.2488,		inf,		-inf,		0,		0,		1.09,		16.05,		28484,		0,		0,		0,		5541,		1,		0,		0,		80,		0,		0,		0,		37302,		293,		11.75,		
38.009636,		1.000067,		0,		27,		0,		0.00,		0,		inf,		-inf,		0,		0,		-2112,		-2060,		-2086,		0.2413,		inf,		-inf,		0,		0,		1.115,		16.49,		28484,		0,		0,		0,		5542,		1,		0,		0,		80,		0,		0,		0,		38319,		303,		11.5,		
39.009857,		1.000068,		0,		28,		0,		0.00,		0,		inf,		-inf,		0,		0,		-2168,		-2114,		-2141,		0.2551,		inf,		-inf,		0,		0,		1.145,		16.91,		28484,		0,		0,		0,		5542,		1,		0,		0,		80,		0,		0,		0,		39328,		309,		11.5,		
40.010078,		1.000072,		0,		27,		0,		0.00,		0,		inf,		-inf,		0,		0,		-2221,		-2170,		-2195,		0.2394,		inf,		-inf,		0,		0,		1.173,		17.34,		28484,		0,		0,		0,		5542,		1,		0,		0,		80,		0,		0,		0,		40345,		317,		11.5,		
41.010296,		1.000068,		0,		27,		0,		0.00,		0,		inf,		-inf,		0,		0,		-2275,		-2223,		-2249,		0.2406,		inf,		-inf,		0,		0,		1.198,		17.77,		28484,		0,		0,		0,		5542,		1,		0,		0,		80,		0,		0,		0,		41365,		325,		11.25,		
42.010506,		1.000065,		0,		28,		0,		0.00,		0,		inf,		-inf,		0,		0,		-2331,		-2277,		-2304,		0.2612,		inf,		-inf,		0,		0,		1.229,		18.21,		28484,		0,		0,		0,		5542,		1,		0,		0,		80,		0,		0,		0,		42358,		335,		11.75,		
43.010723,		1.000071,		0,		27,		0,		0.00,		0,		inf,		-inf,		0,		0,		-2385,		-2333,		-2359,		0.2413,		inf,		-inf,		0,		0,		1.259,		18.64,		28484,		0,		0,		0,		5542,		1,		0,		0,		88,		0,		0,		0,		43379,		344,		11.25,		
44.010948,		1.000068,		0,		28,		0,		0.00,		0,		inf,		-inf,		0,		0,		-2440,		-2387,		-2413,		0.2532,		inf,		-inf,		0,		0,		1.286,		19.06,		28484,		0,		0,		0,		5542,		1,		0,		0,		88,		0,		0,		0,		44396,		352,		11.5,		
45.011169,		1.000068,		0,		27,		0,		0.00,		0,		inf,		-inf,		0,		0,		-2495,		-2442,		-2469,		0.2448,		inf,		-inf,		0,		0,		1.317,		19.5,		28484,		0,		0,		0,		5542,		1,		0,		0,		88,		0,		0,		0,		45385,		359,		11.5,		
46.011379,		1.000069,		0,		27,		0,		0.00,		0,		inf,		-inf,		0,		0,		-2549,		-2497,		-2522,		0.2416,		inf,		-inf,		0,		0,		1.342,		19.93,		28484,		0,		0,		0,		5542,		1,		0,		0,		88,		0,		0,		0,		46418,		365,		11.5,		
47.011597,		1.000076,		0,		28,		0,		0.00,		0,		inf,		-inf,		0,		0,		-2605,		-2551,		-2578,		0.2641,		inf,		-inf,		0,		0,		1.373,		20.35,		28484,		0,		0,		0,		5542,		1,		0,		0,		88,		0,		0,		0,		47449,		372,		11.25,		
48.011841,		1.000092,		0,		27,		0,		0.00,		0,		inf,		-inf,		0,		0,		-2658,		-2607,		-2633,		0.2327,		inf,		-inf,		0,		0,		1.398,		20.78,		28484,		0,		0,		0,		5542,		1,		0,		0,		88,		0,		0,		0,		48474,		376,		11.25,		
49.012074,		1.000069,		0,		27,		0,		0.00,		0,		inf,		-inf,		0,		0,		-2711,		-2660,		-2685,		0.2392,		inf,		-inf,		0,		0,		1.431,		21.2,		28484,		0,		0,		0,		5542,		1,		0,		0,		96,		0,		0,		0,		49492,		383,		11.75,		
50.012283,		1.000067,		0,		28,		0,		0.00,		0,		inf,		-inf,		0,		0,		-2767,		-2713,		-2740,		0.2604,		inf,		-inf,		0,		0,		1.46,		21.63,		28484,		0,		0,		0,		5542,		1,		0,		0,		96,		0,		0,		0,		50529,		389,		11,		
51.012489,		1.000069,		0,		27,		0,		0.00,		0,		inf,		-inf,		0,		0,		-2821,		-2769,		-2795,		0.2392,		inf,		-inf,		0,		0,		1.485,		22.07,		28484,		0,		0,		0,		5542,		1,		0,		0,		96,		0,		0,		0,		51511,		395,		12,		
52.012699,		1.000067,		0,		27,		0,		0.00,		0,		inf,		-inf,		0,		0,		-2874,		-2823,		-2848,		0.2333,		inf,		-inf,		0,		0,		1.511,		22.5,		28484,		0,		0,		0,		5542,		1,		0,		0,		96,		0,		0,		0,		52541,		405,		11.25,		
53.012924,		1.000066,		0,		28,		0,		0.00,		0,		inf,		-inf,		0,		0,		-2931,		-2877,		-2904,		0.2661,		inf,		-inf,		0,		0,		1.542,		22.92,		28484,		0,		0,		0,		5542,		1,		0,		0,		104,		0,		0,		0,		53569,		413,		11.5,		
54.013142,		1.000073,		0,		27,		0,		0.00,		0,		inf,		-inf,		0,		0,		-2985,		-2933,		-2959,		0.2474,		inf,		-inf,		0,		0,		1.571,		23.36,		28484,		0,		0,		0,		5543,		1,		0,		0,		104,		0,		0,		0,		54560,		419,		11.75,		
55.013359,		1.000069,		0,		28,		0,		0.00,		0,		inf,		-inf,		0,		0,		-3040,		-2987,		-3013,		0.2523,		inf,		-inf,		0,		0,		1.601,		23.79,		28484,		0,		0,		0,		5543,		1,		0,		0,		112,		0,		0,		0,		55564,		429,		11.5,		
56.013569,		1.000064,		0,		27,		0,		0.00,		0,		inf,		-inf,		0,		0,		-3095,		-3042,		-3068,		0.2424,		inf,		-inf,		0,		0,		1.634,		24.24,		28484,		0,		0,		0,		5543,		1,		0,		0,		112,		0,		0,		0,		56531,		441,		11.75,		
57.013805,		1.000069,		0,		27,		0,		0.00,		0,		inf,		-inf,		0,		0,		-3148,		-3096,		-3123,		0.2373,		inf,		-inf,		0,		0,		1.672,		24.68,		28484,		0,		0,		0,		5543,		1,		0,		0,		112,		0,		0,		0,		57514,		448,		12,		
58.014030,		1.000071,		0,		28,		0,		0.00,		0,		inf,		-inf,		0,		0,		-3205,		-3150,		-3178,		0.2683,		inf,		-inf,		0,		0,		1.703,		25.11,		28484,		0,		0,		0,		5543,		1,		0,		0,		112,		0,		0,		0,		58513,		458,		11.75,		
59.014244,		1.000070,		0,		27,		0,		0.00,		0,		inf,		-inf,		0,		0,		-3259,		-3207,		-3233,		0.2391,		inf,		-inf,		0,		0,		1.731,		25.55,		28484,		0,		0,		0,		5543,		1,		0,		0,		112,		0,		0,		0,		59514,		464,		11.5,		
60.014446,		1.000065,		0,		27,		0,		0.00,		0,		inf,		-inf,		0,		0,		-3312,		-3260,		-3286,		0.2383,		inf,		-inf,		0,		0,		1.757,		25.98,		28484,		0,		0,		0,		5543,		1,		0,		0,		112,		0,		0,		0,		60540,		477,		11.25,		
Maximum runtime reached. Exiting.
