Experiment id: 91b476c8-a94a-4105-a06e-8b6674f03a06
Performance Test Version: 5b1035d-dirty
Logfile name: 
Communication mean: ROS2
RMW Implementation: rmw_cyclonedds_cpp
DDS domain id: 61
QOS: Reliability: BEST_EFFORT Durability: VOLATILE History kind: KEEP_LAST History depth: 5 Sync. pub/sub: 0
Publishing rate: 30
Topic name: Array4m
Maximum runtime (sec): 60
Number of publishers: 1
Number of subscribers: 0
Memory check enabled: 0
Use single participant: 0
With security: 0
Roundtrip Mode: NONE
Ignore seconds from beginning: 0

---EXPERIMENT-START---
T_experiment,	T_loop,	received,	sent,	lost,	relative_loss,	data_received,	latency_min (ms),	latency_max (ms),	latency_mean (ms),	latency_variance (ms),	pub_loop_res_min (ms),	pub_loop_res_max (ms),	pub_loop_res_mean (ms),	pub_loop_res_variance (ms),	sub_loop_res_min (ms),	sub_loop_res_max (ms),	sub_loop_res_mean (ms),	sub_loop_res_variance (ms),	ru_utime,	ru_stime,	ru_maxrss,	ru_ixrss,	ru_idrss,	ru_isrss,	ru_minflt,	ru_majflt,	ru_nswap,	ru_inblock,	ru_oublock,	ru_msgsnd,	ru_msgrcv,	ru_nsignals,	ru_nvcsw,	ru_nivcsw,	cpu_usage (%),	
1.000076,		1.000073,		0,		27,		0,		0.00,		0,		inf,		-inf,		0,		0,		-97.11,		-7.995,		-69.73,		0.3741,		inf,		-inf,		0,		0,		0.04773,		0.4804,		28504,		0,		0,		0,		5535,		1,		0,		0,		16,		0,		0,		0,		1064,		13,		12.13,		
2.000466,		1.000070,		0,		28,		0,		0.00,		0,		inf,		-inf,		0,		0,		-152.5,		-99,		-125.6,		0.2566,		inf,		-inf,		0,		0,		0.0775,		0.9042,		28504,		0,		0,		0,		5535,		1,		0,		0,		16,		0,		0,		0,		2092,		18,		11.14,		
3.000779,		1.000068,		0,		27,		0,		0.00,		0,		inf,		-inf,		0,		0,		-205.3,		-154.4,		-179.5,		0.2345,		inf,		-inf,		0,		0,		0.1078,		1.338,		28504,		0,		0,		0,		5535,		1,		0,		0,		16,		0,		0,		0,		3102,		26,		11.5,		
4.000991,		1.000066,		0,		28,		0,		0.00,		0,		inf,		-inf,		0,		0,		-260.4,		-206.9,		-233.5,		0.2563,		inf,		-inf,		0,		0,		0.1412,		1.775,		28504,		0,		0,		0,		5535,		1,		0,		0,		16,		0,		0,		0,		4085,		42,		12,		
5.001184,		1.000049,		0,		27,		0,		0.00,		0,		inf,		-inf,		0,		0,		-314.5,		-262.2,		-289,		0.2468,		inf,		-inf,		0,		0,		0.1698,		2.223,		28504,		0,		0,		0,		5535,		1,		0,		0,		16,		0,		0,		0,		5061,		51,		11.75,		
6.001397,		1.000066,		0,		27,		0,		0.00,		0,		inf,		-inf,		0,		0,		-368.3,		-316.6,		-342.7,		0.2435,		inf,		-inf,		0,		0,		0.2007,		2.652,		28504,		0,		0,		0,		5536,		1,		0,		0,		16,		0,		0,		0,		6069,		55,		11.75,		
7.001610,		1.000070,		0,		28,		0,		0.00,		0,		inf,		-inf,		0,		0,		-424.5,		-370.2,		-397.3,		0.2574,		inf,		-inf,		0,		0,		0.2337,		3.091,		28504,		0,		0,		0,		5536,		1,		0,		0,		24,		0,		0,		0,		7046,		59,		11.75,		
8.001825,		1.000064,		0,		27,		0,		0.00,		0,		inf,		-inf,		0,		0,		-479.5,		-426.5,		-452.9,		0.2517,		inf,		-inf,		0,		0,		0.2578,		3.522,		28504,		0,		0,		0,		5537,		1,		0,		0,		24,		0,		0,		0,		8072,		65,		11.25,		
9.002033,		1.000069,		0,		27,		0,		0.00,		0,		inf,		-inf,		0,		0,		-532.8,		-481.3,		-507,		0.2403,		inf,		-inf,		0,		0,		0.2913,		3.954,		28504,		0,		0,		0,		5537,		1,		0,		0,		24,		0,		0,		0,		9087,		72,		11.75,		
10.002249,		1.000064,		0,		28,		0,		0.00,		0,		inf,		-inf,		0,		0,		-590.5,		-534.6,		-561.9,		0.2797,		inf,		-inf,		0,		0,		0.3258,		4.398,		28504,		0,		0,		0,		5537,		1,		0,		0,		24,		0,		0,		0,		10065,		82,		11.75,		
11.002448,		1.000067,		0,		27,		0,		0.00,		0,		inf,		-inf,		0,		0,		-645.8,		-592.7,		-619.3,		0.2476,		inf,		-inf,		0,		0,		0.357,		4.827,		28504,		0,		0,		0,		5537,		1,		0,		0,		24,		0,		0,		0,		11070,		94,		11.5,		
12.002670,		1.000074,		0,		27,		0,		0.00,		0,		inf,		-inf,		0,		0,		-700.6,		-647.9,		-674.2,		0.2503,		inf,		-inf,		0,		0,		0.3806,		5.263,		28504,		0,		0,		0,		5537,		1,		0,		0,		24,		0,		0,		0,		12082,		105,		11.75,		
13.003030,		1.000108,		0,		28,		0,		0.00,		0,		inf,		-inf,		0,		0,		-756.5,		-702.4,		-729.5,		0.2601,		inf,		-inf,		0,		0,		0.409,		5.691,		28504,		0,		0,		0,		5537,		1,		0,		0,		32,		0,		0,		0,		13100,		111,		11.25,		
14.003320,		1.000076,		0,		27,		0,		0.00,		0,		inf,		-inf,		0,		0,		-811.5,		-758.6,		-785,		0.251,		inf,		-inf,		0,		0,		0.4499,		6.142,		28504,		0,		0,		0,		5537,		1,		0,		0,		32,		0,		0,		0,		14044,		116,		12.25,		
15.003588,		1.000069,		0,		27,		0,		0.00,		0,		inf,		-inf,		0,		0,		-865.3,		-813.6,		-839.6,		0.2426,		inf,		-inf,		0,		0,		0.477,		6.569,		28504,		0,		0,		0,		5537,		1,		0,		0,		40,		0,		0,		0,		15071,		121,		11.25,		
16.003908,		1.000094,		0,		28,		0,		0.00,		0,		inf,		-inf,		0,		0,		-921.8,		-867.3,		-894.3,		0.2694,		inf,		-inf,		0,		0,		0.5114,		6.998,		28504,		0,		0,		0,		5537,		1,		0,		0,		40,		0,		0,		0,		16082,		130,		11.75,		
17.004168,		1.000083,		0,		27,		0,		0.00,		0,		inf,		-inf,		0,		0,		-976,		-923.8,		-950.2,		0.2415,		inf,		-inf,		0,		0,		0.5454,		7.42,		28504,		0,		0,		0,		5537,		1,		0,		0,		40,		0,		0,		0,		17103,		138,		11.25,		
18.004427,		1.000083,		0,		28,		0,		0.00,		0,		inf,		-inf,		0,		0,		-1033,		-978.3,		-1005,		0.2622,		inf,		-inf,		0,		0,		0.57,		7.849,		28504,		0,		0,		0,		5537,		1,		0,		0,		40,		0,		0,		0,		18130,		143,		11.25,		
19.004683,		1.000072,		0,		27,		0,		0.00,		0,		inf,		-inf,		0,		0,		-1087,		-1035,		-1060,		0.241,		inf,		-inf,		0,		0,		0.6064,		8.283,		28504,		0,		0,		0,		5537,		1,		0,		0,		48,		0,		0,		0,		19120,		148,		12,		
20.004910,		1.000082,		0,		27,		0,		0.00,		0,		inf,		-inf,		0,		0,		-1140,		-1089,		-1115,		0.2372,		inf,		-inf,		0,		0,		0.6313,		8.729,		28504,		0,		0,		0,		5537,		1,		0,		0,		48,		0,		0,		0,		20107,		157,		11.75,		
21.005121,		1.000065,		0,		28,		0,		0.00,		0,		inf,		-inf,		0,		0,		-1196,		-1142,		-1169,		0.2597,		inf,		-inf,		0,		0,		0.6571,		9.159,		28504,		0,		0,		0,		5537,		1,		0,		0,		48,		0,		0,		0,		21122,		166,		11.25,		
22.005341,		1.000069,		0,		27,		0,		0.00,		0,		inf,		-inf,		0,		0,		-1250,		-1198,		-1224,		0.2462,		inf,		-inf,		0,		0,		0.6889,		9.588,		28504,		0,		0,		0,		5538,		1,		0,		0,		48,		0,		0,		0,		22125,		173,		11.5,		
23.005554,		1.000068,		0,		27,		0,		0.00,		0,		inf,		-inf,		0,		0,		-1305,		-1252,		-1279,		0.251,		inf,		-inf,		0,		0,		0.7198,		10.03,		28504,		0,		0,		0,		5538,		1,		0,		0,		48,		0,		0,		0,		23091,		184,		12,		
24.005766,		1.000067,		0,		28,		0,		0.00,		0,		inf,		-inf,		0,		0,		-1360,		-1307,		-1333,		0.2549,		inf,		-inf,		0,		0,		0.747,		10.46,		28504,		0,		0,		0,		5538,		1,		0,		0,		48,		0,		0,		0,		24099,		187,		11.5,		
25.005978,		1.000067,		0,		27,		0,		0.00,		0,		inf,		-inf,		0,		0,		-1415,		-1362,		-1389,		0.2522,		inf,		-inf,		0,		0,		0.7813,		10.9,		28504,		0,		0,		0,		5538,		1,		0,		0,		56,		0,		0,		0,		25068,		199,		12,		
26.006189,		1.000064,		0,		27,		0,		0.00,		0,		inf,		-inf,		0,		0,		-1469,		-1417,		-1443,		0.2378,		inf,		-inf,		0,		0,		0.8066,		11.34,		28504,		0,		0,		0,		5538,		1,		0,		0,		56,		0,		0,		0,		26069,		207,		11.25,		
27.006403,		1.000067,		0,		28,		0,		0.00,		0,		inf,		-inf,		0,		0,		-1525,		-1471,		-1498,		0.2675,		inf,		-inf,		0,		0,		0.8452,		11.78,		28504,		0,		0,		0,		5538,		1,		0,		0,		56,		0,		0,		0,		27017,		221,		12.25,		
28.006613,		1.000068,		0,		27,		0,		0.00,		0,		inf,		-inf,		0,		0,		-1579,		-1527,		-1553,		0.24,		inf,		-inf,		0,		0,		0.8799,		12.2,		28504,		0,		0,		0,		5538,		1,		0,		0,		56,		0,		0,		0,		28028,		232,		11.25,		
29.006855,		1.000103,		0,		28,		0,		0.00,		0,		inf,		-inf,		0,		0,		-1635,		-1581,		-1608,		0.2648,		inf,		-inf,		0,		0,		0.9113,		12.64,		28504,		0,		0,		0,		5538,		1,		0,		0,		56,		0,		0,		0,		29032,		238,		11.75,		
30.007118,		1.000090,		0,		27,		0,		0.00,		0,		inf,		-inf,		0,		0,		-1689,		-1638,		-1664,		0.2368,		inf,		-inf,		0,		0,		0.9349,		13.07,		28504,		0,		0,		0,		5538,		1,		0,		0,		56,		0,		0,		0,		30058,		244,		11.25,		
31.007420,		1.000087,		0,		27,		0,		0.00,		0,		inf,		-inf,		0,		0,		-1742,		-1691,		-1716,		0.2332,		inf,		-inf,		0,		0,		0.9614,		13.5,		28504,		0,		0,		0,		5538,		1,		0,		0,		64,		0,		0,		0,		31075,		250,		11.5,		
32.007675,		1.000069,		0,		28,		0,		0.00,		0,		inf,		-inf,		0,		0,		-1799,		-1744,		-1771,		0.2754,		inf,		-inf,		0,		0,		0.9884,		13.93,		28504,		0,		0,		0,		5538,		1,		0,		0,		64,		0,		0,		0,		32083,		258,		11.25,		
33.007946,		1.000095,		0,		27,		0,		0.00,		0,		inf,		-inf,		0,		0,		-1853,		-1801,		-1827,		0.2438,		inf,		-inf,		0,		0,		1.016,		14.37,		28504,		0,		0,		0,		5538,		1,		0,		0,		64,		0,		0,		0,		33072,		267,		12,		
34.008228,		1.000068,		0,		27,		0,		0.00,		0,		inf,		-inf,		0,		0,		-1907,		-1855,		-1881,		0.2438,		inf,		-inf,		0,		0,		1.044,		14.8,		28504,		0,		0,		0,		5538,		1,		0,		0,		72,		0,		0,		0,		34103,		273,		11.25,		
35.008492,		1.000085,		0,		28,		0,		0.00,		0,		inf,		-inf,		0,		0,		-1964,		-1909,		-1936,		0.2724,		inf,		-inf,		0,		0,		1.071,		15.25,		28504,		0,		0,		0,		5538,		1,		0,		0,		72,		0,		0,		0,		35083,		282,		12,		
36.008732,		1.000067,		0,		27,		0,		0.00,		0,		inf,		-inf,		0,		0,		-2018,		-1966,		-1992,		0.2387,		inf,		-inf,		0,		0,		1.099,		15.68,		28504,		0,		0,		0,		5538,		1,		0,		0,		72,		0,		0,		0,		36084,		293,		11.25,		
37.008980,		1.000074,		0,		27,		0,		0.00,		0,		inf,		-inf,		0,		0,		-2071,		-2020,		-2046,		0.241,		inf,		-inf,		0,		0,		1.131,		16.11,		28504,		0,		0,		0,		5538,		1,		0,		0,		80,		0,		0,		0,		37089,		306,		11.75,		
38.010689,		1.000071,		0,		28,		0,		0.00,		0,		inf,		-inf,		0,		0,		-2127,		-2073,		-2100,		0.256,		inf,		-inf,		0,		0,		1.153,		16.54,		28504,		0,		0,		0,		5539,		1,		0,		0,		80,		0,		0,		0,		38116,		315,		11.39,		
39.010941,		1.000080,		0,		27,		0,		0.00,		0,		inf,		-inf,		0,		0,		-2182,		-2129,		-2155,		0.2542,		inf,		-inf,		0,		0,		1.182,		16.99,		28504,		0,		0,		0,		5539,		1,		0,		0,		80,		0,		0,		0,		39103,		331,		11.75,		
40.011253,		1.000084,		0,		28,		0,		0.00,		0,		inf,		-inf,		0,		0,		-2237,		-2184,		-2210,		0.2588,		inf,		-inf,		0,		0,		1.213,		17.41,		28504,		0,		0,		0,		5539,		1,		0,		0,		80,		0,		0,		0,		40118,		341,		11.5,		
41.011520,		1.000082,		0,		27,		0,		0.00,		0,		inf,		-inf,		0,		0,		-2290,		-2239,		-2264,		0.2345,		inf,		-inf,		0,		0,		1.242,		17.84,		28504,		0,		0,		0,		5539,		1,		0,		0,		80,		0,		0,		0,		41128,		345,		11.25,		
42.011791,		1.000067,		0,		27,		0,		0.00,		0,		inf,		-inf,		0,		0,		-2344,		-2292,		-2318,		0.2414,		inf,		-inf,		0,		0,		1.266,		18.26,		28504,		0,		0,		0,		5539,		1,		0,		0,		80,		0,		0,		0,		42154,		347,		11.25,		
43.013966,		1.000084,		0,		28,		0,		0.00,		0,		inf,		-inf,		0,		0,		-2401,		-2346,		-2373,		0.2687,		inf,		-inf,		0,		0,		1.299,		18.7,		28504,		0,		0,		0,		5539,		1,		0,		0,		88,		0,		0,		0,		43157,		357,		11.5,		
44.014320,		1.000107,		0,		27,		0,		0.00,		0,		inf,		-inf,		0,		0,		-2455,		-2403,		-2429,		0.2469,		inf,		-inf,		0,		0,		1.326,		19.12,		28504,		0,		0,		0,		5539,		1,		0,		0,		88,		0,		0,		0,		44175,		362,		11.5,		
45.014622,		1.000072,		0,		28,		0,		0.00,		0,		inf,		-inf,		0,		0,		-2510,		-2457,		-2484,		0.2506,		inf,		-inf,		0,		0,		1.354,		19.55,		28504,		0,		0,		0,		5539,		1,		0,		0,		88,		0,		0,		0,		45190,		375,		11.5,		
46.014832,		1.000065,		0,		27,		0,		0.00,		0,		inf,		-inf,		0,		0,		-2565,		-2512,		-2539,		0.2399,		inf,		-inf,		0,		0,		1.385,		19.99,		28504,		0,		0,		0,		5539,		1,		0,		0,		88,		0,		0,		0,		46175,		385,		11.75,		
47.015041,		1.000067,		0,		27,		0,		0.00,		0,		inf,		-inf,		0,		0,		-2618,		-2567,		-2592,		0.2396,		inf,		-inf,		0,		0,		1.424,		20.43,		28504,		0,		0,		0,		5539,		1,		0,		0,		88,		0,		0,		0,		47139,		393,		11.75,		
48.017105,		1.000069,		0,		28,		0,		0.00,		0,		inf,		-inf,		0,		0,		-2674,		-2620,		-2647,		0.2607,		inf,		-inf,		0,		0,		1.453,		20.86,		28504,		0,		0,		0,		5539,		1,		0,		0,		88,		0,		0,		0,		48153,		402,		11.5,		
49.017429,		1.000131,		0,		27,		0,		0.00,		0,		inf,		-inf,		0,		0,		-2728,		-2676,		-2702,		0.2423,		inf,		-inf,		0,		0,		1.48,		21.29,		28504,		0,		0,		0,		5539,		1,		0,		0,		96,		0,		0,		0,		49161,		407,		11.5,		
50.017677,		1.000070,		0,		27,		0,		0.00,		0,		inf,		-inf,		0,		0,		-2781,		-2730,		-2756,		0.2326,		inf,		-inf,		0,		0,		1.503,		21.72,		28504,		0,		0,		0,		5539,		1,		0,		0,		96,		0,		0,		0,		50158,		415,		11.5,		
51.017918,		1.000068,		0,		28,		0,		0.00,		0,		inf,		-inf,		0,		0,		-2837,		-2783,		-2810,		0.2679,		inf,		-inf,		0,		0,		1.54,		22.17,		28504,		0,		0,		0,		5539,		1,		0,		0,		96,		0,		0,		0,		51108,		431,		12,		
52.018250,		1.000099,		0,		27,		0,		0.00,		0,		inf,		-inf,		0,		0,		-2890,		-2839,		-2865,		0.2372,		inf,		-inf,		0,		0,		1.576,		22.6,		28504,		0,		0,		0,		5539,		1,		0,		0,		96,		0,		0,		0,		52094,		442,		11.75,		
53.018543,		1.000068,		0,		28,		0,		0.00,		0,		inf,		-inf,		0,		0,		-2946,		-2893,		-2919,		0.2533,		inf,		-inf,		0,		0,		1.61,		23.03,		28504,		0,		0,		0,		5539,		1,		0,		0,		104,		0,		0,		0,		53101,		451,		11.25,		
54.018784,		1.000078,		0,		27,		0,		0.00,		0,		inf,		-inf,		0,		0,		-2999,		-2948,		-2973,		0.235,		inf,		-inf,		0,		0,		1.635,		23.46,		28504,		0,		0,		0,		5540,		1,		0,		0,		104,		0,		0,		0,		54108,		457,		11.5,		
55.019077,		1.000072,		0,		27,		0,		0.00,		0,		inf,		-inf,		0,		0,		-3053,		-3001,		-3027,		0.2422,		inf,		-inf,		0,		0,		1.66,		23.89,		28504,		0,		0,		0,		5540,		1,		0,		0,		112,		0,		0,		0,		55122,		462,		11.25,		
56.019417,		1.000071,		0,		28,		0,		0.00,		0,		inf,		-inf,		0,		0,		-3109,		-3055,		-3082,		0.259,		inf,		-inf,		0,		0,		1.687,		24.33,		28504,		0,		0,		0,		5540,		1,		0,		0,		112,		0,		0,		0,		56118,		468,		11.75,		
57.019688,		1.000083,		0,		27,		0,		0.00,		0,		inf,		-inf,		0,		0,		-3163,		-3111,		-3137,		0.2418,		inf,		-inf,		0,		0,		1.712,		24.75,		28504,		0,		0,		0,		5540,		1,		0,		0,		112,		0,		0,		0,		57150,		476,		11.5,		
58.020000,		1.000115,		0,		27,		0,		0.00,		0,		inf,		-inf,		0,		0,		-3216,		-3165,		-3190,		0.2392,		inf,		-inf,		0,		0,		1.744,		25.18,		28504,		0,		0,		0,		5540,		1,		0,		0,		112,		0,		0,		0,		58181,		480,		11.25,		
59.020313,		1.000072,		0,		28,		0,		0.00,		0,		inf,		-inf,		0,		0,		-3271,		-3218,		-3244,		0.2548,		inf,		-inf,		0,		0,		1.774,		25.6,		28504,		0,		0,		0,		5540,		1,		0,		0,		112,		0,		0,		0,		59192,		490,		11.39,		
60.020531,		1.000065,		0,		27,		0,		0.00,		0,		inf,		-inf,		0,		0,		-3326,		-3273,		-3300,		0.251,		inf,		-inf,		0,		0,		1.807,		26.03,		28504,		0,		0,		0,		5540,		1,		0,		0,		112,		0,		0,		0,		60211,		495,		11.25,		
Maximum runtime reached. Exiting.
