Experiment id: d1811cb8-a041-4edd-b7a2-d8d1b814ce0c
Performance Test Version: 5b1035d-dirty
Logfile name: 
Communication mean: ROS2
RMW Implementation: rmw_tickle
DDS domain id: 61
QOS: Reliability: BEST_EFFORT Durability: VOLATILE History kind: KEEP_LAST History depth: 5 Sync. pub/sub: 0
Publishing rate: 30
Topic name: Array4m
Maximum runtime (sec): 60
Number of publishers: 1
Number of subscribers: 0
Memory check enabled: 0
Use single participant: 0
With security: 0
Roundtrip Mode: NONE
Ignore seconds from beginning: 0

[2026-10-10 14:36:07] [WARNING] Well-known socket receive buffer is 425984 bytes (asked 4194304) - fewer than 16 datagrams of 65507 bytes; raise net.core.rmem_max to let it grow
[2026-10-10 14:36:07] [WARNING] Data socket receive buffer is 425984 bytes (asked 4194304) - fewer than 16 datagrams of 65507 bytes; raise net.core.rmem_max to let it grow
[2026-10-10 14:36:07] [INFO] Node open at 8343
---EXPERIMENT-START---
T_experiment,	T_loop,	received,	sent,	lost,	relative_loss,	data_received,	latency_min (ms),	latency_max (ms),	latency_mean (ms),	latency_variance (ms),	pub_loop_res_min (ms),	pub_loop_res_max (ms),	pub_loop_res_mean (ms),	pub_loop_res_variance (ms),	sub_loop_res_min (ms),	sub_loop_res_max (ms),	sub_loop_res_mean (ms),	sub_loop_res_variance (ms),	ru_utime,	ru_stime,	ru_maxrss,	ru_ixrss,	ru_idrss,	ru_isrss,	ru_minflt,	ru_majflt,	ru_nswap,	ru_inblock,	ru_oublock,	ru_msgsnd,	ru_msgrcv,	ru_nsignals,	ru_nvcsw,	ru_nivcsw,	cpu_usage (%),	
[2026-10-10 14:36:07] [INFO] Whole-record send refused: no known unicast peer, so this publish broadcasts
[2026-10-10 14:36:07] [INFO] Publisher peer registered: node 2 at 192.168.10.2:33015 for endpoint 1743618579
1.000074,		1.000072,		0,		30,		0,		0.00,		0,		inf,		-inf,		0,		0,		-5.394,		32.36,		30.48,		0.04703,		inf,		-inf,		0,		0,		0.06639,		0.5041,		33280,		0,		0,		0,		6633,		0,		0,		0,		16,		0,		0,		0,		4825,		27,		13.75,		
2.000397,		1.000055,		0,		29,		0,		0.00,		0,		inf,		-inf,		0,		0,		32.28,		32.38,		32.33,		9.922e-07,		inf,		-inf,		0,		0,		0.1173,		0.9585,		33280,		0,		0,		0,		6633,		0,		0,		0,		16,		0,		0,		0,		9995,		28,		12.5,		
3.000603,		1.000061,		0,		29,		0,		0.00,		0,		inf,		-inf,		0,		0,		32.08,		32.37,		32.31,		2.876e-06,		inf,		-inf,		0,		0,		0.1695,		1.412,		33280,		0,		0,		0,		6633,		0,		0,		0,		16,		0,		0,		0,		15163,		28,		12.75,		
4.000804,		1.000060,		0,		29,		0,		0.00,		0,		inf,		-inf,		0,		0,		32.27,		32.39,		32.34,		1.053e-06,		inf,		-inf,		0,		0,		0.2248,		1.864,		33280,		0,		0,		0,		6633,		0,		0,		0,		16,		0,		0,		0,		20309,		28,		12.75,		
5.001007,		1.000063,		0,		29,		0,		0.00,		0,		inf,		-inf,		0,		0,		32.13,		32.47,		32.34,		4.052e-06,		inf,		-inf,		0,		0,		0.2808,		2.327,		33280,		0,		0,		0,		6633,		0,		0,		0,		16,		0,		0,		0,		25335,		28,		13,		
6.001212,		1.000064,		0,		29,		0,		0.00,		0,		inf,		-inf,		0,		0,		32.22,		32.42,		32.34,		1.77e-06,		inf,		-inf,		0,		0,		0.3447,		2.786,		33280,		0,		0,		0,		6633,		0,		0,		0,		16,		0,		0,		0,		30342,		28,		13,		
7.001415,		1.000063,		0,		29,		0,		0.00,		0,		inf,		-inf,		0,		0,		32.25,		32.37,		32.32,		8.878e-07,		inf,		-inf,		0,		0,		0.4047,		3.23,		33280,		0,		0,		0,		6633,		0,		0,		0,		24,		0,		0,		0,		35520,		32,		12.75,		
8.001614,		1.000063,		0,		29,		0,		0.00,		0,		inf,		-inf,		0,		0,		32.27,		32.41,		32.34,		9.759e-07,		inf,		-inf,		0,		0,		0.4553,		3.69,		33280,		0,		0,		0,		6633,		0,		0,		0,		24,		0,		0,		0,		40644,		32,		12.5,		
9.001813,		1.000064,		0,		29,		0,		0.00,		0,		inf,		-inf,		0,		0,		32.23,		32.43,		32.33,		1.948e-06,		inf,		-inf,		0,		0,		0.5084,		4.139,		33280,		0,		0,		0,		6633,		0,		0,		0,		24,		0,		0,		0,		45838,		32,		12.5,		
10.002014,		1.000063,		0,		29,		0,		0.00,		0,		inf,		-inf,		0,		0,		32.25,		32.44,		32.34,		2.51e-06,		inf,		-inf,		0,		0,		0.5655,		4.599,		33280,		0,		0,		0,		6633,		0,		0,		0,		24,		0,		0,		0,		50904,		32,		13,		
11.002220,		1.000062,		0,		29,		0,		0.00,		0,		inf,		-inf,		0,		0,		32.24,		32.45,		32.33,		2.544e-06,		inf,		-inf,		0,		0,		0.6199,		5.078,		33280,		0,		0,		0,		6633,		0,		0,		0,		24,		0,		0,		0,		55827,		35,		13.25,		
12.002429,		1.000062,		0,		29,		0,		0.00,		0,		inf,		-inf,		0,		0,		32.23,		32.41,		32.33,		1.611e-06,		inf,		-inf,		0,		0,		0.6778,		5.534,		33280,		0,		0,		0,		6633,		0,		0,		0,		24,		0,		0,		0,		60908,		35,		13,		
13.002666,		1.000064,		0,		29,		0,		0.00,		0,		inf,		-inf,		0,		0,		32.25,		32.45,		32.34,		2.07e-06,		inf,		-inf,		0,		0,		0.7456,		5.978,		33280,		0,		0,		0,		6633,		0,		0,		0,		40,		0,		0,		0,		66003,		35,		12.75,		
14.002882,		1.000080,		0,		30,		0,		0.00,		0,		inf,		-inf,		0,		0,		32.27,		32.48,		32.35,		2.16e-06,		inf,		-inf,		0,		0,		0.8026,		6.449,		33280,		0,		0,		0,		6633,		0,		0,		0,		40,		0,		0,		0,		70983,		36,		13.25,		
15.003278,		1.000080,		0,		29,		0,		0.00,		0,		inf,		-inf,		0,		0,		32.23,		32.41,		32.34,		2.421e-06,		inf,		-inf,		0,		0,		0.8584,		6.905,		33280,		0,		0,		0,		6633,		0,		0,		0,		40,		0,		0,		0,		76074,		37,		12.75,		
16.003681,		1.000081,		0,		29,		0,		0.00,		0,		inf,		-inf,		0,		0,		32.2,		32.41,		32.34,		1.788e-06,		inf,		-inf,		0,		0,		0.9293,		7.361,		33280,		0,		0,		0,		6633,		0,		0,		0,		40,		0,		0,		0,		81046,		37,		13.12,		
17.003899,		1.000065,		0,		29,		0,		0.00,		0,		inf,		-inf,		0,		0,		32.23,		32.42,		32.32,		2.239e-06,		inf,		-inf,		0,		0,		0.9858,		7.813,		33280,		0,		0,		0,		6633,		0,		0,		0,		40,		0,		0,		0,		86198,		37,		12.75,		
18.004108,		1.000066,		0,		29,		0,		0.00,		0,		inf,		-inf,		0,		0,		32.09,		32.44,		32.32,		3.379e-06,		inf,		-inf,		0,		0,		1.039,		8.264,		33280,		0,		0,		0,		6633,		0,		0,		0,		40,		0,		0,		0,		91370,		37,		12.5,		
19.004324,		1.000066,		0,		29,		0,		0.00,		0,		inf,		-inf,		0,		0,		32.28,		32.44,		32.34,		1.645e-06,		inf,		-inf,		0,		0,		1.098,		8.713,		33280,		0,		0,		0,		6633,		0,		0,		0,		48,		0,		0,		0,		96507,		37,		12.75,		
20.004530,		1.000063,		0,		29,		0,		0.00,		0,		inf,		-inf,		0,		0,		32.26,		32.45,		32.34,		1.589e-06,		inf,		-inf,		0,		0,		1.152,		9.168,		33280,		0,		0,		0,		6633,		0,		0,		0,		48,		0,		0,		0,		101657,		37,		12.75,		
21.004738,		1.000062,		0,		29,		0,		0.00,		0,		inf,		-inf,		0,		0,		32.2,		32.45,		32.34,		2.543e-06,		inf,		-inf,		0,		0,		1.203,		9.621,		33280,		0,		0,		0,		6633,		0,		0,		0,		48,		0,		0,		0,		106833,		37,		12.75,		
22.004953,		1.000073,		0,		29,		0,		0.00,		0,		inf,		-inf,		0,		0,		32.29,		32.45,		32.34,		1.326e-06,		inf,		-inf,		0,		0,		1.255,		10.07,		33280,		0,		0,		0,		6633,		0,		0,		0,		48,		0,		0,		0,		112000,		37,		12.5,		
23.005161,		1.000063,		0,		29,		0,		0.00,		0,		inf,		-inf,		0,		0,		32.3,		32.44,		32.36,		1.064e-06,		inf,		-inf,		0,		0,		1.32,		10.53,		33280,		0,		0,		0,		6633,		0,		0,		0,		48,		0,		0,		0,		117024,		37,		13,		
24.005367,		1.000064,		0,		29,		0,		0.00,		0,		inf,		-inf,		0,		0,		32.25,		32.44,		32.34,		1.535e-06,		inf,		-inf,		0,		0,		1.377,		10.98,		33280,		0,		0,		0,		6633,		0,		0,		0,		48,		0,		0,		0,		122176,		37,		12.5,		
25.005571,		1.000063,		0,		29,		0,		0.00,		0,		inf,		-inf,		0,		0,		32.24,		32.43,		32.34,		2.535e-06,		inf,		-inf,		0,		0,		1.441,		11.42,		33280,		0,		0,		0,		6633,		0,		0,		0,		56,		0,		0,		0,		127312,		37,		12.75,		
26.005783,		1.000063,		0,		29,		0,		0.00,		0,		inf,		-inf,		0,		0,		32.22,		32.43,		32.33,		1.932e-06,		inf,		-inf,		0,		0,		1.502,		11.87,		33280,		0,		0,		0,		6633,		0,		0,		0,		56,		0,		0,		0,		132453,		37,		12.75,		
27.005983,		1.000061,		0,		29,		0,		0.00,		0,		inf,		-inf,		0,		0,		32.24,		32.41,		32.34,		1.219e-06,		inf,		-inf,		0,		0,		1.559,		12.31,		33280,		0,		0,		0,		6633,		0,		0,		0,		56,		0,		0,		0,		137612,		37,		12.5,		
28.006189,		1.000065,		0,		29,		0,		0.00,		0,		inf,		-inf,		0,		0,		32.22,		32.44,		32.33,		1.839e-06,		inf,		-inf,		0,		0,		1.616,		12.76,		33280,		0,		0,		0,		6633,		0,		0,		0,		56,		0,		0,		0,		142784,		37,		12.75,		
29.006399,		1.000065,		0,		29,		0,		0.00,		0,		inf,		-inf,		0,		0,		32.24,		32.45,		32.33,		2.274e-06,		inf,		-inf,		0,		0,		1.668,		13.21,		33280,		0,		0,		0,		6633,		0,		0,		0,		56,		0,		0,		0,		147973,		37,		12.5,		
30.006611,		1.000062,		0,		29,		0,		0.00,		0,		inf,		-inf,		0,		0,		32.22,		32.41,		32.34,		1.873e-06,		inf,		-inf,		0,		0,		1.718,		13.67,		33280,		0,		0,		0,		6633,		0,		0,		0,		56,		0,		0,		0,		153155,		38,		12.5,		
31.006834,		1.000063,		0,		29,		0,		0.00,		0,		inf,		-inf,		0,		0,		32.28,		32.39,		32.34,		1.136e-06,		inf,		-inf,		0,		0,		1.776,		14.11,		33280,		0,		0,		0,		6633,		0,		0,		0,		72,		0,		0,		0,		158349,		38,		12.75,		
32.007034,		1.000062,		0,		29,		0,		0.00,		0,		inf,		-inf,		0,		0,		32.15,		32.4,		32.34,		2.786e-06,		inf,		-inf,		0,		0,		1.83,		14.56,		33280,		0,		0,		0,		6633,		0,		0,		0,		72,		0,		0,		0,		163554,		38,		12.5,		
33.007240,		1.000071,		0,		29,		0,		0.00,		0,		inf,		-inf,		0,		0,		32.3,		32.46,		32.35,		8.066e-07,		inf,		-inf,		0,		0,		1.886,		15.01,		33280,		0,		0,		0,		6633,		0,		0,		0,		72,		0,		0,		0,		168730,		38,		12.5,		
34.007435,		1.000062,		0,		29,		0,		0.00,		0,		inf,		-inf,		0,		0,		32.27,		32.42,		32.36,		1.197e-06,		inf,		-inf,		0,		0,		1.941,		15.47,		33280,		0,		0,		0,		6633,		0,		0,		0,		72,		0,		0,		0,		173775,		38,		13.25,		
35.007645,		1.000061,		0,		29,		0,		0.00,		0,		inf,		-inf,		0,		0,		32.29,		32.42,		32.35,		1.133e-06,		inf,		-inf,		0,		0,		1.996,		15.92,		33280,		0,		0,		0,		6633,		0,		0,		0,		72,		0,		0,		0,		178966,		38,		12.25,		
36.007851,		1.000062,		0,		29,		0,		0.00,		0,		inf,		-inf,		0,		0,		32.28,		32.43,		32.35,		9.514e-07,		inf,		-inf,		0,		0,		2.044,		16.37,		33280,		0,		0,		0,		6633,		0,		0,		0,		72,		0,		0,		0,		184165,		38,		12.75,		
37.008049,		1.000061,		0,		29,		0,		0.00,		0,		inf,		-inf,		0,		0,		32.26,		32.4,		32.34,		7.668e-07,		inf,		-inf,		0,		0,		2.095,		16.82,		33280,		0,		0,		0,		6633,		0,		0,		0,		80,		0,		0,		0,		189361,		38,		12.5,		
38.008244,		1.000061,		0,		29,		0,		0.00,		0,		inf,		-inf,		0,		0,		32.24,		32.46,		32.35,		2.605e-06,		inf,		-inf,		0,		0,		2.154,		17.26,		33280,		0,		0,		0,		6633,		0,		0,		0,		80,		0,		0,		0,		194564,		39,		12.5,		
39.008446,		1.000071,		0,		29,		0,		0.00,		0,		inf,		-inf,		0,		0,		32.22,		32.46,		32.35,		2.104e-06,		inf,		-inf,		0,		0,		2.202,		17.72,		33280,		0,		0,		0,		6633,		0,		0,		0,		80,		0,		0,		0,		199752,		40,		12.5,		
40.008652,		1.000061,		0,		29,		0,		0.00,		0,		inf,		-inf,		0,		0,		32.29,		32.42,		32.34,		7.28e-07,		inf,		-inf,		0,		0,		2.255,		18.17,		33280,		0,		0,		0,		6633,		0,		0,		0,		80,		0,		0,		0,		204951,		40,		12.5,		
41.008862,		1.000064,		0,		29,		0,		0.00,		0,		inf,		-inf,		0,		0,		32.26,		32.44,		32.34,		1.568e-06,		inf,		-inf,		0,		0,		2.305,		18.62,		33280,		0,		0,		0,		6633,		0,		0,		0,		80,		0,		0,		0,		210145,		41,		12.75,		
42.009071,		1.000064,		0,		29,		0,		0.00,		0,		inf,		-inf,		0,		0,		32.23,		32.44,		32.33,		1.794e-06,		inf,		-inf,		0,		0,		2.352,		19.08,		33280,		0,		0,		0,		6633,		0,		0,		0,		80,		0,		0,		0,		215331,		41,		12.5,		
43.009281,		1.000065,		0,		29,		0,		0.00,		0,		inf,		-inf,		0,		0,		32.27,		32.44,		32.34,		1.508e-06,		inf,		-inf,		0,		0,		2.414,		19.53,		33280,		0,		0,		0,		6633,		0,		0,		0,		88,		0,		0,		0,		220409,		41,		12.75,		
44.009480,		1.000063,		0,		29,		0,		0.00,		0,		inf,		-inf,		0,		0,		32.28,		32.44,		32.34,		1.764e-06,		inf,		-inf,		0,		0,		2.468,		19.98,		33280,		0,		0,		0,		6633,		0,		0,		0,		88,		0,		0,		0,		225547,		41,		12.75,		
45.009678,		1.000065,		0,		29,		0,		0.00,		0,		inf,		-inf,		0,		0,		32.25,		32.46,		32.34,		2.29e-06,		inf,		-inf,		0,		0,		2.527,		20.45,		33280,		0,		0,		0,		6633,		0,		0,		0,		88,		0,		0,		0,		230504,		41,		13.25,		
46.009876,		1.000062,		0,		29,		0,		0.00,		0,		inf,		-inf,		0,		0,		32.18,		32.46,		32.33,		3.127e-06,		inf,		-inf,		0,		0,		2.579,		20.93,		33280,		0,		0,		0,		6633,		0,		0,		0,		88,		0,		0,		0,		235488,		42,		13,		
47.010090,		1.000065,		0,		29,		0,		0.00,		0,		inf,		-inf,		0,		0,		32.29,		32.45,		32.35,		1.496e-06,		inf,		-inf,		0,		0,		2.64,		21.39,		33280,		0,		0,		0,		6633,		0,		0,		0,		88,		0,		0,		0,		240501,		42,		13.25,		
48.010284,		1.000065,		0,		29,		0,		0.00,		0,		inf,		-inf,		0,		0,		32.28,		32.4,		32.34,		1.107e-06,		inf,		-inf,		0,		0,		2.705,		21.83,		33280,		0,		0,		0,		6633,		0,		0,		0,		88,		0,		0,		0,		245648,		42,		12.75,		
49.010509,		1.000087,		0,		29,		0,		0.00,		0,		inf,		-inf,		0,		0,		32.28,		32.41,		32.35,		1.124e-06,		inf,		-inf,		0,		0,		2.772,		22.29,		33280,		0,		0,		0,		6633,		0,		0,		0,		96,		0,		0,		0,		250598,		43,		13.25,		
50.010784,		1.000072,		0,		29,		0,		0.00,		0,		inf,		-inf,		0,		0,		32.25,		32.41,		32.35,		1.764e-06,		inf,		-inf,		0,		0,		2.839,		22.75,		33280,		0,		0,		0,		6633,		0,		0,		0,		104,		0,		0,		0,		255573,		43,		13,		
51.011032,		1.000074,		0,		29,		0,		0.00,		0,		inf,		-inf,		0,		0,		32.27,		32.44,		32.34,		1.893e-06,		inf,		-inf,		0,		0,		2.891,		23.21,		33280,		0,		0,		0,		6633,		0,		0,		0,		104,		0,		0,		0,		260673,		44,		13,		
52.011292,		1.000078,		0,		29,		0,		0.00,		0,		inf,		-inf,		0,		0,		32.28,		32.42,		32.35,		1.307e-06,		inf,		-inf,		0,		0,		2.942,		23.67,		33280,		0,		0,		0,		6633,		0,		0,		0,		104,		0,		0,		0,		265793,		44,		12.75,		
53.011555,		1.000078,		0,		29,		0,		0.00,		0,		inf,		-inf,		0,		0,		32.24,		32.43,		32.35,		1.787e-06,		inf,		-inf,		0,		0,		2.997,		24.12,		33280,		0,		0,		0,		6633,		0,		0,		0,		104,		0,		0,		0,		270986,		44,		12.25,		
54.011806,		1.000068,		0,		29,		0,		0.00,		0,		inf,		-inf,		0,		0,		32.29,		32.4,		32.36,		8.147e-07,		inf,		-inf,		0,		0,		3.06,		24.58,		33280,		0,		0,		0,		6633,		0,		0,		0,		104,		0,		0,		0,		276000,		44,		13.25,		
55.012070,		1.000078,		0,		29,		0,		0.00,		0,		inf,		-inf,		0,		0,		32.26,		32.4,		32.35,		1.412e-06,		inf,		-inf,		0,		0,		3.122,		25.03,		33280,		0,		0,		0,		6633,		0,		0,		0,		112,		0,		0,		0,		281093,		44,		13,		
56.012321,		1.000070,		0,		29,		0,		0.00,		0,		inf,		-inf,		0,		0,		32.21,		32.39,		32.34,		1.509e-06,		inf,		-inf,		0,		0,		3.183,		25.48,		33280,		0,		0,		0,		6633,		0,		0,		0,		112,		0,		0,		0,		286250,		44,		12.5,		
57.012592,		1.000079,		0,		29,		0,		0.00,		0,		inf,		-inf,		0,		0,		32.3,		32.4,		32.35,		6.101e-07,		inf,		-inf,		0,		0,		3.236,		25.93,		33280,		0,		0,		0,		6633,		0,		0,		0,		112,		0,		0,		0,		291359,		44,		12.75,		
58.012859,		1.000076,		0,		29,		0,		0.00,		0,		inf,		-inf,		0,		0,		32.27,		32.42,		32.35,		1.207e-06,		inf,		-inf,		0,		0,		3.291,		26.39,		33280,		0,		0,		0,		6633,		0,		0,		0,		112,		0,		0,		0,		296497,		44,		12.75,		
59.013134,		1.000081,		0,		29,		0,		0.00,		0,		inf,		-inf,		0,		0,		32.23,		32.39,		32.33,		1.359e-06,		inf,		-inf,		0,		0,		3.34,		26.84,		33280,		0,		0,		0,		6633,		0,		0,		0,		112,		0,		0,		0,		301686,		44,		12.5,		
60.013382,		1.000067,		0,		29,		0,		0.00,		0,		inf,		-inf,		0,		0,		32.12,		32.44,		32.33,		3.621e-06,		inf,		-inf,		0,		0,		3.395,		27.29,		33280,		0,		0,		0,		6633,		0,		0,		0,		112,		0,		0,		0,		306876,		44,		12.5,		
Maximum runtime reached. Exiting.
[2026-10-10 14:37:07] [INFO] Subscriber 1943128324 delivery: delivered=0 out_of_order=0 timestamp_not_newer=0 writer_switches=0 via_socket_flips=0 out_of_order_discarded=0 rxo_drops=0 reorder_held_peak=0 reorder_delivered=0 reorder_overflow=0 reorder_abandoned=0 gap_abandoned=0 gap_evicted=0 superseded=0
rmw_tickle: executor_poll=1 executor_poll_waits=0 executor_handovers=0 park_wakes=0 discovery_dropped=0 nodes_kept_at_destroy=0 id_muted_drops=0 cache_depth_shortfalls=0 rx_malformed_drops=0 version_mismatch_drops=0
[2026-10-10 14:37:07] [INFO] Node 3 traffic: tx_datagrams=4891894 rx_datagrams=1554 rx_self_sent=1487 rx_self_sent_data=0 rx_self_sent_data_unicast=0 rx_via_data=6 rx_via_well_known=1548 tx_dropped_oversize=0 tx_udp=4891894 tx_shm=0 rx_udp=1554 rx_shm=0 rx_shm_skipped_superseded=0 tx_udp_broadcast=2955 tx_udp_oversize=0 tx_udp_unattached=4888939 shm_full_dropped=0 shm_gave_up=0 shm_doorbells_sent=0 shm_bells_rung=0 shm_doorbells_received=0 shm_segments_created=0 shm_segments_released=0 shm_same_host_peers=0 shm_claim_waits=0 shm_claim_waits_published=0 shm_sleep_cost_ns=0 shm_watches=0 shm_watch_hits=0 shm_epochs_sleeping=0 shm_epochs_waiting=0 shm_cost_sleeping_ns=0 shm_cost_waiting_ns=0 shm_waiting_preferred=0 shm_encoded_in_slot=0 rx_drain_ring_turns=0 shm_sleep_generations=0 shm_generations_kept=0 shm_sleeps=301272 lending=1 lend_retains=0 lend_releases=0 lend_unlendable=0 lend_exhausted=0 lend_bad_releases=0 lend_held=0 shm_full_retained=0 shm_attach_orphaned=0
[2026-10-10 14:37:07] [INFO] Node 3 large: published=1802 reassembled=0 abandoned=0 no_buffer=0 dropped=0 duplicate=0 tail_abandoned=109 window_too_small=0 send_waits=301198
