Experiment id: 9316564b-c819-432d-a8d9-8ad11f08424b
Performance Test Version: 5b1035d-dirty
Logfile name: 
Communication mean: ROS2
RMW Implementation: rmw_tickle
DDS domain id: 61
QOS: Reliability: BEST_EFFORT Durability: VOLATILE History kind: KEEP_LAST History depth: 5 Sync. pub/sub: 0
Publishing rate: 1000
Topic name: Array4m
Maximum runtime (sec): 68
Number of publishers: 0
Number of subscribers: 1
Memory check enabled: 0
Use single participant: 0
With security: 0
Roundtrip Mode: NONE
Ignore seconds from beginning: 0

[2026-10-10 14:27:06] [WARNING] Well-known socket receive buffer is 425984 bytes (asked 4194304) - fewer than 16 datagrams of 65507 bytes; raise net.core.rmem_max to let it grow
[2026-10-10 14:27:06] [WARNING] Data socket receive buffer is 425984 bytes (asked 4194304) - fewer than 16 datagrams of 65507 bytes; raise net.core.rmem_max to let it grow
[2026-10-10 14:27:06] [INFO] Node open at 8343
---EXPERIMENT-START---
T_experiment,	T_loop,	received,	sent,	lost,	relative_loss,	data_received,	latency_min (ms),	latency_max (ms),	latency_mean (ms),	latency_variance (ms),	pub_loop_res_min (ms),	pub_loop_res_max (ms),	pub_loop_res_mean (ms),	pub_loop_res_variance (ms),	sub_loop_res_min (ms),	sub_loop_res_max (ms),	sub_loop_res_mean (ms),	sub_loop_res_variance (ms),	ru_utime,	ru_stime,	ru_maxrss,	ru_ixrss,	ru_idrss,	ru_isrss,	ru_minflt,	ru_majflt,	ru_nswap,	ru_inblock,	ru_oublock,	ru_msgsnd,	ru_msgrcv,	ru_nsignals,	ru_nvcsw,	ru_nivcsw,	cpu_usage (%),	
1.004906,		1.004905,		0,		0,		0,		nan,		0,		inf,		-inf,		0,		nan,		inf,		-inf,		0,		0,		0,		0,		0,		0,		0.01768,		0.0226,		20864,		0,		0,		0,		3540,		1,		0,		0,		16,		0,		0,		0,		84,		12,		0.495,		
2.006005,		1.000962,		0,		0,		0,		nan,		0,		inf,		-inf,		0,		nan,		inf,		-inf,		0,		0,		0,		0,		0,		0,		0.01887,		0.02285,		20864,		0,		0,		0,		3540,		1,		0,		0,		16,		0,		0,		0,		119,		12,		0,		
[2026-10-10 14:27:09] [INFO] Writer proxy created: node 3 entity 994800709 for endpoint 1743618579
3.015210,		1.009106,		0,		0,		0,		nan,		4189848,		56.26,		56.26,		56.26,		0,		inf,		-inf,		0,		0,		0,		0,		0,		0,		0.03711,		0.04772,		33792,		0,		0,		0,		6742,		1,		0,		0,		16,		0,		0,		0,		717,		18,		0.9901,		
4.030493,		1.015139,		26,		0,		4,		inf,		112209165,		38.13,		69.85,		56.28,		0.08383,		inf,		-inf,		0,		0,		0,		0,		0,		0,		0.2267,		0.3165,		37460,		0,		0,		0,		8678,		1,		0,		0,		16,		0,		0,		0,		15530,		35,		11.39,		
5.058603,		1.027980,		28,		0,		0,		nan,		119806154,		39.25,		70.45,		54.77,		0.08139,		inf,		-inf,		0,		0,		0,		0,		0,		0,		0.4394,		0.5706,		37460,		0,		0,		0,		8678,		1,		0,		0,		16,		0,		0,		0,		30679,		66,		11.41,		
6.086718,		1.027987,		28,		0,		1,		inf,		118310028,		38.29,		69.53,		53,		0.08173,		inf,		-inf,		0,		0,		0,		0,		0,		0,		0.651,		0.8286,		37460,		0,		0,		0,		8678,		1,		0,		0,		16,		0,		0,		0,		45812,		82,		11.41,		
7.114715,		1.027864,		28,		0,		1,		inf,		118308340,		38.88,		70.57,		54.26,		0.09739,		inf,		-inf,		0,		0,		0,		0,		0,		0,		0.8492,		1.074,		37460,		0,		0,		0,		8678,		1,		0,		0,		24,		0,		0,		0,		61196,		94,		10.68,		
8.142817,		1.027983,		28,		0,		1,		inf,		118324154,		37.89,		69.56,		53.63,		0.09965,		inf,		-inf,		0,		0,		0,		0,		0,		0,		1.064,		1.304,		37460,		0,		0,		0,		8678,		1,		0,		0,		24,		0,		0,		0,		76571,		114,		10.92,		
9.170957,		1.028008,		28,		0,		1,		inf,		118309407,		37.38,		70.09,		54.22,		0.09615,		inf,		-inf,		0,		0,		0,		0,		0,		0,		1.267,		1.55,		37460,		0,		0,		0,		8678,		1,		0,		0,		24,		0,		0,		0,		91902,		136,		10.78,		
10.199043,		1.027966,		26,		0,		3,		inf,		110148001,		37.94,		71.09,		54.98,		0.09552,		inf,		-inf,		0,		0,		0,		0,		0,		0,		1.478,		1.822,		37460,		0,		0,		0,		8678,		1,		0,		0,		24,		0,		0,		0,		106974,		152,		11.89,		
11.228326,		1.029151,		25,		0,		3,		inf,		106071909,		38.97,		70.27,		56.03,		0.08755,		inf,		-inf,		0,		0,		0,		0,		0,		0,		1.693,		2.084,		37460,		0,		0,		0,		8678,		1,		0,		0,		24,		0,		0,		0,		122213,		184,		11.65,		
12.255184,		1.026726,		28,		0,		1,		inf,		118174285,		37.52,		70.88,		52.47,		0.0849,		inf,		-inf,		0,		0,		0,		0,		0,		0,		1.917,		2.331,		37460,		0,		0,		0,		8678,		1,		0,		0,		24,		0,		0,		0,		137388,		199,		11.41,		
13.283357,		1.028014,		28,		0,		1,		inf,		118451245,		39.14,		71.4,		54.08,		0.09382,		inf,		-inf,		0,		0,		0,		0,		0,		0,		2.129,		2.585,		37460,		0,		0,		0,		8678,		1,		0,		0,		40,		0,		0,		0,		152624,		214,		11.17,		
14.311425,		1.027938,		26,		0,		3,		inf,		110146561,		38.15,		70.49,		53.61,		0.09734,		inf,		-inf,		0,		0,		0,		0,		0,		0,		2.339,		2.834,		37460,		0,		0,		0,		8678,		1,		0,		0,		40,		0,		0,		0,		167941,		230,		11.17,		
15.374953,		1.063397,		26,		0,		4,		inf,		110153902,		38.69,		70.47,		54.85,		0.1056,		inf,		-inf,		0,		0,		0,		0,		0,		0,		2.575,		3.122,		37460,		0,		0,		0,		8678,		1,		0,		0,		40,		0,		0,		0,		183710,		250,		12.5,		
16.403065,		1.027919,		27,		0,		1,		inf,		114361713,		39.23,		69.47,		54.68,		0.0935,		inf,		-inf,		0,		0,		0,		0,		0,		0,		2.769,		3.41,		37460,		0,		0,		0,		8678,		1,		0,		0,		40,		0,		0,		0,		198666,		275,		11.41,		
17.431143,		1.027887,		28,		0,		1,		inf,		118309034,		38.81,		70.53,		56.15,		0.09017,		inf,		-inf,		0,		0,		0,		0,		0,		0,		2.973,		3.681,		37460,		0,		0,		0,		8678,		1,		0,		0,		40,		0,		0,		0,		213730,		292,		11.89,		
18.459232,		1.027899,		28,		0,		0,		nan,		118313349,		37.82,		69.01,		54.28,		0.08061,		inf,		-inf,		0,		0,		0,		0,		0,		0,		3.18,		3.946,		37460,		0,		0,		0,		8678,		1,		0,		0,		40,		0,		0,		0,		228862,		315,		11.52,		
19.487337,		1.027900,		28,		0,		1,		inf,		118306291,		38.39,		70.08,		53.58,		0.08479,		inf,		-inf,		0,		0,		0,		0,		0,		0,		3.396,		4.204,		37460,		0,		0,		0,		8678,		1,		0,		0,		48,		0,		0,		0,		244021,		339,		11.41,		
20.515415,		1.027883,		26,		0,		3,		inf,		110157206,		37.33,		69.11,		53.15,		0.09603,		inf,		-inf,		0,		0,		0,		0,		0,		0,		3.592,		4.475,		37460,		0,		0,		0,		8678,		1,		0,		0,		48,		0,		0,		0,		259279,		358,		11.41,		
21.543570,		1.027960,		28,		0,		1,		inf,		118311844,		39,		71.16,		54.67,		0.1018,		inf,		-inf,		0,		0,		0,		0,		0,		0,		3.813,		4.731,		37460,		0,		0,		0,		8678,		1,		0,		0,		48,		0,		0,		0,		274402,		378,		11.65,		
22.571594,		1.027857,		27,		0,		2,		inf,		114223413,		37.54,		69.23,		54.45,		0.0977,		inf,		-inf,		0,		0,		0,		0,		0,		0,		4.019,		4.994,		37460,		0,		0,		0,		8678,		1,		0,		0,		48,		0,		0,		0,		289551,		401,		11.17,		
23.599661,		1.027879,		28,		0,		1,		inf,		118322395,		38.7,		70.3,		55.62,		0.09239,		inf,		-inf,		0,		0,		0,		0,		0,		0,		4.232,		5.251,		37460,		0,		0,		0,		8678,		1,		0,		0,		48,		0,		0,		0,		304705,		421,		11.76,		
24.663252,		1.063404,		29,		0,		1,		inf,		122393684,		37.57,		69.25,		54.45,		0.09064,		inf,		-inf,		0,		0,		0,		0,		0,		0,		4.475,		5.528,		37460,		0,		0,		0,		8678,		1,		0,		0,		48,		0,		0,		0,		320357,		439,		11.92,		
25.691261,		1.027819,		27,		0,		0,		nan,		114363222,		38.76,		71.32,		54.23,		0.07943,		inf,		-inf,		0,		0,		0,		0,		0,		0,		4.692,		5.787,		37460,		0,		0,		0,		8678,		1,		0,		0,		56,		0,		0,		0,		335453,		469,		11.65,		
26.719307,		1.027855,		27,		0,		2,		inf,		114241371,		37.64,		70.44,		53.33,		0.09267,		inf,		-inf,		0,		0,		0,		0,		0,		0,		4.884,		6.048,		37460,		0,		0,		0,		8678,		1,		0,		0,		56,		0,		0,		0,		350787,		487,		11.03,		
27.747496,		1.027989,		27,		0,		2,		inf,		114234872,		38.68,		70.95,		54.18,		0.09876,		inf,		-inf,		0,		0,		0,		0,		0,		0,		5.08,		6.321,		37460,		0,		0,		0,		8678,		1,		0,		0,		56,		0,		0,		0,		365930,		504,		11.41,		
28.775578,		1.027893,		27,		0,		2,		inf,		114223329,		37.76,		72.19,		54.51,		0.1056,		inf,		-inf,		0,		0,		0,		0,		0,		0,		5.297,		6.579,		37460,		0,		0,		0,		8678,		1,		0,		0,		56,		0,		0,		0,		381005,		519,		11.41,		
29.803686,		1.027924,		27,		0,		2,		inf,		114233977,		40.08,		71.62,		55.97,		0.09986,		inf,		-inf,		0,		0,		0,		0,		0,		0,		5.502,		6.859,		37460,		0,		0,		0,		8678,		1,		0,		0,		56,		0,		0,		0,		395946,		540,		11.89,		
30.831753,		1.027876,		27,		0,		2,		inf,		114228929,		37.86,		72.1,		54.97,		0.09053,		inf,		-inf,		0,		0,		0,		0,		0,		0,		5.704,		7.124,		37460,		0,		0,		0,		8678,		1,		0,		0,		56,		0,		0,		0,		411184,		561,		11.41,		
31.859831,		1.027885,		27,		0,		1,		inf,		114234254,		38.45,		69.61,		54.54,		0.08013,		inf,		-inf,		0,		0,		0,		0,		0,		0,		5.902,		7.394,		37460,		0,		0,		0,		8678,		1,		0,		0,		64,		0,		0,		0,		426407,		576,		11.52,		
32.887959,		1.027918,		27,		0,		2,		inf,		114233494,		39.01,		72.24,		53.7,		0.08765,		inf,		-inf,		0,		0,		0,		0,		0,		0,		6.095,		7.666,		37460,		0,		0,		0,		8678,		1,		0,		0,		72,		0,		0,		0,		441652,		590,		11.17,		
33.916027,		1.027874,		28,		0,		1,		inf,		118308335,		37.96,		70.75,		53.6,		0.09557,		inf,		-inf,		0,		0,		0,		0,		0,		0,		6.302,		7.931,		37460,		0,		0,		0,		8678,		1,		0,		0,		72,		0,		0,		0,		456786,		611,		11.65,		
34.944115,		1.027893,		28,		0,		1,		inf,		118314472,		39.11,		70.29,		53.98,		0.09883,		inf,		-inf,		0,		0,		0,		0,		0,		0,		6.507,		8.191,		37460,		0,		0,		0,		8678,		1,		0,		0,		72,		0,		0,		0,		472003,		634,		11.17,		
35.972275,		1.027952,		27,		0,		2,		inf,		114232133,		38.69,		69.85,		54,		0.0973,		inf,		-inf,		0,		0,		0,		0,		0,		0,		6.713,		8.439,		37460,		0,		0,		0,		8678,		1,		0,		0,		72,		0,		0,		0,		487337,		654,		10.92,		
37.000343,		1.027882,		27,		0,		2,		inf,		114225331,		37.66,		70.42,		55.14,		0.09644,		inf,		-inf,		0,		0,		0,		0,		0,		0,		6.905,		8.714,		37460,		0,		0,		0,		8678,		1,		0,		0,		80,		0,		0,		0,		502580,		670,		11.52,		
38.028400,		1.027873,		28,		0,		0,		nan,		118314211,		38.23,		69.89,		55.43,		0.08104,		inf,		-inf,		0,		0,		0,		0,		0,		0,		7.089,		8.982,		37460,		0,		0,		0,		8678,		1,		0,		0,		80,		0,		0,		0,		517792,		691,		10.92,		
39.056412,		1.027816,		28,		0,		1,		inf,		118313846,		38.77,		70.53,		53.43,		0.08227,		inf,		-inf,		0,		0,		0,		0,		0,		0,		7.279,		9.233,		37460,		0,		0,		0,		8678,		1,		0,		0,		80,		0,		0,		0,		533178,		718,		10.68,		
40.085812,		1.029207,		28,		0,		1,		inf,		118323938,		37.72,		69.53,		53.22,		0.09062,		inf,		-inf,		0,		0,		0,		0,		0,		0,		7.495,		9.502,		37460,		0,		0,		0,		8678,		1,		0,		0,		80,		0,		0,		0,		548301,		736,		11.89,		
41.112644,		1.026699,		27,		0,		2,		inf,		114092833,		38.86,		70.71,		54.6,		0.1053,		inf,		-inf,		0,		0,		0,		0,		0,		0,		7.695,		9.77,		37460,		0,		0,		0,		8678,		1,		0,		0,		80,		0,		0,		0,		563539,		748,		11.17,		
42.140697,		1.027922,		28,		0,		1,		inf,		118457647,		39.22,		70.42,		54.25,		0.09766,		inf,		-inf,		0,		0,		0,		0,		0,		0,		7.917,		10.02,		37460,		0,		0,		0,		8678,		1,		0,		0,		88,		0,		0,		0,		578638,		762,		11.52,		
43.169998,		1.029188,		28,		0,		1,		inf,		118317877,		38.88,		70.7,		55.69,		0.09692,		inf,		-inf,		0,		0,		0,		0,		0,		0,		8.124,		10.27,		37460,		0,		0,		0,		8678,		1,		0,		0,		88,		0,		0,		0,		593891,		780,		11.41,		
44.196922,		1.026793,		28,		0,		1,		inf,		118171033,		37.96,		71.25,		55.09,		0.08975,		inf,		-inf,		0,		0,		0,		0,		0,		0,		8.333,		10.53,		37460,		0,		0,		0,		8678,		1,		0,		0,		88,		0,		0,		0,		609070,		797,		11.17,		
45.225021,		1.027975,		28,		0,		0,		nan,		118446754,		39.01,		70.32,		54.24,		0.08012,		inf,		-inf,		0,		0,		0,		0,		0,		0,		8.54,		10.77,		37460,		0,		0,		0,		8678,		1,		0,		0,		88,		0,		0,		0,		624401,		814,		11.17,		
46.254349,		1.029192,		28,		0,		1,		inf,		118309286,		38.05,		70.85,		53.6,		0.0906,		inf,		-inf,		0,		0,		0,		0,		0,		0,		8.754,		11.01,		37460,		0,		0,		0,		8678,		1,		0,		0,		88,		0,		0,		0,		639769,		841,		10.68,		
47.282387,		1.027900,		27,		0,		2,		inf,		114095258,		38.61,		71.26,		54.3,		0.1008,		inf,		-inf,		0,		0,		0,		0,		0,		0,		8.952,		11.29,		37460,		0,		0,		0,		8678,		1,		0,		0,		96,		0,		0,		0,		654809,		867,		11.89,		
48.309265,		1.026750,		27,		0,		2,		inf,		114238622,		37.63,		70.33,		54.11,		0.1027,		inf,		-inf,		0,		0,		0,		0,		0,		0,		9.155,		11.55,		37460,		0,		0,		0,		8678,		1,		0,		0,		96,		0,		0,		0,		669970,		887,		11.27,		
49.338600,		1.029201,		28,		0,		1,		inf,		118450987,		38.74,		70.49,		55.51,		0.09352,		inf,		-inf,		0,		0,		0,		0,		0,		0,		9.366,		11.82,		37460,		0,		0,		0,		8678,		1,		0,		0,		96,		0,		0,		0,		685082,		912,		11.65,		
50.365429,		1.026693,		28,		0,		1,		inf,		118168578,		37.68,		69.41,		54.89,		0.09354,		inf,		-inf,		0,		0,		0,		0,		0,		0,		9.583,		12.08,		37460,		0,		0,		0,		8678,		1,		0,		0,		96,		0,		0,		0,		700121,		940,		11.65,		
51.393570,		1.027988,		27,		0,		1,		inf,		114371048,		40.28,		70,		55.74,		0.07543,		inf,		-inf,		0,		0,		0,		0,		0,		0,		9.77,		12.37,		37460,		0,		0,		0,		8678,		1,		0,		0,		104,		0,		0,		0,		715251,		957,		11.41,		
52.422897,		1.029199,		28,		0,		1,		inf,		118307810,		37.77,		72.18,		53.62,		0.09086,		inf,		-inf,		0,		0,		0,		0,		0,		0,		9.963,		12.66,		37460,		0,		0,		0,		8678,		1,		0,		0,		112,		0,		0,		0,		730328,		974,		11.65,		
53.449688,		1.026661,		28,		0,		1,		inf,		118169844,		38.34,		70.15,		53.78,		0.09412,		inf,		-inf,		0,		0,		0,		0,		0,		0,		10.16,		12.92,		37460,		0,		0,		0,		8678,		1,		0,		0,		112,		0,		0,		0,		745566,		995,		11.52,		
54.479107,		1.029289,		27,		0,		2,		inf,		114376827,		37.92,		70.66,		54.78,		0.09839,		inf,		-inf,		0,		0,		0,		0,		0,		0,		10.37,		13.19,		37460,		0,		0,		0,		8678,		1,		0,		0,		112,		0,		0,		0,		760787,		1016,		11.41,		
55.505939,		1.026697,		28,		0,		1,		inf,		118157515,		38.49,		71.8,		55.06,		0.09993,		inf,		-inf,		0,		0,		0,		0,		0,		0,		10.58,		13.45,		37460,		0,		0,		0,		8678,		1,		0,		0,		112,		0,		0,		0,		775862,		1031,		11.41,		
56.534016,		1.027882,		28,		0,		1,		inf,		118448844,		38.07,		70.81,		55.55,		0.09435,		inf,		-inf,		0,		0,		0,		0,		0,		0,		10.8,		13.71,		37460,		0,		0,		0,		8678,		1,		0,		0,		112,		0,		0,		0,		790975,		1050,		11.41,		
57.562145,		1.027939,		28,		0,		0,		nan,		118314591,		39.99,		70.3,		56.05,		0.08225,		inf,		-inf,		0,		0,		0,		0,		0,		0,		11.02,		13.96,		37460,		0,		0,		0,		8678,		1,		0,		0,		120,		0,		0,		0,		806087,		1065,		11.41,		
58.625607,		1.063269,		29,		0,		1,		inf,		122387506,		39.14,		70.93,		54.49,		0.08532,		inf,		-inf,		0,		0,		0,		0,		0,		0,		11.25,		14.24,		37460,		0,		0,		0,		8678,		1,		0,		0,		120,		0,		0,		0,		821847,		1087,		12.26,		
59.689129,		1.063334,		28,		0,		1,		inf,		118319715,		38.18,		69.87,		53.59,		0.08744,		inf,		-inf,		0,		0,		0,		0,		0,		0,		11.5,		14.5,		37460,		0,		0,		0,		8678,		1,		0,		0,		120,		0,		0,		0,		837611,		1113,		12.26,		
60.717274,		1.027939,		27,		0,		1,		inf,		114369851,		39.25,		71,		54.5,		0.09503,		inf,		-inf,		0,		0,		0,		0,		0,		0,		11.7,		14.76,		37460,		0,		0,		0,		8678,		1,		0,		0,		120,		0,		0,		0,		852984,		1138,		10.68,		
61.745399,		1.027933,		28,		0,		1,		inf,		118307992,		38.22,		69.99,		53.84,		0.09939,		inf,		-inf,		0,		0,		0,		0,		0,		0,		11.92,		14.98,		37460,		0,		0,		0,		8678,		1,		0,		0,		120,		0,		0,		0,		868353,		1157,		10.92,		
62.808910,		1.063381,		27,		0,		3,		inf,		114228476,		39.3,		71.04,		55.34,		0.1059,		inf,		-inf,		0,		0,		0,		0,		0,		0,		12.15,		15.25,		37460,		0,		0,		0,		8678,		1,		0,		0,		128,		0,		0,		0,		884173,		1178,		12.03,		
63.887363,		1.078263,		3,		0,		0,		nan,		15775341,		54.07,		61.08,		57.63,		0.00693,		inf,		-inf,		0,		0,		0,		0,		0,		0,		12.27,		15.3,		37460,		0,		0,		0,		8678,		1,		0,		0,		128,		0,		0,		0,		886939,		1185,		3.704,		
64.888680,		1.001174,		0,		0,		0,		nan,		0,		inf,		-inf,		0,		nan,		inf,		-inf,		0,		0,		0,		0,		0,		0,		12.27,		15.3,		37460,		0,		0,		0,		8678,		1,		0,		0,		128,		0,		0,		0,		886974,		1185,		0,		
65.889832,		1.001013,		0,		0,		0,		nan,		0,		inf,		-inf,		0,		nan,		inf,		-inf,		0,		0,		0,		0,		0,		0,		12.27,		15.3,		37460,		0,		0,		0,		8678,		1,		0,		0,		128,		0,		0,		0,		887010,		1185,		0,		
[2026-10-10 14:28:12] [WARNING] Node 3 presumed dead (silent for 3500 ms, liveliness deferred 0 times so far)
66.890938,		1.000979,		0,		0,		0,		nan,		0,		inf,		-inf,		0,		nan,		inf,		-inf,		0,		0,		0,		0,		0,		0,		12.27,		15.3,		37460,		0,		0,		0,		8678,		1,		0,		0,		128,		0,		0,		0,		887046,		1185,		0,		
67.892052,		1.001001,		0,		0,		0,		nan,		0,		inf,		-inf,		0,		nan,		inf,		-inf,		0,		0,		0,		0,		0,		0,		12.27,		15.3,		37460,		0,		0,		0,		8678,		1,		0,		0,		128,		0,		0,		0,		887082,		1185,		0.2475,		
68.993271,		1.101095,		0,		0,		0,		nan,		0,		inf,		-inf,		0,		nan,		inf,		-inf,		0,		0,		0,		0,		0,		0,		12.37,		15.3,		37460,		0,		0,		0,		8678,		1,		0,		0,		136,		0,		0,		0,		887121,		1200,		2.273,		
Maximum runtime reached. Exiting.
[2026-10-10 14:28:15] [INFO] Subscriber 1743618579 delivery: delivered=1661 out_of_order=0 timestamp_not_newer=0 writer_switches=0 via_socket_flips=1 out_of_order_discarded=0 rxo_drops=0 reorder_held_peak=0 reorder_delivered=0 reorder_overflow=0 reorder_abandoned=0 gap_abandoned=0 gap_evicted=0 superseded=0
[2026-10-10 14:28:15] [INFO] Subscriber 1943128324 delivery: delivered=0 out_of_order=0 timestamp_not_newer=0 writer_switches=0 via_socket_flips=0 out_of_order_discarded=0 rxo_drops=0 reorder_held_peak=0 reorder_delivered=0 reorder_overflow=0 reorder_abandoned=0 gap_abandoned=0 gap_evicted=0 superseded=0
rmw_tickle: executor_poll=1 executor_poll_waits=1752 executor_handovers=1 park_wakes=1 discovery_dropped=0 nodes_kept_at_destroy=0 id_muted_drops=0 cache_depth_shortfalls=0 rx_malformed_drops=0 version_mismatch_drops=0
[2026-10-10 14:28:15] [INFO] Node 2 traffic: tx_datagrams=87 rx_datagrams=4890728 rx_self_sent=73 rx_self_sent_data=0 rx_self_sent_data_unicast=0 rx_via_data=4887699 rx_via_well_known=3029 tx_dropped_oversize=0 tx_udp=87 tx_shm=0 rx_udp=4890728 rx_shm=0 rx_shm_skipped_superseded=0 tx_udp_broadcast=75 tx_udp_oversize=0 tx_udp_unattached=12 shm_full_dropped=0 shm_gave_up=0 shm_doorbells_sent=0 shm_bells_rung=0 shm_doorbells_received=0 shm_segments_created=0 shm_segments_released=0 shm_same_host_peers=0 shm_claim_waits=0 shm_claim_waits_published=0 shm_sleep_cost_ns=0 shm_watches=0 shm_watch_hits=0 shm_epochs_sleeping=0 shm_epochs_waiting=0 shm_cost_sleeping_ns=0 shm_cost_waiting_ns=0 shm_waiting_preferred=0 shm_encoded_in_slot=0 rx_drain_ring_turns=0 shm_sleep_generations=0 shm_generations_kept=0 shm_sleeps=888017 lending=1 lend_retains=0 lend_releases=0 lend_unlendable=0 lend_exhausted=0 lend_bad_releases=0 lend_held=0 shm_full_retained=0 shm_attach_orphaned=0
[2026-10-10 14:28:15] [INFO] Node 2 large: published=0 reassembled=1661 abandoned=32 no_buffer=0 dropped=0 duplicate=0 tail_abandoned=0 window_too_small=0 send_waits=0
