Experiment id: 71d7588e-ecd3-4143-8b8b-ee5629fa92e5
Performance Test Version: 5b1035d-dirty
Logfile name: 
Communication mean: ROS2
RMW Implementation: rmw_tickle
DDS domain id: 61
QOS: Reliability: BEST_EFFORT Durability: VOLATILE History kind: KEEP_LAST History depth: 5 Sync. pub/sub: 0
Publishing rate: 30
Topic name: Array4m
Maximum runtime (sec): 60
Number of publishers: 1
Number of subscribers: 0
Memory check enabled: 0
Use single participant: 0
With security: 0
Roundtrip Mode: NONE
Ignore seconds from beginning: 0

[2026-10-10 14:27:09] [WARNING] Well-known socket receive buffer is 425984 bytes (asked 4194304) - fewer than 16 datagrams of 65507 bytes; raise net.core.rmem_max to let it grow
[2026-10-10 14:27:09] [WARNING] Data socket receive buffer is 425984 bytes (asked 4194304) - fewer than 16 datagrams of 65507 bytes; raise net.core.rmem_max to let it grow
[2026-10-10 14:27:09] [INFO] Node open at 8343
---EXPERIMENT-START---
T_experiment,	T_loop,	received,	sent,	lost,	relative_loss,	data_received,	latency_min (ms),	latency_max (ms),	latency_mean (ms),	latency_variance (ms),	pub_loop_res_min (ms),	pub_loop_res_max (ms),	pub_loop_res_mean (ms),	pub_loop_res_variance (ms),	sub_loop_res_min (ms),	sub_loop_res_max (ms),	sub_loop_res_mean (ms),	sub_loop_res_variance (ms),	ru_utime,	ru_stime,	ru_maxrss,	ru_ixrss,	ru_idrss,	ru_isrss,	ru_minflt,	ru_majflt,	ru_nswap,	ru_inblock,	ru_oublock,	ru_msgsnd,	ru_msgrcv,	ru_nsignals,	ru_nvcsw,	ru_nivcsw,	cpu_usage (%),	
[2026-10-10 14:27:09] [INFO] Whole-record send refused: no known unicast peer, so this publish broadcasts
[2026-10-10 14:27:09] [INFO] Publisher peer registered: node 2 at 192.168.10.2:59460 for endpoint 1743618579
1.000072,		1.000070,		0,		30,		0,		0.00,		0,		inf,		-inf,		0,		0,		-3.629,		32.44,		30.62,		0.04254,		inf,		-inf,		0,		0,		0.06199,		0.5241,		33280,		0,		0,		0,		6631,		0,		0,		0,		16,		0,		0,		0,		4706,		20,		14.11,		
2.000348,		1.000064,		0,		29,		0,		0.00,		0,		inf,		-inf,		0,		0,		32.26,		32.42,		32.34,		1.698e-06,		inf,		-inf,		0,		0,		0.1121,		0.9922,		33280,		0,		0,		0,		6631,		0,		0,		0,		16,		0,		0,		0,		9750,		20,		13,		
3.000558,		1.000066,		0,		29,		0,		0.00,		0,		inf,		-inf,		0,		0,		32.19,		32.43,		32.34,		2.968e-06,		inf,		-inf,		0,		0,		0.1716,		1.442,		33280,		0,		0,		0,		6631,		0,		0,		0,		16,		0,		0,		0,		14873,		20,		12.75,		
4.000762,		1.000063,		0,		29,		0,		0.00,		0,		inf,		-inf,		0,		0,		32.23,		32.43,		32.33,		2.412e-06,		inf,		-inf,		0,		0,		0.2389,		1.883,		33280,		0,		0,		0,		6631,		0,		0,		0,		16,		0,		0,		0,		20022,		20,		12.5,		
5.000957,		1.000062,		0,		29,		0,		0.00,		0,		inf,		-inf,		0,		0,		32.28,		32.41,		32.35,		1.215e-06,		inf,		-inf,		0,		0,		0.3008,		2.328,		33280,		0,		0,		0,		6631,		0,		0,		0,		16,		0,		0,		0,		25171,		20,		12.75,		
6.001152,		1.000061,		0,		29,		0,		0.00,		0,		inf,		-inf,		0,		0,		32.25,		32.44,		32.34,		2.321e-06,		inf,		-inf,		0,		0,		0.3588,		2.788,		33280,		0,		0,		0,		6631,		0,		0,		0,		16,		0,		0,		0,		30218,		20,		12.75,		
7.001361,		1.000063,		0,		29,		0,		0.00,		0,		inf,		-inf,		0,		0,		32.24,		32.44,		32.33,		2.043e-06,		inf,		-inf,		0,		0,		0.408,		3.251,		33280,		0,		0,		0,		6631,		0,		0,		0,		24,		0,		0,		0,		35334,		20,		13,		
8.001572,		1.000062,		0,		29,		0,		0.00,		0,		inf,		-inf,		0,		0,		32.22,		32.46,		32.33,		3.608e-06,		inf,		-inf,		0,		0,		0.4754,		3.703,		33280,		0,		0,		0,		6631,		0,		0,		0,		24,		0,		0,		0,		40381,		20,		13,		
9.001775,		1.000062,		0,		29,		0,		0.00,		0,		inf,		-inf,		0,		0,		32.24,		32.43,		32.34,		2.644e-06,		inf,		-inf,		0,		0,		0.5302,		4.169,		33280,		0,		0,		0,		6631,		0,		0,		0,		24,		0,		0,		0,		45406,		20,		13,		
10.001973,		1.000063,		0,		29,		0,		0.00,		0,		inf,		-inf,		0,		0,		32.25,		32.46,		32.35,		2.213e-06,		inf,		-inf,		0,		0,		0.5799,		4.626,		33280,		0,		0,		0,		6631,		0,		0,		0,		24,		0,		0,		0,		50570,		20,		12.5,		
11.002170,		1.000063,		0,		29,		0,		0.00,		0,		inf,		-inf,		0,		0,		32.22,		32.45,		32.34,		2.092e-06,		inf,		-inf,		0,		0,		0.6259,		5.089,		33280,		0,		0,		0,		6631,		0,		0,		0,		24,		0,		0,		0,		55705,		20,		12.75,		
12.002382,		1.000067,		0,		29,		0,		0.00,		0,		inf,		-inf,		0,		0,		32.21,		32.45,		32.34,		2.543e-06,		inf,		-inf,		0,		0,		0.6725,		5.546,		33280,		0,		0,		0,		6631,		0,		0,		0,		24,		0,		0,		0,		60885,		20,		12.75,		
13.002618,		1.000070,		0,		29,		0,		0.00,		0,		inf,		-inf,		0,		0,		32.27,		32.43,		32.35,		1.562e-06,		inf,		-inf,		0,		0,		0.7206,		6.007,		33280,		0,		0,		0,		6631,		0,		0,		0,		40,		0,		0,		0,		66004,		21,		12.75,		
14.002828,		1.000066,		0,		29,		0,		0.00,		0,		inf,		-inf,		0,		0,		32.27,		32.45,		32.35,		2.066e-06,		inf,		-inf,		0,		0,		0.7656,		6.468,		33280,		0,		0,		0,		6631,		0,		0,		0,		40,		0,		0,		0,		71169,		21,		12.5,		
15.003062,		1.000083,		0,		30,		0,		0.00,		0,		inf,		-inf,		0,		0,		32.27,		32.43,		32.34,		1.708e-06,		inf,		-inf,		0,		0,		0.8117,		6.928,		33280,		0,		0,		0,		6631,		0,		0,		0,		40,		0,		0,		0,		76341,		22,		12.75,		
16.003441,		1.000091,		0,		29,		0,		0.00,		0,		inf,		-inf,		0,		0,		32.25,		32.43,		32.34,		1.641e-06,		inf,		-inf,		0,		0,		0.8578,		7.387,		33280,		0,		0,		0,		6631,		0,		0,		0,		40,		0,		0,		0,		81505,		22,		12.5,		
17.003828,		1.000090,		0,		29,		0,		0.00,		0,		inf,		-inf,		0,		0,		32.26,		32.44,		32.35,		1.918e-06,		inf,		-inf,		0,		0,		0.9072,		7.848,		33280,		0,		0,		0,		6631,		0,		0,		0,		40,		0,		0,		0,		86619,		23,		12.75,		
18.004057,		1.000066,		0,		29,		0,		0.00,		0,		inf,		-inf,		0,		0,		32.26,		32.45,		32.35,		1.848e-06,		inf,		-inf,		0,		0,		0.9596,		8.306,		33280,		0,		0,		0,		6631,		0,		0,		0,		40,		0,		0,		0,		91746,		23,		12.75,		
19.004261,		1.000071,		0,		29,		0,		0.00,		0,		inf,		-inf,		0,		0,		32.24,		32.41,		32.34,		2.005e-06,		inf,		-inf,		0,		0,		1.007,		8.773,		33280,		0,		0,		0,		6631,		0,		0,		0,		48,		0,		0,		0,		96835,		23,		13,		
20.004484,		1.000070,		0,		29,		0,		0.00,		0,		inf,		-inf,		0,		0,		32.26,		32.44,		32.36,		2.085e-06,		inf,		-inf,		0,		0,		1.063,		9.223,		33280,		0,		0,		0,		6631,		0,		0,		0,		48,		0,		0,		0,		102000,		23,		12.75,		
21.004696,		1.000069,		0,		29,		0,		0.00,		0,		inf,		-inf,		0,		0,		32.25,		32.41,		32.34,		1.939e-06,		inf,		-inf,		0,		0,		1.107,		9.691,		33280,		0,		0,		0,		6631,		0,		0,		0,		48,		0,		0,		0,		107117,		24,		12.75,		
22.004908,		1.000068,		0,		29,		0,		0.00,		0,		inf,		-inf,		0,		0,		32.24,		32.43,		32.34,		2.337e-06,		inf,		-inf,		0,		0,		1.149,		10.16,		33280,		0,		0,		0,		6631,		0,		0,		0,		48,		0,		0,		0,		112197,		25,		12.75,		
23.005114,		1.000069,		0,		29,		0,		0.00,		0,		inf,		-inf,		0,		0,		32.27,		32.44,		32.34,		1.671e-06,		inf,		-inf,		0,		0,		1.203,		10.62,		33280,		0,		0,		0,		6631,		0,		0,		0,		48,		0,		0,		0,		117331,		25,		12.75,		
24.005327,		1.000069,		0,		29,		0,		0.00,		0,		inf,		-inf,		0,		0,		32.23,		32.42,		32.34,		1.484e-06,		inf,		-inf,		0,		0,		1.255,		11.08,		33280,		0,		0,		0,		6631,		0,		0,		0,		48,		0,		0,		0,		122415,		25,		13,		
25.005539,		1.000071,		0,		29,		0,		0.00,		0,		inf,		-inf,		0,		0,		32.27,		32.44,		32.35,		1.872e-06,		inf,		-inf,		0,		0,		1.303,		11.54,		33280,		0,		0,		0,		6631,		0,		0,		0,		56,		0,		0,		0,		127586,		26,		12.5,		
26.005793,		1.000077,		0,		29,		0,		0.00,		0,		inf,		-inf,		0,		0,		32.26,		32.43,		32.34,		2.193e-06,		inf,		-inf,		0,		0,		1.351,		12,		33280,		0,		0,		0,		6631,		0,		0,		0,		56,		0,		0,		0,		132756,		26,		12.75,		
27.005993,		1.000068,		0,		29,		0,		0.00,		0,		inf,		-inf,		0,		0,		32.27,		32.4,		32.35,		1.162e-06,		inf,		-inf,		0,		0,		1.398,		12.46,		33280,		0,		0,		0,		6631,		0,		0,		0,		56,		0,		0,		0,		137825,		27,		12.75,		
28.006199,		1.000066,		0,		29,		0,		0.00,		0,		inf,		-inf,		0,		0,		32.26,		32.41,		32.35,		1.261e-06,		inf,		-inf,		0,		0,		1.448,		12.92,		33280,		0,		0,		0,		6631,		0,		0,		0,		56,		0,		0,		0,		143012,		27,		12.5,		
29.006414,		1.000080,		0,		29,		0,		0.00,		0,		inf,		-inf,		0,		0,		32.24,		32.46,		32.35,		2.526e-06,		inf,		-inf,		0,		0,		1.493,		13.39,		33280,		0,		0,		0,		6631,		0,		0,		0,		56,		0,		0,		0,		148092,		27,		13,		
30.006617,		1.000069,		0,		29,		0,		0.00,		0,		inf,		-inf,		0,		0,		32.27,		32.44,		32.36,		1.698e-06,		inf,		-inf,		0,		0,		1.542,		13.84,		33280,		0,		0,		0,		6631,		0,		0,		0,		56,		0,		0,		0,		153275,		27,		12.75,		
31.006882,		1.000071,		0,		29,		0,		0.00,		0,		inf,		-inf,		0,		0,		32.24,		32.45,		32.33,		3.185e-06,		inf,		-inf,		0,		0,		1.591,		14.3,		33280,		0,		0,		0,		6631,		0,		0,		0,		72,		0,		0,		0,		158469,		28,		12.5,		
32.007095,		1.000068,		0,		29,		0,		0.00,		0,		inf,		-inf,		0,		0,		32.25,		32.45,		32.35,		2.211e-06,		inf,		-inf,		0,		0,		1.638,		14.75,		33280,		0,		0,		0,		6631,		0,		0,		0,		72,		0,		0,		0,		163651,		28,		12.5,		
33.007309,		1.000069,		0,		29,		0,		0.00,		0,		inf,		-inf,		0,		0,		32.26,		32.41,		32.35,		2.06e-06,		inf,		-inf,		0,		0,		1.691,		15.21,		33280,		0,		0,		0,		6631,		0,		0,		0,		72,		0,		0,		0,		168809,		28,		12.75,		
34.007515,		1.000068,		0,		29,		0,		0.00,		0,		inf,		-inf,		0,		0,		32.2,		32.43,		32.35,		1.997e-06,		inf,		-inf,		0,		0,		1.738,		15.67,		33280,		0,		0,		0,		6631,		0,		0,		0,		72,		0,		0,		0,		173946,		29,		12.5,		
35.007729,		1.000068,		0,		29,		0,		0.00,		0,		inf,		-inf,		0,		0,		32.26,		32.43,		32.34,		1.854e-06,		inf,		-inf,		0,		0,		1.785,		16.13,		33280,		0,		0,		0,		6631,		0,		0,		0,		72,		0,		0,		0,		179076,		29,		13,		
36.007938,		1.000068,		0,		29,		0,		0.00,		0,		inf,		-inf,		0,		0,		32.25,		32.44,		32.34,		1.876e-06,		inf,		-inf,		0,		0,		1.842,		16.59,		33280,		0,		0,		0,		6631,		0,		0,		0,		72,		0,		0,		0,		184190,		31,		12.75,		
37.008156,		1.000067,		0,		29,		0,		0.00,		0,		inf,		-inf,		0,		0,		32.28,		32.43,		32.35,		1.754e-06,		inf,		-inf,		0,		0,		1.896,		17.04,		33280,		0,		0,		0,		6631,		0,		0,		0,		80,		0,		0,		0,		189328,		32,		12.75,		
38.008369,		1.000069,		0,		29,		0,		0.00,		0,		inf,		-inf,		0,		0,		32.29,		32.45,		32.36,		1.944e-06,		inf,		-inf,		0,		0,		1.953,		17.5,		33280,		0,		0,		0,		6631,		0,		0,		0,		80,		0,		0,		0,		194466,		32,		12.75,		
39.008575,		1.000067,		0,		29,		0,		0.00,		0,		inf,		-inf,		0,		0,		32.24,		32.44,		32.34,		2.402e-06,		inf,		-inf,		0,		0,		1.997,		17.96,		33280,		0,		0,		0,		6631,		0,		0,		0,		80,		0,		0,		0,		199545,		32,		12.75,		
40.008781,		1.000067,		0,		29,		0,		0.00,		0,		inf,		-inf,		0,		0,		32.23,		32.42,		32.35,		2.185e-06,		inf,		-inf,		0,		0,		2.058,		18.42,		33280,		0,		0,		0,		6631,		0,		0,		0,		80,		0,		0,		0,		204597,		36,		13,		
41.009041,		1.000079,		0,		29,		0,		0.00,		0,		inf,		-inf,		0,		0,		32.22,		32.42,		32.36,		1.645e-06,		inf,		-inf,		0,		0,		2.106,		18.88,		33280,		0,		0,		0,		6631,		0,		0,		0,		80,		0,		0,		0,		209781,		36,		12.5,		
42.009254,		1.000020,		0,		29,		0,		0.00,		0,		inf,		-inf,		0,		0,		32.3,		32.41,		32.37,		8.235e-07,		inf,		-inf,		0,		0,		2.152,		19.34,		33280,		0,		0,		0,		6631,		0,		0,		0,		80,		0,		0,		0,		214955,		36,		12.62,		
43.009453,		1.000072,		0,		29,		0,		0.00,		0,		inf,		-inf,		0,		0,		32.24,		32.41,		32.35,		2.113e-06,		inf,		-inf,		0,		0,		2.202,		19.8,		33280,		0,		0,		0,		6631,		0,		0,		0,		88,		0,		0,		0,		220047,		36,		13,		
44.009697,		1.000064,		0,		29,		0,		0.00,		0,		inf,		-inf,		0,		0,		31.97,		32.39,		32.33,		6.24e-06,		inf,		-inf,		0,		0,		2.258,		20.25,		33280,		0,		0,		0,		6631,		0,		0,		0,		88,		0,		0,		0,		225180,		36,		12.5,		
45.009964,		1.000086,		0,		29,		0,		0.00,		0,		inf,		-inf,		0,		0,		32.27,		32.41,		32.35,		9.97e-07,		inf,		-inf,		0,		0,		2.295,		20.72,		33280,		0,		0,		0,		6631,		0,		0,		0,		88,		0,		0,		0,		230386,		36,		12.5,		
46.014591,		1.000093,		0,		29,		0,		0.00,		0,		inf,		-inf,		0,		0,		32.25,		32.48,		32.35,		2.501e-06,		inf,		-inf,		0,		0,		2.338,		21.18,		33280,		0,		0,		0,		6631,		0,		0,		0,		88,		0,		0,		0,		235616,		36,		12.5,		
47.014854,		1.000082,		0,		29,		0,		0.00,		0,		inf,		-inf,		0,		0,		32.28,		32.46,		32.35,		1.823e-06,		inf,		-inf,		0,		0,		2.38,		21.64,		33280,		0,		0,		0,		6631,		0,		0,		0,		88,		0,		0,		0,		240827,		36,		12.75,		
48.015118,		1.000074,		0,		29,		0,		0.00,		0,		inf,		-inf,		0,		0,		32.1,		32.41,		32.35,		2.871e-06,		inf,		-inf,		0,		0,		2.426,		22.09,		33280,		0,		0,		0,		6631,		0,		0,		0,		88,		0,		0,		0,		246026,		36,		12.5,		
49.015419,		1.000091,		0,		29,		0,		0.00,		0,		inf,		-inf,		0,		0,		32.28,		32.43,		32.36,		1.433e-06,		inf,		-inf,		0,		0,		2.468,		22.55,		33280,		0,		0,		0,		6631,		0,		0,		0,		96,		0,		0,		0,		251257,		37,		12.5,		
50.015694,		1.000065,		0,		29,		0,		0.00,		0,		inf,		-inf,		0,		0,		32.18,		32.44,		32.34,		2.148e-06,		inf,		-inf,		0,		0,		2.511,		23.03,		33280,		0,		0,		0,		6631,		0,		0,		0,		104,		0,		0,		0,		256320,		37,		13,		
51.015942,		1.000073,		0,		29,		0,		0.00,		0,		inf,		-inf,		0,		0,		32.24,		32.46,		32.36,		2.419e-06,		inf,		-inf,		0,		0,		2.557,		23.49,		33280,		0,		0,		0,		6631,		0,		0,		0,		104,		0,		0,		0,		261439,		37,		12.75,		
52.016174,		1.000070,		0,		29,		0,		0.00,		0,		inf,		-inf,		0,		0,		32.27,		32.45,		32.35,		1.77e-06,		inf,		-inf,		0,		0,		2.596,		23.96,		33280,		0,		0,		0,		6631,		0,		0,		0,		104,		0,		0,		0,		266622,		37,		12.5,		
53.016464,		1.000098,		0,		29,		0,		0.00,		0,		inf,		-inf,		0,		0,		32.25,		32.44,		32.35,		1.442e-06,		inf,		-inf,		0,		0,		2.637,		24.42,		33280,		0,		0,		0,		6631,		0,		0,		0,		104,		0,		0,		0,		271832,		38,		12.5,		
54.016727,		1.000083,		0,		29,		0,		0.00,		0,		inf,		-inf,		0,		0,		32.29,		32.45,		32.35,		1.663e-06,		inf,		-inf,		0,		0,		2.679,		24.88,		33280,		0,		0,		0,		6631,		0,		0,		0,		104,		0,		0,		0,		277067,		38,		12.5,		
55.017006,		1.000084,		0,		29,		0,		0.00,		0,		inf,		-inf,		0,		0,		32.26,		32.47,		32.35,		1.782e-06,		inf,		-inf,		0,		0,		2.724,		25.33,		33280,		0,		0,		0,		6631,		0,		0,		0,		112,		0,		0,		0,		282267,		38,		12.75,		
56.017223,		1.000034,		0,		29,		0,		0.00,		0,		inf,		-inf,		0,		0,		32.29,		32.47,		32.35,		1.82e-06,		inf,		-inf,		0,		0,		2.771,		25.79,		33280,		0,		0,		0,		6631,		0,		0,		0,		112,		0,		0,		0,		287435,		38,		12.75,		
57.018421,		1.000072,		0,		29,		0,		0.00,		0,		inf,		-inf,		0,		0,		32.26,		32.45,		32.36,		2.082e-06,		inf,		-inf,		0,		0,		2.812,		26.25,		33280,		0,		0,		0,		6631,		0,		0,		0,		112,		0,		0,		0,		292647,		38,		12.5,		
58.018658,		1.000082,		0,		29,		0,		0.00,		0,		inf,		-inf,		0,		0,		32.21,		32.45,		32.35,		2.502e-06,		inf,		-inf,		0,		0,		2.854,		26.71,		33280,		0,		0,		0,		6631,		0,		0,		0,		112,		0,		0,		0,		297831,		38,		12.5,		
59.018902,		1.000063,		0,		29,		0,		0.00,		0,		inf,		-inf,		0,		0,		32.05,		32.38,		32.17,		3.435e-06,		inf,		-inf,		0,		0,		2.91,		27.17,		33280,		0,		0,		0,		6631,		0,		0,		0,		112,		0,		0,		0,		302955,		38,		12.5,		
60.019154,		1.000077,		0,		29,		0,		0.00,		0,		inf,		-inf,		0,		0,		32.02,		32.24,		32.18,		2.272e-06,		inf,		-inf,		0,		0,		2.962,		27.62,		33280,		0,		0,		0,		6631,		0,		0,		0,		112,		0,		0,		0,		308113,		39,		13,		
Maximum runtime reached. Exiting.
[2026-10-10 14:28:09] [INFO] Subscriber 1943128324 delivery: delivered=0 out_of_order=0 timestamp_not_newer=0 writer_switches=0 via_socket_flips=0 out_of_order_discarded=0 rxo_drops=0 reorder_held_peak=0 reorder_delivered=0 reorder_overflow=0 reorder_abandoned=0 gap_abandoned=0 gap_evicted=0 superseded=0
rmw_tickle: executor_poll=1 executor_poll_waits=0 executor_handovers=0 park_wakes=0 discovery_dropped=0 nodes_kept_at_destroy=0 id_muted_drops=0 cache_depth_shortfalls=0 rx_malformed_drops=0 version_mismatch_drops=0
[2026-10-10 14:28:09] [INFO] Node 3 traffic: tx_datagrams=4891890 rx_datagrams=2427 rx_self_sent=2361 rx_self_sent_data=0 rx_self_sent_data_unicast=0 rx_via_data=6 rx_via_well_known=2421 tx_dropped_oversize=0 tx_udp=4891890 tx_shm=0 rx_udp=2427 rx_shm=0 rx_shm_skipped_superseded=0 tx_udp_broadcast=2955 tx_udp_oversize=0 tx_udp_unattached=4888935 shm_full_dropped=0 shm_gave_up=0 shm_doorbells_sent=0 shm_bells_rung=0 shm_doorbells_received=0 shm_segments_created=0 shm_segments_released=0 shm_same_host_peers=0 shm_claim_waits=0 shm_claim_waits_published=0 shm_sleep_cost_ns=0 shm_watches=0 shm_watch_hits=0 shm_epochs_sleeping=0 shm_epochs_waiting=0 shm_cost_sleeping_ns=0 shm_cost_waiting_ns=0 shm_waiting_preferred=0 shm_encoded_in_slot=0 rx_drain_ring_turns=0 shm_sleep_generations=0 shm_generations_kept=0 shm_sleeps=302494 lending=1 lend_retains=0 lend_releases=0 lend_unlendable=0 lend_exhausted=0 lend_bad_releases=0 lend_held=0 shm_full_retained=0 shm_attach_orphaned=0
[2026-10-10 14:28:09] [INFO] Node 3 large: published=1802 reassembled=0 abandoned=0 no_buffer=0 dropped=0 duplicate=0 tail_abandoned=109 window_too_small=0 send_waits=302392
