Experiment id: b5e6267e-c99f-4199-9b80-f4bbe348244a
Performance Test Version: 5b1035d-dirty
Logfile name: 
Communication mean: ROS2
RMW Implementation: rmw_tickle
DDS domain id: 61
QOS: Reliability: BEST_EFFORT Durability: VOLATILE History kind: KEEP_LAST History depth: 5 Sync. pub/sub: 0
Publishing rate: 1000
Topic name: Array4m
Maximum runtime (sec): 68
Number of publishers: 0
Number of subscribers: 1
Memory check enabled: 0
Use single participant: 0
With security: 0
Roundtrip Mode: NONE
Ignore seconds from beginning: 0

[2026-10-10 14:36:04] [WARNING] Well-known socket receive buffer is 425984 bytes (asked 4194304) - fewer than 16 datagrams of 65507 bytes; raise net.core.rmem_max to let it grow
[2026-10-10 14:36:04] [WARNING] Data socket receive buffer is 425984 bytes (asked 4194304) - fewer than 16 datagrams of 65507 bytes; raise net.core.rmem_max to let it grow
[2026-10-10 14:36:04] [INFO] Node open at 8343
---EXPERIMENT-START---
T_experiment,	T_loop,	received,	sent,	lost,	relative_loss,	data_received,	latency_min (ms),	latency_max (ms),	latency_mean (ms),	latency_variance (ms),	pub_loop_res_min (ms),	pub_loop_res_max (ms),	pub_loop_res_mean (ms),	pub_loop_res_variance (ms),	sub_loop_res_min (ms),	sub_loop_res_max (ms),	sub_loop_res_mean (ms),	sub_loop_res_variance (ms),	ru_utime,	ru_stime,	ru_maxrss,	ru_ixrss,	ru_idrss,	ru_isrss,	ru_minflt,	ru_majflt,	ru_nswap,	ru_inblock,	ru_oublock,	ru_msgsnd,	ru_msgrcv,	ru_nsignals,	ru_nvcsw,	ru_nivcsw,	cpu_usage (%),	
1.004746,		1.004745,		0,		0,		0,		nan,		0,		inf,		-inf,		0,		nan,		inf,		-inf,		0,		0,		0,		0,		0,		0,		0.01675,		0.02267,		20864,		0,		0,		0,		3542,		0,		0,		0,		16,		0,		0,		0,		88,		12,		0.495,		
2.005855,		1.000969,		0,		0,		0,		nan,		0,		inf,		-inf,		0,		nan,		inf,		-inf,		0,		0,		0,		0,		0,		0,		0.01794,		0.02293,		20864,		0,		0,		0,		3542,		0,		0,		0,		16,		0,		0,		0,		123,		12,		0,		
3.006969,		1.001026,		0,		0,		0,		nan,		0,		inf,		-inf,		0,		nan,		inf,		-inf,		0,		0,		0,		0,		0,		0,		0.02124,		0.03187,		22912,		0,		0,		0,		4051,		0,		0,		0,		16,		0,		0,		0,		403,		12,		0.5,		
[2026-10-10 14:36:07] [INFO] Writer proxy created: node 3 entity 2149528869 for endpoint 1743618579
4.024995,		1.017897,		26,		0,		3,		inf,		113116070,		41.91,		73.7,		60.02,		0.0776,		inf,		-inf,		0,		0,		0,		0,		0,		0,		0.202,		0.3014,		37612,		0,		0,		0,		8680,		0,		0,		0,		16,		0,		0,		0,		15394,		35,		11.03,		
5.053019,		1.027904,		28,		0,		1,		inf,		119482449,		42.5,		74.26,		57.54,		0.08352,		inf,		-inf,		0,		0,		0,		0,		0,		0,		0.4137,		0.5549,		37612,		0,		0,		0,		8680,		0,		0,		0,		16,		0,		0,		0,		30591,		54,		11.17,		
6.081145,		1.027996,		27,		0,		2,		inf,		114235738,		42.06,		73.23,		56.83,		0.09037,		inf,		-inf,		0,		0,		0,		0,		0,		0,		0.6102,		0.8224,		37612,		0,		0,		0,		8680,		0,		0,		0,		16,		0,		0,		0,		45835,		74,		11.52,		
7.109225,		1.027946,		27,		0,		2,		inf,		114230443,		42.62,		74.38,		58.99,		0.1048,		inf,		-inf,		0,		0,		0,		0,		0,		0,		0.7974,		1.097,		37612,		0,		0,		0,		8680,		0,		0,		0,		24,		0,		0,		0,		60971,		96,		10.92,		
8.137322,		1.027984,		28,		0,		1,		inf,		118315792,		41.63,		74.33,		57.94,		0.1006,		inf,		-inf,		0,		0,		0,		0,		0,		0,		0.9964,		1.364,		37612,		0,		0,		0,		8680,		0,		0,		0,		24,		0,		0,		0,		76157,		112,		11.41,		
9.165361,		1.027928,		28,		0,		1,		inf,		118310943,		42.74,		74.48,		59.51,		0.09647,		inf,		-inf,		0,		0,		0,		0,		0,		0,		1.202,		1.623,		37612,		0,		0,		0,		8680,		0,		0,		0,		24,		0,		0,		0,		91394,		139,		11.41,		
10.228993,		1.063522,		28,		0,		2,		inf,		118317279,		41.81,		73.48,		58.17,		0.09323,		inf,		-inf,		0,		0,		0,		0,		0,		0,		1.427,		1.904,		37612,		0,		0,		0,		8680,		0,		0,		0,		24,		0,		0,		0,		107207,		167,		11.79,		
11.257064,		1.027859,		27,		0,		0,		nan,		114347807,		42.9,		74.15,		58.95,		0.08032,		inf,		-inf,		0,		0,		0,		0,		0,		0,		1.622,		2.151,		37612,		0,		0,		0,		8680,		0,		0,		0,		24,		0,		0,		0,		122602,		185,		10.92,		
12.285102,		1.027850,		28,		0,		1,		inf,		118314393,		41.89,		74.64,		57.17,		0.08554,		inf,		-inf,		0,		0,		0,		0,		0,		0,		1.823,		2.394,		37612,		0,		0,		0,		8680,		0,		0,		0,		24,		0,		0,		0,		137994,		202,		10.68,		
13.313192,		1.027714,		28,		0,		1,		inf,		118296091,		42.45,		74.14,		57.65,		0.09467,		inf,		-inf,		0,		0,		0,		0,		0,		0,		2.001,		2.661,		37612,		0,		0,		0,		8680,		0,		0,		0,		40,		0,		0,		0,		153396,		217,		10.92,		
14.376765,		1.063390,		29,		0,		1,		inf,		122415141,		41.93,		74.71,		58.17,		0.09679,		inf,		-inf,		0,		0,		0,		0,		0,		0,		2.241,		2.91,		37612,		0,		0,		0,		8680,		0,		0,		0,		40,		0,		0,		0,		169337,		234,		11.56,		
15.404861,		1.027905,		27,		0,		1,		inf,		114363344,		42.44,		74.28,		58.48,		0.1001,		inf,		-inf,		0,		0,		0,		0,		0,		0,		2.424,		3.168,		37612,		0,		0,		0,		8680,		0,		0,		0,		40,		0,		0,		0,		184739,		251,		10.44,		
16.432991,		1.027923,		28,		0,		1,		inf,		118307895,		41.46,		73.26,		57.84,		0.09762,		inf,		-inf,		0,		0,		0,		0,		0,		0,		2.606,		3.428,		37612,		0,		0,		0,		8680,		0,		0,		0,		40,		0,		0,		0,		200142,		271,		10.68,		
17.496450,		1.063276,		29,		0,		1,		inf,		122391287,		42.63,		74.35,		59,		0.09119,		inf,		-inf,		0,		0,		0,		0,		0,		0,		2.827,		3.694,		37612,		0,		0,		0,		8680,		0,		0,		0,		40,		0,		0,		0,		216085,		289,		11.56,		
18.524572,		1.027908,		27,		0,		0,		nan,		114377608,		41.61,		73.28,		58.69,		0.08245,		inf,		-inf,		0,		0,		0,		0,		0,		0,		3.013,		3.953,		37612,		0,		0,		0,		8680,		0,		0,		0,		40,		0,		0,		0,		231473,		308,		10.92,		
19.623564,		1.098854,		29,		0,		2,		inf,		122395273,		42.22,		73.87,		57.66,		0.08806,		inf,		-inf,		0,		0,		0,		0,		0,		0,		3.28,		4.238,		37612,		0,		0,		0,		8680,		0,		0,		0,		48,		0,		0,		0,		247850,		335,		12.27,		
20.651682,		1.027928,		26,		0,		1,		inf,		110671647,		41.69,		75.93,		57.31,		0.08881,		inf,		-inf,		0,		0,		0,		0,		0,		0,		3.475,		4.512,		37612,		0,		0,		0,		8680,		0,		0,		0,		48,		0,		0,		0,		263065,		363,		11.76,		
21.679745,		1.027872,		28,		0,		1,		inf,		118308647,		42.24,		74.06,		57.53,		0.09501,		inf,		-inf,		0,		0,		0,		0,		0,		0,		3.659,		4.771,		37612,		0,		0,		0,		8680,		0,		0,		0,		48,		0,		0,		0,		278466,		382,		10.68,		
22.743227,		1.063293,		29,		0,		1,		inf,		122391869,		41.85,		74.58,		58.2,		0.09757,		inf,		-inf,		0,		0,		0,		0,		0,		0,		3.891,		5.035,		37612,		0,		0,		0,		8680,		0,		0,		0,		48,		0,		0,		0,		294313,		417,		11.68,		
23.806890,		1.063470,		28,		0,		1,		inf,		118321012,		42.43,		75.72,		58.7,		0.09591,		inf,		-inf,		0,		0,		0,		0,		0,		0,		4.136,		5.31,		37612,		0,		0,		0,		8680,		0,		0,		0,		48,		0,		0,		0,		309966,		444,		12.03,		
24.834957,		1.027876,		27,		0,		1,		inf,		114356800,		42.04,		74.73,		58.69,		0.09914,		inf,		-inf,		0,		0,		0,		0,		0,		0,		4.322,		5.565,		37612,		0,		0,		0,		8680,		0,		0,		0,		56,		0,		0,		0,		325364,		468,		10.92,		
25.863039,		1.027887,		28,		0,		1,		inf,		118313710,		42.51,		74.28,		59.19,		0.0916,		inf,		-inf,		0,		0,		0,		0,		0,		0,		4.505,		5.824,		37612,		0,		0,		0,		8680,		0,		0,		0,		56,		0,		0,		0,		340765,		484,		10.68,		
26.891180,		1.027935,		28,		0,		0,		nan,		118308173,		41.48,		73.22,		58.54,		0.08239,		inf,		-inf,		0,		0,		0,		0,		0,		0,		4.686,		6.084,		37612,		0,		0,		0,		8680,		0,		0,		0,		56,		0,		0,		0,		356173,		505,		10.78,		
27.919210,		1.027833,		27,		0,		2,		inf,		114229011,		42.2,		75.34,		57.22,		0.08636,		inf,		-inf,		0,		0,		0,		0,		0,		0,		4.881,		6.355,		37612,		0,		0,		0,		8680,		0,		0,		0,		56,		0,		0,		0,		371409,		532,		11.41,		
28.947330,		1.027935,		28,		0,		1,		inf,		118321977,		41.65,		74.4,		57.52,		0.09644,		inf,		-inf,		0,		0,		0,		0,		0,		0,		5.07,		6.629,		37612,		0,		0,		0,		8680,		0,		0,		0,		56,		0,		0,		0,		386638,		549,		10.92,		
29.975395,		1.027835,		27,		0,		2,		inf,		114225153,		43.51,		75.46,		58.19,		0.1034,		inf,		-inf,		0,		0,		0,		0,		0,		0,		5.28,		6.906,		37612,		0,		0,		0,		8680,		0,		0,		0,		64,		0,		0,		0,		401618,		570,		11.89,		
31.003563,		1.027986,		26,		0,		3,		inf,		110157763,		41.68,		76.03,		58.76,		0.1007,		inf,		-inf,		0,		0,		0,		0,		0,		0,		5.479,		7.167,		37612,		0,		0,		0,		8680,		0,		0,		0,		64,		0,		0,		0,		416875,		584,		11.17,		
32.031570,		1.027816,		28,		0,		1,		inf,		118301523,		42.34,		74.04,		58.81,		0.09504,		inf,		-inf,		0,		0,		0,		0,		0,		0,		5.657,		7.434,		37612,		0,		0,		0,		8680,		0,		0,		0,		64,		0,		0,		0,		432258,		599,		11.03,		
33.059708,		1.027926,		27,		0,		2,		inf,		114241540,		41.75,		74.74,		59.21,		0.08785,		inf,		-inf,		0,		0,		0,		0,		0,		0,		5.853,		7.698,		37612,		0,		0,		0,		8680,		0,		0,		0,		72,		0,		0,		0,		447537,		616,		11.17,		
34.087791,		1.027899,		28,		0,		0,		nan,		118307913,		42.41,		73.61,		57.8,		0.08031,		inf,		-inf,		0,		0,		0,		0,		0,		0,		6.058,		7.96,		37612,		0,		0,		0,		8680,		0,		0,		0,		72,		0,		0,		0,		462730,		637,		11.41,		
35.115799,		1.027828,		28,		0,		1,		inf,		118313302,		43.5,		74.68,		58.36,		0.08881,		inf,		-inf,		0,		0,		0,		0,		0,		0,		6.243,		8.246,		37612,		0,		0,		0,		8680,		0,		0,		0,		80,		0,		0,		0,		477885,		661,		11.41,		
36.143959,		1.027980,		26,		0,		3,		inf,		110161235,		42.42,		74.63,		57.62,		0.1054,		inf,		-inf,		0,		0,		0,		0,		0,		0,		6.443,		8.51,		37612,		0,		0,		0,		8680,		0,		0,		0,		80,		0,		0,		0,		493098,		682,		11.17,		
37.242958,		1.098805,		29,		0,		2,		inf,		122380746,		43.04,		76.33,		59.05,		0.09643,		inf,		-inf,		0,		0,		0,		0,		0,		0,		6.704,		8.809,		37612,		0,		0,		0,		8680,		0,		0,		0,		80,		0,		0,		0,		509356,		704,		12.73,		
38.306488,		1.063339,		27,		0,		1,		inf,		114495595,		41.99,		73.74,		58.27,		0.09689,		inf,		-inf,		0,		0,		0,		0,		0,		0,		6.948,		9.085,		37612,		0,		0,		0,		8680,		0,		0,		0,		80,		0,		0,		0,		525050,		726,		12.26,		
39.334522,		1.027849,		27,		0,		1,		inf,		114368923,		41.57,		74.35,		58.52,		0.09985,		inf,		-inf,		0,		0,		0,		0,		0,		0,		7.151,		9.335,		37612,		0,		0,		0,		8680,		0,		0,		0,		80,		0,		0,		0,		540318,		744,		11.17,		
40.362690,		1.027177,		27,		0,		2,		inf,		114149788,		42.73,		75.08,		58.96,		0.09423,		inf,		-inf,		0,		0,		0,		0,		0,		0,		7.341,		9.617,		37612,		0,		0,		0,		8680,		0,		0,		0,		88,		0,		0,		0,		555463,		773,		11.41,		
41.426174,		1.063299,		29,		0,		1,		inf,		122478719,		41.55,		74.42,		59.19,		0.0867,		inf,		-inf,		0,		0,		0,		0,		0,		0,		7.582,		9.896,		37612,		0,		0,		0,		8680,		0,		0,		0,		88,		0,		0,		0,		571095,		806,		12.26,		
42.489830,		1.063471,		28,		0,		0,		nan,		118317520,		42.29,		73.5,		57.89,		0.08411,		inf,		-inf,		0,		0,		0,		0,		0,		0,		7.8,		10.17,		37612,		0,		0,		0,		8680,		0,		0,		0,		88,		0,		0,		0,		587007,		827,		11.79,		
43.517952,		1.027936,		27,		0,		1,		inf,		114356482,		42.88,		74.56,		57.73,		0.08732,		inf,		-inf,		0,		0,		0,		0,		0,		0,		7.976,		10.44,		37612,		0,		0,		0,		8680,		0,		0,		0,		88,		0,		0,		0,		602390,		845,		10.44,		
44.546021,		1.027876,		27,		0,		2,		inf,		114229794,		42.31,		73.57,		57.72,		0.08847,		inf,		-inf,		0,		0,		0,		0,		0,		0,		8.196,		10.68,		37612,		0,		0,		0,		8680,		0,		0,		0,		88,		0,		0,		0,		617703,		869,		11.41,		
45.609524,		1.063376,		27,		0,		3,		inf,		114241483,		42.92,		76.39,		59.49,		0.09718,		inf,		-inf,		0,		0,		0,		0,		0,		0,		8.437,		10.94,		37612,		0,		0,		0,		8680,		0,		0,		0,		88,		0,		0,		0,		633617,		887,		11.79,		
46.637592,		1.027948,		27,		0,		1,		inf,		114372870,		41.88,		73.66,		58.22,		0.09916,		inf,		-inf,		0,		0,		0,		0,		0,		0,		8.635,		11.21,		37612,		0,		0,		0,		8680,		0,		0,		0,		96,		0,		0,		0,		648792,		908,		11.41,		
47.665672,		1.027954,		28,		0,		1,		inf,		118313156,		43.04,		74.82,		59.79,		0.09635,		inf,		-inf,		0,		0,		0,		0,		0,		0,		8.839,		11.47,		37612,		0,		0,		0,		8680,		0,		0,		0,		96,		0,		0,		0,		664018,		935,		10.92,		
48.693718,		1.027912,		28,		0,		1,		inf,		118312762,		42.43,		73.81,		59.04,		0.08828,		inf,		-inf,		0,		0,		0,		0,		0,		0,		9.051,		11.72,		37612,		0,		0,		0,		8680,		0,		0,		0,		96,		0,		0,		0,		679318,		952,		11.41,		
49.721855,		1.028014,		28,		0,		0,		nan,		118318271,		44.57,		74.29,		58.53,		0.07395,		inf,		-inf,		0,		0,		0,		0,		0,		0,		9.254,		11.98,		37612,		0,		0,		0,		8680,		0,		0,		0,		96,		0,		0,		0,		694534,		973,		11.17,		
50.751171,		1.029197,		27,		0,		2,		inf,		114228059,		42.09,		73.32,		57.06,		0.0833,		inf,		-inf,		0,		0,		0,		0,		0,		0,		9.456,		12.23,		37612,		0,		0,		0,		8680,		0,		0,		0,		96,		0,		0,		0,		709910,		990,		11.03,		
51.779343,		1.028006,		27,		0,		2,		inf,		114091048,		42.58,		74.87,		58.72,		0.1033,		inf,		-inf,		0,		0,		0,		0,		0,		0,		9.673,		12.49,		37612,		0,		0,		0,		8680,		0,		0,		0,		104,		0,		0,		0,		725053,		1014,		11.65,		
52.806118,		1.026645,		27,		0,		2,		inf,		114225698,		42.19,		74.49,		57.84,		0.1068,		inf,		-inf,		0,		0,		0,		0,		0,		0,		9.902,		12.73,		37612,		0,		0,		0,		8680,		0,		0,		0,		112,		0,		0,		0,		740165,		1036,		11.65,		
53.834274,		1.028027,		26,		0,		3,		inf,		110294361,		42.71,		74.58,		59.87,		0.08777,		inf,		-inf,		0,		0,		0,		0,		0,		0,		10.1,		13.01,		37612,		0,		0,		0,		8680,		0,		0,		0,		112,		0,		0,		0,		755225,		1057,		11.65,		
54.862309,		1.027912,		28,		0,		1,		inf,		118305017,		41.69,		73.52,		59.03,		0.09367,		inf,		-inf,		0,		0,		0,		0,		0,		0,		10.32,		13.28,		37612,		0,		0,		0,		8680,		0,		0,		0,		112,		0,		0,		0,		770263,		1085,		11.41,		
55.890366,		1.027935,		27,		0,		1,		inf,		114238348,		46.39,		75.72,		59.92,		0.07204,		inf,		-inf,		0,		0,		0,		0,		0,		0,		10.54,		13.52,		37612,		0,		0,		0,		8680,		0,		0,		0,		112,		0,		0,		0,		785482,		1109,		11.52,		
56.919746,		1.029252,		28,		0,		1,		inf,		118315536,		41.8,		76.24,		57.49,		0.08827,		inf,		-inf,		0,		0,		0,		0,		0,		0,		10.75,		13.78,		37612,		0,		0,		0,		8680,		0,		0,		0,		112,		0,		0,		0,		800716,		1127,		11.41,		
57.946571,		1.026686,		28,		0,		1,		inf,		118162794,		42.42,		75.07,		58.2,		0.09883,		inf,		-inf,		0,		0,		0,		0,		0,		0,		10.96,		14.03,		37612,		0,		0,		0,		8680,		0,		0,		0,		112,		0,		0,		0,		815778,		1141,		11.41,		
58.975887,		1.029196,		28,		0,		1,		inf,		118459348,		41.94,		74.71,		58.5,		0.1001,		inf,		-inf,		0,		0,		0,		0,		0,		0,		11.16,		14.3,		37612,		0,		0,		0,		8680,		0,		0,		0,		120,		0,		0,		0,		831011,		1162,		11.17,		
60.002754,		1.026751,		28,		0,		1,		inf,		118171608,		42.56,		75.22,		59.17,		0.09723,		inf,		-inf,		0,		0,		0,		0,		0,		0,		11.38,		14.55,		37612,		0,		0,		0,		8680,		0,		0,		0,		120,		0,		0,		0,		846089,		1187,		11.65,		
61.030895,		1.028015,		28,		0,		1,		inf,		118451386,		42.11,		76.38,		59.42,		0.09681,		inf,		-inf,		0,		0,		0,		0,		0,		0,		11.59,		14.81,		37612,		0,		0,		0,		8680,		0,		0,		0,		120,		0,		0,		0,		861354,		1212,		11.27,		
62.058983,		1.027965,		28,		0,		0,		nan,		118306700,		42.62,		74.36,		59.75,		0.08181,		inf,		-inf,		0,		0,		0,		0,		0,		0,		11.8,		15.06,		37612,		0,		0,		0,		8680,		0,		0,		0,		120,		0,		0,		0,		876721,		1233,		10.92,		
63.117783,		1.058681,		26,		0,		1,		inf,		110153121,		41.6,		72.89,		56.32,		0.0798,		inf,		-inf,		0,		0,		0,		0,		0,		0,		12.03,		15.3,		37612,		0,		0,		0,		8680,		0,		0,		0,		120,		0,		0,		0,		890944,		1256,		11.32,		
64.118942,		1.001045,		0,		0,		0,		nan,		0,		inf,		-inf,		0,		nan,		inf,		-inf,		0,		0,		0,		0,		0,		0,		12.03,		15.3,		37612,		0,		0,		0,		8680,		0,		0,		0,		120,		0,		0,		0,		890978,		1256,		0,		
65.120201,		1.001142,		0,		0,		0,		nan,		0,		inf,		-inf,		0,		nan,		inf,		-inf,		0,		0,		0,		0,		0,		0,		12.03,		15.3,		37612,		0,		0,		0,		8680,		0,		0,		0,		128,		0,		0,		0,		891013,		1256,		0,		
66.121368,		1.001028,		0,		0,		0,		nan,		0,		inf,		-inf,		0,		nan,		inf,		-inf,		0,		0,		0,		0,		0,		0,		12.04,		15.3,		37612,		0,		0,		0,		8680,		0,		0,		0,		128,		0,		0,		0,		891047,		1256,		0,		
[2026-10-10 14:37:10] [WARNING] Node 3 presumed dead (silent for 3500 ms, liveliness deferred 0 times so far)
67.122459,		1.000975,		0,		0,		0,		nan,		0,		inf,		-inf,		0,		nan,		inf,		-inf,		0,		0,		0,		0,		0,		0,		12.04,		15.3,		37612,		0,		0,		0,		8680,		0,		0,		0,		128,		0,		0,		0,		891082,		1256,		0,		
68.123589,		1.001047,		0,		0,		0,		nan,		0,		inf,		-inf,		0,		nan,		inf,		-inf,		0,		0,		0,		0,		0,		0,		12.04,		15.3,		37612,		0,		0,		0,		8680,		0,		0,		0,		128,		0,		0,		0,		891117,		1256,		0,		
Maximum runtime reached. Exiting.
[2026-10-10 14:37:12] [INFO] Subscriber 1743618579 delivery: delivered=1669 out_of_order=0 timestamp_not_newer=0 writer_switches=0 via_socket_flips=1 out_of_order_discarded=0 rxo_drops=0 reorder_held_peak=0 reorder_delivered=0 reorder_overflow=0 reorder_abandoned=0 gap_abandoned=0 gap_evicted=0 superseded=0
[2026-10-10 14:37:12] [INFO] Subscriber 1943128324 delivery: delivered=0 out_of_order=0 timestamp_not_newer=0 writer_switches=0 via_socket_flips=0 out_of_order_discarded=0 rxo_drops=0 reorder_held_peak=0 reorder_delivered=0 reorder_overflow=0 reorder_abandoned=0 gap_abandoned=0 gap_evicted=0 superseded=0
rmw_tickle: executor_poll=1 executor_poll_waits=1752 executor_handovers=1 park_wakes=1 discovery_dropped=0 nodes_kept_at_destroy=0 id_muted_drops=0 cache_depth_shortfalls=0 rx_malformed_drops=0 version_mismatch_drops=0
[2026-10-10 14:37:12] [INFO] Node 2 traffic: tx_datagrams=85 rx_datagrams=4891110 rx_self_sent=71 rx_self_sent_data=0 rx_self_sent_data_unicast=0 rx_via_data=4888083 rx_via_well_known=3027 tx_dropped_oversize=0 tx_udp=85 tx_shm=0 rx_udp=4891110 rx_shm=0 rx_shm_skipped_superseded=0 tx_udp_broadcast=73 tx_udp_oversize=0 tx_udp_unattached=12 shm_full_dropped=0 shm_gave_up=0 shm_doorbells_sent=0 shm_bells_rung=0 shm_doorbells_received=0 shm_segments_created=0 shm_segments_released=0 shm_same_host_peers=0 shm_claim_waits=0 shm_claim_waits_published=0 shm_sleep_cost_ns=0 shm_watches=0 shm_watch_hits=0 shm_epochs_sleeping=0 shm_epochs_waiting=0 shm_cost_sleeping_ns=0 shm_cost_waiting_ns=0 shm_waiting_preferred=0 shm_encoded_in_slot=0 rx_drain_ring_turns=0 shm_sleep_generations=0 shm_generations_kept=0 shm_sleeps=891849 lending=1 lend_retains=0 lend_releases=0 lend_unlendable=0 lend_exhausted=0 lend_bad_releases=0 lend_held=0 shm_full_retained=0 shm_attach_orphaned=0
[2026-10-10 14:37:12] [INFO] Node 2 large: published=0 reassembled=1669 abandoned=24 no_buffer=0 dropped=0 duplicate=0 tail_abandoned=0 window_too_small=0 send_waits=0
