Experiment id: e66aae14-4fe3-4c61-8fee-689cffa183d1
Performance Test Version: 5b1035d-dirty
Logfile name: 
Communication mean: ROS2
RMW Implementation: rmw_cyclonedds_cpp
DDS domain id: 61
QOS: Reliability: RELIABLE Durability: VOLATILE History kind: KEEP_LAST History depth: 10 Sync. pub/sub: 0
Publishing rate: 15
Topic name: Array4m
Maximum runtime (sec): 60
Number of publishers: 1
Number of subscribers: 0
Memory check enabled: 0
Use single participant: 0
With security: 0
Roundtrip Mode: NONE
Ignore seconds from beginning: 0

---EXPERIMENT-START---
T_experiment,	T_loop,	received,	sent,	lost,	relative_loss,	data_received,	latency_min (ms),	latency_max (ms),	latency_mean (ms),	latency_variance (ms),	pub_loop_res_min (ms),	pub_loop_res_max (ms),	pub_loop_res_mean (ms),	pub_loop_res_variance (ms),	sub_loop_res_min (ms),	sub_loop_res_max (ms),	sub_loop_res_mean (ms),	sub_loop_res_variance (ms),	ru_utime,	ru_stime,	ru_maxrss,	ru_ixrss,	ru_idrss,	ru_isrss,	ru_minflt,	ru_majflt,	ru_nswap,	ru_inblock,	ru_oublock,	ru_msgsnd,	ru_msgrcv,	ru_nsignals,	ru_nvcsw,	ru_nivcsw,	cpu_usage (%),	
1.000067,		1.000066,		0,		15,		0,		0.00,		0,		inf,		-inf,		0,		0,		-38.95,		31.5,		22.36,		0.352,		inf,		-inf,		0,		0,		0.03645,		0.3064,		53028,		0,		0,		0,		11683,		0,		0,		0,		16,		0,		0,		0,		728,		20,		7.673,		
2.000309,		1.000068,		0,		14,		0,		0.00,		0,		inf,		-inf,		0,		0,		30.99,		31.51,		31.26,		1.866e-05,		inf,		-inf,		0,		0,		0.06263,		0.5333,		53028,		0,		0,		0,		11683,		0,		0,		0,		16,		0,		0,		0,		1344,		23,		6.5,		
3.000536,		1.000071,		0,		14,		0,		0.00,		0,		inf,		-inf,		0,		0,		31.04,		31.58,		31.32,		3.368e-05,		inf,		-inf,		0,		0,		0.08233,		0.7731,		53028,		0,		0,		0,		11683,		0,		0,		0,		16,		0,		0,		0,		1974,		29,		6.5,		
4.000734,		1.000063,		0,		14,		0,		0.00,		0,		inf,		-inf,		0,		0,		31.06,		31.57,		31.27,		2.355e-05,		inf,		-inf,		0,		0,		0.1091,		1.011,		53028,		0,		0,		0,		11683,		0,		0,		0,		16,		0,		0,		0,		2587,		32,		6.5,		
5.000929,		1.000062,		0,		14,		0,		0.00,		0,		inf,		-inf,		0,		0,		31.02,		31.51,		31.23,		2.21e-05,		inf,		-inf,		0,		0,		0.1312,		1.248,		53028,		0,		0,		0,		11683,		0,		0,		0,		16,		0,		0,		0,		3221,		37,		6.5,		
6.001122,		1.000066,		0,		14,		0,		0.00,		0,		inf,		-inf,		0,		0,		31.01,		31.44,		31.21,		1.582e-05,		inf,		-inf,		0,		0,		0.1511,		1.486,		53028,		0,		0,		0,		11684,		0,		0,		0,		24,		0,		0,		0,		3852,		44,		6.5,		
7.001349,		1.000071,		0,		14,		0,		0.00,		0,		inf,		-inf,		0,		0,		30.96,		31.46,		31.27,		1.629e-05,		inf,		-inf,		0,		0,		0.1756,		1.718,		53028,		0,		0,		0,		11684,		0,		0,		0,		24,		0,		0,		0,		4469,		46,		6.25,		
8.001550,		1.000064,		0,		14,		0,		0.00,		0,		inf,		-inf,		0,		0,		31.01,		31.53,		31.32,		2.76e-05,		inf,		-inf,		0,		0,		0.1957,		1.956,		53028,		0,		0,		0,		11685,		0,		0,		0,		24,		0,		0,		0,		5084,		48,		6.5,		
9.001755,		1.000076,		0,		14,		0,		0.00,		0,		inf,		-inf,		0,		0,		31.03,		31.53,		31.23,		2.012e-05,		inf,		-inf,		0,		0,		0.2147,		2.192,		53028,		0,		0,		0,		11685,		0,		0,		0,		24,		0,		0,		0,		5721,		54,		6.5,		
10.001973,		1.000067,		0,		14,		0,		0.00,		0,		inf,		-inf,		0,		0,		31,		31.47,		31.26,		2.536e-05,		inf,		-inf,		0,		0,		0.2276,		2.429,		53028,		0,		0,		0,		11685,		0,		0,		0,		24,		0,		0,		0,		6342,		59,		6,		
11.002204,		1.000071,		0,		14,		0,		0.00,		0,		inf,		-inf,		0,		0,		30.96,		31.58,		31.32,		4.034e-05,		inf,		-inf,		0,		0,		0.2444,		2.669,		53028,		0,		0,		0,		11685,		0,		0,		0,		24,		0,		0,		0,		6958,		63,		6.5,		
12.002408,		1.000063,		0,		14,		0,		0.00,		0,		inf,		-inf,		0,		0,		30.99,		31.53,		31.31,		3.125e-05,		inf,		-inf,		0,		0,		0.2655,		2.914,		53028,		0,		0,		0,		11685,		0,		0,		0,		32,		0,		0,		0,		7546,		67,		6.75,		
13.006646,		1.000080,		0,		15,		0,		0.00,		0,		inf,		-inf,		0,		0,		31.02,		31.55,		31.23,		2.094e-05,		inf,		-inf,		0,		0,		0.2875,		3.152,		53028,		0,		0,		0,		11685,		0,		0,		0,		32,		0,		0,		0,		8168,		69,		6.436,		
14.006901,		1.000083,		0,		14,		0,		0.00,		0,		inf,		-inf,		0,		0,		31.05,		31.54,		31.24,		2.831e-05,		inf,		-inf,		0,		0,		0.3016,		3.385,		53028,		0,		0,		0,		11685,		0,		0,		0,		32,		0,		0,		0,		8811,		76,		6.25,		
15.007278,		1.000066,		0,		14,		0,		0.00,		0,		inf,		-inf,		0,		0,		31.01,		31.47,		31.22,		2.178e-05,		inf,		-inf,		0,		0,		0.3216,		3.622,		53028,		0,		0,		0,		11685,		0,		0,		0,		40,		0,		0,		0,		9429,		81,		6.5,		
16.007524,		1.000066,		0,		14,		0,		0.00,		0,		inf,		-inf,		0,		0,		31.11,		31.54,		31.33,		1.904e-05,		inf,		-inf,		0,		0,		0.3386,		3.854,		53028,		0,		0,		0,		11685,		0,		0,		0,		40,		0,		0,		0,		10046,		86,		6,		
17.007799,		1.000065,		0,		14,		0,		0.00,		0,		inf,		-inf,		0,		0,		30.98,		31.51,		31.25,		2.238e-05,		inf,		-inf,		0,		0,		0.3568,		4.086,		53028,		0,		0,		0,		11685,		0,		0,		0,		40,		0,		0,		0,		10678,		91,		6.25,		
18.011606,		1.000090,		0,		14,		0,		0.00,		0,		inf,		-inf,		0,		0,		31.02,		31.49,		31.31,		2.903e-05,		inf,		-inf,		0,		0,		0.3785,		4.315,		53028,		0,		0,		0,		11686,		0,		0,		0,		48,		0,		0,		0,		11307,		96,		6.25,		
19.011860,		1.000072,		0,		14,		0,		0.00,		0,		inf,		-inf,		0,		0,		31.01,		31.54,		31.31,		2.758e-05,		inf,		-inf,		0,		0,		0.401,		4.539,		53028,		0,		0,		0,		11686,		0,		0,		0,		48,		0,		0,		0,		11939,		100,		6.25,		
20.012117,		1.000066,		0,		14,		0,		0.00,		0,		inf,		-inf,		0,		0,		31.09,		31.59,		31.32,		2.636e-05,		inf,		-inf,		0,		0,		0.4188,		4.768,		53028,		0,		0,		0,		11686,		0,		0,		0,		48,		0,		0,		0,		12572,		103,		6,		
21.012419,		1.000064,		0,		14,		0,		0.00,		0,		inf,		-inf,		0,		0,		31.01,		31.49,		31.27,		2.316e-05,		inf,		-inf,		0,		0,		0.4342,		4.999,		53028,		0,		0,		0,		11686,		0,		0,		0,		48,		0,		0,		0,		13216,		110,		6.25,		
22.012648,		1.000067,		0,		14,		0,		0.00,		0,		inf,		-inf,		0,		0,		31.03,		31.58,		31.24,		2.085e-05,		inf,		-inf,		0,		0,		0.4549,		5.225,		53028,		0,		0,		0,		11687,		0,		0,		0,		48,		0,		0,		0,		13867,		112,		6.25,		
23.014318,		1.000067,		0,		14,		0,		0.00,		0,		inf,		-inf,		0,		0,		30.99,		31.46,		31.27,		2.69e-05,		inf,		-inf,		0,		0,		0.4732,		5.463,		53028,		0,		0,		0,		11687,		0,		0,		0,		48,		0,		0,		0,		14482,		119,		6.436,		
24.014530,		1.000065,		0,		14,		0,		0.00,		0,		inf,		-inf,		0,		0,		31.01,		31.49,		31.23,		2.793e-05,		inf,		-inf,		0,		0,		0.4916,		5.7,		53028,		0,		0,		0,		11687,		0,		0,		0,		56,		0,		0,		0,		15103,		125,		6.5,		
25.014751,		1.000067,		0,		14,		0,		0.00,		0,		inf,		-inf,		0,		0,		31.04,		31.55,		31.24,		2.82e-05,		inf,		-inf,		0,		0,		0.5159,		5.938,		53028,		0,		0,		0,		11687,		0,		0,		0,		56,		0,		0,		0,		15704,		137,		6.25,		
26.014975,		1.000064,		0,		14,		0,		0.00,		0,		inf,		-inf,		0,		0,		31.09,		31.53,		31.3,		2.338e-05,		inf,		-inf,		0,		0,		0.5294,		6.173,		53028,		0,		0,		0,		11687,		0,		0,		0,		56,		0,		0,		0,		16340,		138,		6.25,		
27.015175,		1.000063,		0,		14,		0,		0.00,		0,		inf,		-inf,		0,		0,		31.01,		31.52,		31.27,		2.99e-05,		inf,		-inf,		0,		0,		0.5458,		6.404,		53028,		0,		0,		0,		11687,		0,		0,		0,		56,		0,		0,		0,		16975,		143,		6.25,		
28.015394,		1.000073,		0,		14,		0,		0.00,		0,		inf,		-inf,		0,		0,		30.99,		31.58,		31.23,		2.792e-05,		inf,		-inf,		0,		0,		0.5632,		6.64,		53028,		0,		0,		0,		11687,		0,		0,		0,		56,		0,		0,		0,		17579,		149,		6.25,		
29.015718,		1.000067,		0,		14,		0,		0.00,		0,		inf,		-inf,		0,		0,		31.07,		31.6,		31.33,		3.416e-05,		inf,		-inf,		0,		0,		0.581,		6.874,		53028,		0,		0,		0,		11687,		0,		0,		0,		56,		0,		0,		0,		18207,		158,		6.5,		
30.015989,		1.000065,		0,		14,		0,		0.00,		0,		inf,		-inf,		0,		0,		31.03,		31.56,		31.25,		3.096e-05,		inf,		-inf,		0,		0,		0.5924,		7.11,		53028,		0,		0,		0,		11687,		0,		0,		0,		64,		0,		0,		0,		18827,		164,		6,		
31.016289,		1.000079,		0,		14,		0,		0.00,		0,		inf,		-inf,		0,		0,		31.02,		31.47,		31.23,		2.833e-05,		inf,		-inf,		0,		0,		0.6093,		7.342,		53028,		0,		0,		0,		11687,		0,		0,		0,		64,		0,		0,		0,		19461,		168,		6.25,		
32.016529,		1.000071,		0,		14,		0,		0.00,		0,		inf,		-inf,		0,		0,		31.06,		31.51,		31.26,		1.63e-05,		inf,		-inf,		0,		0,		0.6325,		7.582,		53028,		0,		0,		0,		11687,		0,		0,		0,		64,		0,		0,		0,		20048,		171,		6.75,		
33.016857,		1.000068,		0,		14,		0,		0.00,		0,		inf,		-inf,		0,		0,		31,		31.52,		31.28,		3.23e-05,		inf,		-inf,		0,		0,		0.6527,		7.812,		53028,		0,		0,		0,		11687,		0,		0,		0,		64,		0,		0,		0,		20682,		174,		6.25,		
34.017216,		1.000079,		0,		14,		0,		0.00,		0,		inf,		-inf,		0,		0,		31.03,		31.47,		31.25,		1.617e-05,		inf,		-inf,		0,		0,		0.6725,		8.04,		53028,		0,		0,		0,		11687,		0,		0,		0,		72,		0,		0,		0,		21301,		178,		6,		
35.017456,		1.000062,		0,		14,		0,		0.00,		0,		inf,		-inf,		0,		0,		31.02,		31.51,		31.27,		2.22e-05,		inf,		-inf,		0,		0,		0.6938,		8.276,		53028,		0,		0,		0,		11687,		0,		0,		0,		72,		0,		0,		0,		21920,		181,		6.5,		
36.017696,		1.000073,		0,		14,		0,		0.00,		0,		inf,		-inf,		0,		0,		31.09,		31.51,		31.3,		1.791e-05,		inf,		-inf,		0,		0,		0.7096,		8.518,		53028,		0,		0,		0,		11687,		0,		0,		0,		80,		0,		0,		0,		22525,		186,		6.25,		
37.017990,		1.000107,		0,		14,		0,		0.00,		0,		inf,		-inf,		0,		0,		30.98,		31.5,		31.22,		2.859e-05,		inf,		-inf,		0,		0,		0.7315,		8.756,		53028,		0,		0,		0,		11687,		0,		0,		0,		80,		0,		0,		0,		23137,		193,		6.75,		
38.018246,		1.000069,		0,		14,		0,		0.00,		0,		inf,		-inf,		0,		0,		31.03,		31.53,		31.25,		2.766e-05,		inf,		-inf,		0,		0,		0.7497,		8.991,		53028,		0,		0,		0,		11688,		0,		0,		0,		80,		0,		0,		0,		23763,		199,		6.25,		
39.018486,		1.000077,		0,		14,		0,		0.00,		0,		inf,		-inf,		0,		0,		31.01,		31.47,		31.24,		2.03e-05,		inf,		-inf,		0,		0,		0.7735,		9.238,		53028,		0,		0,		0,		11688,		0,		0,		0,		80,		0,		0,		0,		24354,		202,		6.75,		
40.018723,		1.000065,		0,		14,		0,		0.00,		0,		inf,		-inf,		0,		0,		31.01,		31.54,		31.25,		2.763e-05,		inf,		-inf,		0,		0,		0.7913,		9.474,		53028,		0,		0,		0,		11688,		0,		0,		0,		80,		0,		0,		0,		24980,		212,		6.5,		
41.018959,		1.000065,		0,		14,		0,		0.00,		0,		inf,		-inf,		0,		0,		31.05,		31.47,		31.24,		1.564e-05,		inf,		-inf,		0,		0,		0.8134,		9.716,		53028,		0,		0,		0,		11688,		0,		0,		0,		80,		0,		0,		0,		25592,		217,		6.5,		
42.019230,		1.000068,		0,		14,		0,		0.00,		0,		inf,		-inf,		0,		0,		31.02,		31.47,		31.22,		1.649e-05,		inf,		-inf,		0,		0,		0.8274,		9.948,		53028,		0,		0,		0,		11688,		0,		0,		0,		88,		0,		0,		0,		26226,		218,		6,		
43.019505,		1.000077,		0,		14,		0,		0.00,		0,		inf,		-inf,		0,		0,		31.02,		31.48,		31.27,		2.377e-05,		inf,		-inf,		0,		0,		0.8472,		10.19,		53028,		0,		0,		0,		11688,		0,		0,		0,		88,		0,		0,		0,		26833,		227,		6.5,		
44.019753,		1.000078,		0,		14,		0,		0.00,		0,		inf,		-inf,		0,		0,		31.01,		31.55,		31.27,		2.932e-05,		inf,		-inf,		0,		0,		0.8685,		10.43,		53028,		0,		0,		0,		11688,		0,		0,		0,		88,		0,		0,		0,		27439,		229,		6.5,		
45.020054,		1.000067,		0,		14,		0,		0.00,		0,		inf,		-inf,		0,		0,		31.07,		31.48,		31.33,		1.399e-05,		inf,		-inf,		0,		0,		0.8876,		10.67,		53028,		0,		0,		0,		11688,		0,		0,		0,		88,		0,		0,		0,		28031,		232,		6.75,		
46.020279,		1.000064,		0,		14,		0,		0.00,		0,		inf,		-inf,		0,		0,		31.03,		31.52,		31.26,		2.094e-05,		inf,		-inf,		0,		0,		0.912,		10.93,		53028,		0,		0,		0,		11688,		0,		0,		0,		88,		0,		0,		0,		28611,		238,		7,		
47.020470,		1.000063,		0,		14,		0,		0.00,		0,		inf,		-inf,		0,		0,		30.96,		31.44,		31.17,		2.202e-05,		inf,		-inf,		0,		0,		0.9422,		11.17,		53028,		0,		0,		0,		11688,		0,		0,		0,		88,		0,		0,		0,		29194,		241,		6.75,		
48.020664,		1.000064,		0,		14,		0,		0.00,		0,		inf,		-inf,		0,		0,		31.02,		31.54,		31.22,		2.542e-05,		inf,		-inf,		0,		0,		0.9639,		11.41,		53028,		0,		0,		0,		11688,		0,		0,		0,		96,		0,		0,		0,		29784,		246,		6.75,		
49.020859,		1.000065,		0,		14,		0,		0.00,		0,		inf,		-inf,		0,		0,		31.05,		31.52,		31.23,		2.19e-05,		inf,		-inf,		0,		0,		0.9863,		11.66,		53028,		0,		0,		0,		11688,		0,		0,		0,		96,		0,		0,		0,		30398,		251,		6.5,		
50.021061,		1.000062,		0,		14,		0,		0.00,		0,		inf,		-inf,		0,		0,		31.08,		31.61,		31.29,		2.389e-05,		inf,		-inf,		0,		0,		1.005,		11.89,		53028,		0,		0,		0,		11688,		0,		0,		0,		96,		0,		0,		0,		31004,		256,		6.5,		
51.021278,		1.000069,		0,		14,		0,		0.00,		0,		inf,		-inf,		0,		0,		31.03,		31.52,		31.25,		2.194e-05,		inf,		-inf,		0,		0,		1.022,		12.13,		53028,		0,		0,		0,		11688,		0,		0,		0,		96,		0,		0,		0,		31632,		263,		6.5,		
52.021488,		1.000065,		0,		14,		0,		0.00,		0,		inf,		-inf,		0,		0,		31.03,		31.53,		31.35,		1.838e-05,		inf,		-inf,		0,		0,		1.041,		12.37,		53028,		0,		0,		0,		11688,		0,		0,		0,		96,		0,		0,		0,		32243,		270,		6.5,		
53.021709,		1.000064,		0,		14,		0,		0.00,		0,		inf,		-inf,		0,		0,		31.07,		31.54,		31.34,		2.401e-05,		inf,		-inf,		0,		0,		1.063,		12.61,		53028,		0,		0,		0,		11688,		0,		0,		0,		104,		0,		0,		0,		32863,		273,		6.25,		
54.021919,		1.000064,		0,		14,		0,		0.00,		0,		inf,		-inf,		0,		0,		31.08,		31.6,		31.32,		2.49e-05,		inf,		-inf,		0,		0,		1.083,		12.84,		53028,		0,		0,		0,		11689,		0,		0,		0,		112,		0,		0,		0,		33481,		280,		6.25,		
55.022121,		1.000064,		0,		14,		0,		0.00,		0,		inf,		-inf,		0,		0,		31.03,		31.53,		31.26,		2.606e-05,		inf,		-inf,		0,		0,		1.098,		13.08,		53028,		0,		0,		0,		11689,		0,		0,		0,		112,		0,		0,		0,		34106,		285,		6.25,		
56.022324,		1.000067,		0,		14,		0,		0.00,		0,		inf,		-inf,		0,		0,		31.01,		31.52,		31.25,		2.851e-05,		inf,		-inf,		0,		0,		1.117,		13.31,		53028,		0,		0,		0,		11689,		0,		0,		0,		112,		0,		0,		0,		34738,		291,		6.25,		
57.022530,		1.000065,		0,		14,		0,		0.00,		0,		inf,		-inf,		0,		0,		31.07,		31.52,		31.29,		2.581e-05,		inf,		-inf,		0,		0,		1.135,		13.54,		53028,		0,		0,		0,		11689,		0,		0,		0,		112,		0,		0,		0,		35388,		295,		6.25,		
58.022736,		1.000069,		0,		14,		0,		0.00,		0,		inf,		-inf,		0,		0,		31.03,		31.53,		31.23,		2.738e-05,		inf,		-inf,		0,		0,		1.157,		13.76,		53028,		0,		0,		0,		11689,		0,		0,		0,		112,		0,		0,		0,		36033,		299,		6,		
59.022934,		1.000066,		0,		14,		0,		0.00,		0,		inf,		-inf,		0,		0,		31.01,		31.53,		31.25,		3.063e-05,		inf,		-inf,		0,		0,		1.174,		13.99,		53028,		0,		0,		0,		11689,		0,		0,		0,		112,		0,		0,		0,		36676,		304,		6.25,		
60.023148,		1.000064,		0,		14,		0,		0.00,		0,		inf,		-inf,		0,		0,		31.01,		31.56,		31.27,		3.676e-05,		inf,		-inf,		0,		0,		1.191,		14.22,		53028,		0,		0,		0,		11689,		0,		0,		0,		120,		0,		0,		0,		37321,		305,		6.25,		
Maximum runtime reached. Exiting.
