Experiment id: becd6ec4-328b-4c51-a892-4fe943f452f8
Performance Test Version: 5b1035d-dirty
Logfile name: 
Communication mean: ROS2
RMW Implementation: rmw_cyclonedds_cpp
DDS domain id: 61
QOS: Reliability: RELIABLE Durability: VOLATILE History kind: KEEP_LAST History depth: 10 Sync. pub/sub: 0
Publishing rate: 1000
Topic name: Array4m
Maximum runtime (sec): 68
Number of publishers: 0
Number of subscribers: 1
Memory check enabled: 0
Use single participant: 0
With security: 0
Roundtrip Mode: NONE
Ignore seconds from beginning: 0

---EXPERIMENT-START---
T_experiment,	T_loop,	received,	sent,	lost,	relative_loss,	data_received,	latency_min (ms),	latency_max (ms),	latency_mean (ms),	latency_variance (ms),	pub_loop_res_min (ms),	pub_loop_res_max (ms),	pub_loop_res_mean (ms),	pub_loop_res_variance (ms),	sub_loop_res_min (ms),	sub_loop_res_max (ms),	sub_loop_res_mean (ms),	sub_loop_res_variance (ms),	ru_utime,	ru_stime,	ru_maxrss,	ru_ixrss,	ru_idrss,	ru_isrss,	ru_minflt,	ru_majflt,	ru_nswap,	ru_inblock,	ru_oublock,	ru_msgsnd,	ru_msgrcv,	ru_nsignals,	ru_nvcsw,	ru_nivcsw,	cpu_usage (%),	
1.006453,		1.006452,		0,		0,		0,		nan,		0,		inf,		-inf,		0,		nan,		inf,		-inf,		0,		0,		0,		0,		0,		0,		0.01918,		0.03018,		24576,		0,		0,		0,		3476,		1,		0,		0,		16,		0,		0,		0,		101,		9,		0.7426,		
2.007122,		1.000522,		0,		0,		0,		nan,		0,		inf,		-inf,		0,		nan,		inf,		-inf,		0,		0,		0,		0,		0,		0,		0.01989,		0.03018,		24576,		0,		0,		0,		3476,		1,		0,		0,		16,		0,		0,		0,		112,		9,		0,		
3.011394,		1.004185,		0,		0,		0,		nan,		4191760,		59.61,		59.61,		59.61,		0,		inf,		-inf,		0,		0,		0,		0,		0,		0,		0.02762,		0.04991,		33528,		0,		0,		0,		6589,		1,		0,		0,		16,		0,		0,		0,		481,		10,		0.495,		
4.066235,		1.054665,		16,		0,		0,		nan,		70993883,		48.27,		57.91,		49.95,		0.006053,		inf,		-inf,		0,		0,		0,		0,		0,		0,		0.1394,		0.1515,		38640,		0,		0,		0,		10096,		1,		0,		0,		16,		0,		0,		0,		5806,		19,		5.238,		
5.132876,		1.066518,		15,		0,		0,		nan,		63623536,		48.22,		48.36,		48.29,		1.49e-06,		inf,		-inf,		0,		0,		0,		0,		0,		0,		0.2547,		0.2322,		38640,		0,		0,		0,		10096,		1,		0,		0,		16,		0,		0,		0,		10823,		29,		4.673,		
6.199573,		1.066574,		15,		0,		0,		nan,		62916153,		48.28,		48.38,		48.32,		6.437e-07,		inf,		-inf,		0,		0,		0,		0,		0,		0,		0.3755,		0.3156,		38640,		0,		0,		0,		10096,		1,		0,		0,		16,		0,		0,		0,		15841,		35,		4.673,		
7.266317,		1.066617,		14,		0,		0,		nan,		62912947,		48.26,		48.41,		48.32,		1.769e-06,		inf,		-inf,		0,		0,		0,		0,		0,		0,		0.4866,		0.4022,		38640,		0,		0,		0,		10096,		1,		0,		0,		24,		0,		0,		0,		20858,		44,		4.717,		
8.332990,		1.066545,		14,		0,		0,		nan,		62911622,		48.28,		48.47,		48.35,		2.286e-06,		inf,		-inf,		0,		0,		0,		0,		0,		0,		0.6006,		0.4903,		38640,		0,		0,		0,		10097,		1,		0,		0,		24,		0,		0,		0,		25878,		60,		4.673,		
9.399581,		1.066462,		14,		0,		0,		nan,		62912871,		48.3,		48.45,		48.36,		1.54e-06,		inf,		-inf,		0,		0,		0,		0,		0,		0,		0.7244,		0.5669,		38640,		0,		0,		0,		10097,		1,		0,		0,		24,		0,		0,		0,		30895,		71,		4.673,		
10.466291,		1.066586,		15,		0,		0,		nan,		62919370,		48.31,		48.41,		48.36,		8.098e-07,		inf,		-inf,		0,		0,		0,		0,		0,		0,		0.8478,		0.6498,		38640,		0,		0,		0,		10097,		1,		0,		0,		24,		0,		0,		0,		35913,		80,		4.717,		
11.533044,		1.066627,		14,		0,		0,		nan,		62912152,		48.32,		48.44,		48.38,		9.509e-07,		inf,		-inf,		0,		0,		0,		0,		0,		0,		0.9659,		0.7367,		38640,		0,		0,		0,		10098,		1,		0,		0,		24,		0,		0,		0,		40935,		102,		4.907,		
12.599718,		1.066549,		14,		0,		0,		nan,		62909364,		48.3,		48.47,		48.39,		1.593e-06,		inf,		-inf,		0,		0,		0,		0,		0,		0,		1.089,		0.8193,		38640,		0,		0,		0,		10098,		1,		0,		0,		24,		0,		0,		0,		45952,		112,		4.673,		
13.666451,		1.066601,		14,		0,		0,		nan,		62914466,		48.33,		48.51,		48.4,		1.56e-06,		inf,		-inf,		0,		0,		0,		0,		0,		0,		1.208,		0.9024,		38640,		0,		0,		0,		10098,		1,		0,		0,		32,		0,		0,		0,		50970,		123,		4.953,		
14.733001,		1.066418,		14,		0,		0,		nan,		62911028,		48.32,		48.5,		48.4,		2.291e-06,		inf,		-inf,		0,		0,		0,		0,		0,		0,		1.332,		0.99,		38640,		0,		0,		0,		10098,		1,		0,		0,		32,		0,		0,		0,		55987,		133,		4.907,		
15.799722,		1.066574,		15,		0,		0,		nan,		62920838,		48.38,		48.51,		48.43,		1.31e-06,		inf,		-inf,		0,		0,		0,		0,		0,		0,		1.44,		1.08,		38640,		0,		0,		0,		10098,		1,		0,		0,		40,		0,		0,		0,		61005,		144,		4.673,		
16.866419,		1.066573,		14,		0,		0,		nan,		62912526,		48.34,		48.53,		48.45,		1.655e-06,		inf,		-inf,		0,		0,		0,		0,		0,		0,		1.562,		1.159,		38640,		0,		0,		0,		10098,		1,		0,		0,		40,		0,		0,		0,		66027,		155,		4.717,		
17.933105,		1.066554,		14,		0,		0,		nan,		62912867,		48.41,		48.52,		48.46,		9.015e-07,		inf,		-inf,		0,		0,		0,		0,		0,		0,		1.688,		1.236,		38640,		0,		0,		0,		10098,		1,		0,		0,		40,		0,		0,		0,		71044,		165,		4.673,		
18.999779,		1.066546,		14,		0,		0,		nan,		62913521,		48.42,		48.54,		48.48,		1.256e-06,		inf,		-inf,		0,		0,		0,		0,		0,		0,		1.805,		1.324,		38640,		0,		0,		0,		10098,		1,		0,		0,		48,		0,		0,		0,		76064,		174,		4.907,		
20.066383,		1.066476,		14,		0,		0,		nan,		62914678,		48.4,		48.52,		48.46,		1.229e-06,		inf,		-inf,		0,		0,		0,		0,		0,		0,		1.923,		1.4,		38640,		0,		0,		0,		10098,		1,		0,		0,		48,		0,		0,		0,		81084,		191,		4.481,		
21.133154,		1.066634,		15,		0,		0,		nan,		62917774,		48.43,		48.58,		48.5,		1.684e-06,		inf,		-inf,		0,		0,		0,		0,		0,		0,		2.042,		1.481,		38640,		0,		0,		0,		10098,		1,		0,		0,		48,		0,		0,		0,		86101,		197,		4.907,		
22.199734,		1.066458,		14,		0,		0,		nan,		62909714,		48.45,		48.56,		48.5,		1.267e-06,		inf,		-inf,		0,		0,		0,		0,		0,		0,		2.156,		1.575,		38640,		0,		0,		0,		10098,		1,		0,		0,		48,		0,		0,		0,		91118,		206,		4.673,		
23.266468,		1.066610,		15,		0,		0,		nan,		62919497,		48.45,		48.61,		48.53,		1.42e-06,		inf,		-inf,		0,		0,		0,		0,		0,		0,		2.269,		1.663,		38640,		0,		0,		0,		10098,		1,		0,		0,		48,		0,		0,		0,		96136,		216,		4.717,		
24.333120,		1.066520,		14,		0,		0,		nan,		62910682,		48.49,		48.58,		48.53,		5.433e-07,		inf,		-inf,		0,		0,		0,		0,		0,		0,		2.38,		1.753,		38640,		0,		0,		0,		10098,		1,		0,		0,		48,		0,		0,		0,		101158,		225,		4.673,		
25.399830,		1.066584,		15,		0,		0,		nan,		62915904,		48.49,		48.6,		48.56,		8.989e-07,		inf,		-inf,		0,		0,		0,		0,		0,		0,		2.494,		1.834,		38640,		0,		0,		0,		10098,		1,		0,		0,		56,		0,		0,		0,		106176,		236,		4.673,		
26.466404,		1.066424,		14,		0,		0,		nan,		62910745,		48.47,		48.63,		48.56,		1.646e-06,		inf,		-inf,		0,		0,		0,		0,		0,		0,		2.612,		1.911,		38640,		0,		0,		0,		10098,		1,		0,		0,		56,		0,		0,		0,		111194,		245,		4.717,		
27.467157,		1.000618,		14,		0,		0,		nan,		58987530,		48.49,		49.54,		48.68,		8.172e-05,		inf,		-inf,		0,		0,		0,		0,		0,		0,		2.665,		1.982,		38640,		0,		0,		0,		10099,		1,		0,		0,		56,		0,		0,		0,		115902,		245,		3,		
28.533173,		1.065880,		15,		0,		0,		nan,		67060082,		48.57,		48.99,		48.68,		1.563e-05,		inf,		-inf,		0,		0,		0,		0,		0,		0,		2.784,		2.057,		38640,		0,		0,		0,		10099,		1,		0,		0,		56,		0,		0,		0,		120897,		255,		4.439,		
29.599871,		1.066572,		15,		0,		0,		nan,		62953550,		48.55,		48.65,		48.6,		8.83e-07,		inf,		-inf,		0,		0,		0,		0,		0,		0,		2.908,		2.137,		38640,		0,		0,		0,		10099,		1,		0,		0,		56,		0,		0,		0,		125914,		265,		4.673,		
30.666580,		1.066579,		14,		0,		0,		nan,		62913154,		48.57,		48.71,		48.62,		1.394e-06,		inf,		-inf,		0,		0,		0,		0,		0,		0,		3.032,		2.212,		38640,		0,		0,		0,		10099,		1,		0,		0,		64,		0,		0,		0,		130932,		275,		4.953,		
31.733200,		1.063565,		14,		0,		0,		nan,		62738500,		48.57,		48.7,		48.62,		1.222e-06,		inf,		-inf,		0,		0,		0,		0,		0,		0,		3.155,		2.286,		38640,		0,		0,		0,		10099,		1,		0,		0,		64,		0,		0,		0,		135951,		282,		4.439,		
32.799854,		1.066529,		15,		0,		0,		nan,		63092316,		48.57,		48.72,		48.65,		2.142e-06,		inf,		-inf,		0,		0,		0,		0,		0,		0,		3.269,		2.365,		38640,		0,		0,		0,		10099,		1,		0,		0,		64,		0,		0,		0,		140972,		293,		4.439,		
33.866573,		1.066589,		15,		0,		0,		nan,		62915329,		48.55,		48.7,		48.64,		2.122e-06,		inf,		-inf,		0,		0,		0,		0,		0,		0,		3.395,		2.431,		38640,		0,		0,		0,		10099,		1,		0,		0,		64,		0,		0,		0,		145990,		303,		4.717,		
34.933186,		1.066492,		14,		0,		0,		nan,		62912216,		48.54,		48.75,		48.66,		3.271e-06,		inf,		-inf,		0,		0,		0,		0,		0,		0,		3.516,		2.503,		38640,		0,		0,		0,		10099,		1,		0,		0,		64,		0,		0,		0,		151007,		313,		4.439,		
35.999920,		1.066581,		15,		0,		0,		nan,		62916230,		48.62,		48.78,		48.68,		1.911e-06,		inf,		-inf,		0,		0,		0,		0,		0,		0,		3.638,		2.575,		38640,		0,		0,		0,		10099,		1,		0,		0,		80,		0,		0,		0,		156030,		325,		4.439,		
37.066574,		1.066528,		14,		0,		0,		nan,		62911780,		48.64,		48.76,		48.7,		1.091e-06,		inf,		-inf,		0,		0,		0,		0,		0,		0,		3.763,		2.65,		38640,		0,		0,		0,		10099,		1,		0,		0,		80,		0,		0,		0,		161047,		332,		4.717,		
38.133236,		1.066536,		15,		0,		0,		nan,		62915984,		48.63,		48.8,		48.71,		1.961e-06,		inf,		-inf,		0,		0,		0,		0,		0,		0,		3.904,		2.717,		38640,		0,		0,		0,		10099,		1,		0,		0,		80,		0,		0,		0,		166064,		342,		4.907,		
39.199909,		1.066543,		15,		0,		0,		nan,		62914990,		48.64,		48.81,		48.72,		2.028e-06,		inf,		-inf,		0,		0,		0,		0,		0,		0,		4.031,		2.797,		38640,		0,		0,		0,		10099,		1,		0,		0,		80,		0,		0,		0,		171081,		351,		4.907,		
40.266705,		1.066671,		14,		0,		0,		nan,		62914790,		48.67,		48.8,		48.73,		1.323e-06,		inf,		-inf,		0,		0,		0,		0,		0,		0,		4.158,		2.876,		38640,		0,		0,		0,		10099,		1,		0,		0,		80,		0,		0,		0,		176104,		360,		4.717,		
41.333313,		1.066493,		14,		0,		0,		nan,		62907640,		48.66,		48.83,		48.74,		3.018e-06,		inf,		-inf,		0,		0,		0,		0,		0,		0,		4.273,		2.965,		38640,		0,		0,		0,		10099,		1,		0,		0,		88,		0,		0,		0,		181121,		365,		4.907,		
42.399872,		1.066427,		15,		0,		0,		nan,		62918579,		48.61,		48.8,		48.72,		2.359e-06,		inf,		-inf,		0,		0,		0,		0,		0,		0,		4.388,		3.048,		38640,		0,		0,		0,		10099,		1,		0,		0,		88,		0,		0,		0,		186138,		376,		4.439,		
43.466629,		1.066627,		15,		0,		0,		nan,		62919837,		48.68,		48.8,		48.74,		1.553e-06,		inf,		-inf,		0,		0,		0,		0,		0,		0,		4.51,		3.127,		38640,		0,		0,		0,		10100,		1,		0,		0,		88,		0,		0,		0,		191161,		387,		4.953,		
44.533264,		1.066507,		14,		0,		0,		nan,		62909628,		48.67,		48.88,		48.75,		2.602e-06,		inf,		-inf,		0,		0,		0,		0,		0,		0,		4.627,		3.203,		38640,		0,		0,		0,		10100,		1,		0,		0,		88,		0,		0,		0,		196178,		398,		4.439,		
45.599957,		1.066565,		15,		0,		0,		nan,		62916696,		48.69,		48.85,		48.75,		1.369e-06,		inf,		-inf,		0,		0,		0,		0,		0,		0,		4.737,		3.286,		38640,		0,		0,		0,		10100,		1,		0,		0,		88,		0,		0,		0,		201196,		409,		4.439,		
46.666771,		1.066687,		14,		0,		0,		nan,		62913165,		48.71,		48.85,		48.77,		2.063e-06,		inf,		-inf,		0,		0,		0,		0,		0,		0,		4.86,		3.356,		38640,		0,		0,		0,		10100,		1,		0,		0,		96,		0,		0,		0,		206213,		421,		4.481,		
47.733353,		1.066457,		14,		0,		0,		nan,		62906167,		48.72,		48.82,		48.77,		7.367e-07,		inf,		-inf,		0,		0,		0,		0,		0,		0,		4.967,		3.442,		38640,		0,		0,		0,		10100,		1,		0,		0,		96,		0,		0,		0,		211230,		432,		4.673,		
48.800064,		1.066571,		15,		0,		0,		nan,		62919248,		48.75,		48.93,		48.81,		2.348e-06,		inf,		-inf,		0,		0,		0,		0,		0,		0,		5.08,		3.522,		38640,		0,		0,		0,		10100,		1,		0,		0,		96,		0,		0,		0,		216252,		441,		4.439,		
49.866768,		1.066542,		14,		0,		0,		nan,		62910712,		48.74,		48.93,		48.83,		3.099e-06,		inf,		-inf,		0,		0,		0,		0,		0,		0,		5.197,		3.6,		38640,		0,		0,		0,		10100,		1,		0,		0,		96,		0,		0,		0,		221270,		450,		4.481,		
50.933407,		1.066513,		14,		0,		0,		nan,		62914788,		48.8,		48.93,		48.86,		1.297e-06,		inf,		-inf,		0,		0,		0,		0,		0,		0,		5.311,		3.681,		38640,		0,		0,		0,		10100,		1,		0,		0,		96,		0,		0,		0,		226288,		461,		4.673,		
52.000015,		1.066477,		15,		0,		0,		nan,		62916176,		48.75,		48.94,		48.85,		2.903e-06,		inf,		-inf,		0,		0,		0,		0,		0,		0,		5.425,		3.761,		38640,		0,		0,		0,		10100,		1,		0,		0,		96,		0,		0,		0,		231310,		471,		4.673,		
53.066780,		1.066638,		15,		0,		0,		nan,		62918235,		48.76,		48.91,		48.83,		2e-06,		inf,		-inf,		0,		0,		0,		0,		0,		0,		5.548,		3.832,		38640,		0,		0,		0,		10100,		1,		0,		0,		104,		0,		0,		0,		236328,		477,		4.481,		
54.133446,		1.066536,		14,		0,		0,		nan,		62909193,		48.77,		48.99,		48.85,		1.916e-06,		inf,		-inf,		0,		0,		0,		0,		0,		0,		5.667,		3.904,		38640,		0,		0,		0,		10100,		1,		0,		0,		104,		0,		0,		0,		241345,		486,		4.439,		
55.200207,		1.066597,		14,		0,		0,		nan,		62912796,		48.81,		48.94,		48.88,		1.459e-06,		inf,		-inf,		0,		0,		0,		0,		0,		0,		5.781,		3.985,		38640,		0,		0,		0,		10100,		1,		0,		0,		112,		0,		0,		0,		246363,		496,		4.673,		
56.266827,		1.066493,		14,		0,		0,		nan,		62911351,		48.85,		49,		48.9,		1.814e-06,		inf,		-inf,		0,		0,		0,		0,		0,		0,		5.89,		4.069,		38640,		0,		0,		0,		10100,		1,		0,		0,		112,		0,		0,		0,		251385,		503,		4.245,		
57.333496,		1.066549,		15,		0,		0,		nan,		62917840,		48.82,		48.99,		48.91,		1.577e-06,		inf,		-inf,		0,		0,		0,		0,		0,		0,		6.003,		4.15,		38640,		0,		0,		0,		10100,		1,		0,		0,		112,		0,		0,		0,		256402,		513,		4.673,		
58.400166,		1.066536,		14,		0,		0,		nan,		62914103,		48.87,		49.06,		48.95,		2.704e-06,		inf,		-inf,		0,		0,		0,		0,		0,		0,		6.119,		4.227,		38640,		0,		0,		0,		10100,		1,		0,		0,		120,		0,		0,		0,		261419,		525,		4.439,		
59.466801,		1.066512,		15,		0,		0,		nan,		62915171,		48.87,		49.04,		48.97,		1.389e-06,		inf,		-inf,		0,		0,		0,		0,		0,		0,		6.24,		4.301,		38640,		0,		0,		0,		10101,		1,		0,		0,		120,		0,		0,		0,		266441,		534,		4.717,		
60.533451,		1.066527,		15,		0,		0,		nan,		62916575,		48.85,		49.02,		48.93,		2.026e-06,		inf,		-inf,		0,		0,		0,		0,		0,		0,		6.347,		4.39,		38640,		0,		0,		0,		10101,		1,		0,		0,		120,		0,		0,		0,		271459,		543,		4.439,		
61.600182,		1.066598,		15,		0,		0,		nan,		62914977,		48.9,		49.01,		48.95,		9.437e-07,		inf,		-inf,		0,		0,		0,		0,		0,		0,		6.462,		4.472,		38640,		0,		0,		0,		10101,		1,		0,		0,		120,		0,		0,		0,		276476,		553,		4.907,		
62.666939,		1.066626,		14,		0,		0,		nan,		62910714,		48.92,		49.07,		48.97,		1.446e-06,		inf,		-inf,		0,		0,		0,		0,		0,		0,		6.587,		4.551,		38640,		0,		0,		0,		10101,		1,		0,		0,		120,		0,		0,		0,		281493,		582,		4.717,		
63.730942,		1.063876,		4,		0,		0,		nan,		19659392,		49.05,		49.11,		49.08,		3.59e-07,		inf,		-inf,		0,		0,		0,		0,		0,		0,		6.671,		4.572,		38640,		0,		0,		0,		10103,		1,		0,		0,		120,		0,		0,		0,		283114,		627,		2.57,		
64.731918,		1.000865,		0,		0,		0,		nan,		0,		inf,		-inf,		0,		nan,		inf,		-inf,		0,		0,		0,		0,		0,		0,		6.673,		4.573,		38640,		0,		0,		0,		10103,		1,		0,		0,		128,		0,		0,		0,		283129,		627,		0,		
65.732620,		1.000559,		0,		0,		0,		nan,		0,		inf,		-inf,		0,		nan,		inf,		-inf,		0,		0,		0,		0,		0,		0,		6.673,		4.573,		38640,		0,		0,		0,		10103,		1,		0,		0,		128,		0,		0,		0,		283141,		627,		0,		
66.733322,		1.000571,		0,		0,		0,		nan,		0,		inf,		-inf,		0,		nan,		inf,		-inf,		0,		0,		0,		0,		0,		0,		6.673,		4.574,		38640,		0,		0,		0,		10103,		1,		0,		0,		128,		0,		0,		0,		283152,		627,		0,		
67.734016,		1.000569,		0,		0,		0,		nan,		0,		inf,		-inf,		0,		nan,		inf,		-inf,		0,		0,		0,		0,		0,		0,		6.674,		4.574,		38640,		0,		0,		0,		10103,		1,		0,		0,		128,		0,		0,		0,		283163,		627,		0,		
68.734703,		1.000553,		0,		0,		0,		nan,		0,		inf,		-inf,		0,		nan,		inf,		-inf,		0,		0,		0,		0,		0,		0,		6.675,		4.574,		38640,		0,		0,		0,		10103,		1,		0,		0,		128,		0,		0,		0,		283174,		627,		0,		
Maximum runtime reached. Exiting.
