Experiment id: 325f5bc9-1caa-4269-8891-34935b3f8262
Performance Test Version: 5b1035d-dirty
Logfile name: 
Communication mean: ROS2
RMW Implementation: rmw_cyclonedds_cpp
DDS domain id: 61
QOS: Reliability: RELIABLE Durability: VOLATILE History kind: KEEP_LAST History depth: 10 Sync. pub/sub: 0
Publishing rate: 1000
Topic name: Array4m
Maximum runtime (sec): 68
Number of publishers: 0
Number of subscribers: 1
Memory check enabled: 0
Use single participant: 0
With security: 0
Roundtrip Mode: NONE
Ignore seconds from beginning: 0

---EXPERIMENT-START---
T_experiment,	T_loop,	received,	sent,	lost,	relative_loss,	data_received,	latency_min (ms),	latency_max (ms),	latency_mean (ms),	latency_variance (ms),	pub_loop_res_min (ms),	pub_loop_res_max (ms),	pub_loop_res_mean (ms),	pub_loop_res_variance (ms),	sub_loop_res_min (ms),	sub_loop_res_max (ms),	sub_loop_res_mean (ms),	sub_loop_res_variance (ms),	ru_utime,	ru_stime,	ru_maxrss,	ru_ixrss,	ru_idrss,	ru_isrss,	ru_minflt,	ru_majflt,	ru_nswap,	ru_inblock,	ru_oublock,	ru_msgsnd,	ru_msgrcv,	ru_nsignals,	ru_nvcsw,	ru_nivcsw,	cpu_usage (%),	
1.006497,		1.006495,		0,		0,		0,		nan,		0,		inf,		-inf,		0,		nan,		inf,		-inf,		0,		0,		0,		0,		0,		0,		0.02477,		0.02576,		24576,		0,		0,		0,		3477,		0,		0,		0,		16,		0,		0,		0,		103,		9,		0.4902,		
2.007174,		1.000531,		0,		0,		0,		nan,		0,		inf,		-inf,		0,		nan,		inf,		-inf,		0,		0,		0,		0,		0,		0,		0.0255,		0.02576,		24576,		0,		0,		0,		3477,		0,		0,		0,		16,		0,		0,		0,		114,		9,		0,		
3.007914,		1.000672,		0,		0,		0,		nan,		0,		inf,		-inf,		0,		nan,		inf,		-inf,		0,		0,		0,		0,		0,		0,		0.02807,		0.02576,		24576,		0,		0,		0,		3489,		0,		0,		0,		16,		0,		0,		0,		166,		9,		0,		
4.044178,		1.036122,		16,		0,		0,		nan,		71245445,		49.03,		61.04,		51.62,		0.01193,		inf,		-inf,		0,		0,		0,		0,		0,		0,		0.131,		0.1267,		38608,		0,		0,		0,		10097,		0,		0,		0,		16,		0,		0,		0,		5490,		16,		5.048,		
5.110806,		1.066504,		15,		0,		0,		nan,		64762030,		48.98,		49.13,		49.05,		2.21e-06,		inf,		-inf,		0,		0,		0,		0,		0,		0,		0.2502,		0.2012,		38608,		0,		0,		0,		10097,		0,		0,		0,		16,		0,		0,		0,		10509,		24,		4.481,		
6.177481,		1.066564,		15,		0,		0,		nan,		62917574,		48.98,		49.13,		49.04,		1.524e-06,		inf,		-inf,		0,		0,		0,		0,		0,		0,		0.3744,		0.2762,		38608,		0,		0,		0,		10097,		0,		0,		0,		16,		0,		0,		0,		15527,		33,		4.673,		
7.244155,		1.066548,		14,		0,		0,		nan,		62913763,		48.93,		49.08,		49.03,		2.436e-06,		inf,		-inf,		0,		0,		0,		0,		0,		0,		0.49,		0.3567,		38608,		0,		0,		0,		10097,		0,		0,		0,		24,		0,		0,		0,		20543,		40,		4.439,		
8.310769,		1.066454,		14,		0,		0,		nan,		62912306,		48.94,		49.14,		49.05,		2.459e-06,		inf,		-inf,		0,		0,		0,		0,		0,		0,		0.6075,		0.4333,		38736,		0,		0,		0,		10098,		0,		0,		0,		24,		0,		0,		0,		25566,		49,		4.717,		
9.377382,		1.066488,		15,		0,		0,		nan,		62919881,		48.92,		49.08,		48.99,		2.521e-06,		inf,		-inf,		0,		0,		0,		0,		0,		0,		0.7285,		0.5049,		38736,		0,		0,		0,		10098,		0,		0,		0,		24,		0,		0,		0,		30583,		59,		4.439,		
10.444052,		1.066543,		15,		0,		0,		nan,		62918216,		48.92,		49.07,		48.98,		2.05e-06,		inf,		-inf,		0,		0,		0,		0,		0,		0,		0.8462,		0.5802,		38736,		0,		0,		0,		10098,		0,		0,		0,		24,		0,		0,		0,		35601,		69,		4.673,		
11.510658,		1.066484,		15,		0,		0,		nan,		62914885,		48.83,		48.99,		48.91,		1.95e-06,		inf,		-inf,		0,		0,		0,		0,		0,		0,		0.969,		0.6503,		38736,		0,		0,		0,		10099,		0,		0,		0,		24,		0,		0,		0,		40623,		79,		4.481,		
12.577340,		1.066570,		15,		0,		0,		nan,		62918698,		48.82,		48.97,		48.91,		2.51e-06,		inf,		-inf,		0,		0,		0,		0,		0,		0,		1.095,		0.7176,		38736,		0,		0,		0,		10099,		0,		0,		0,		32,		0,		0,		0,		45640,		86,		4.439,		
13.643944,		1.066475,		14,		0,		0,		nan,		62913132,		48.81,		49,		48.94,		2.624e-06,		inf,		-inf,		0,		0,		0,		0,		0,		0,		1.219,		0.7886,		38736,		0,		0,		0,		10099,		0,		0,		0,		32,		0,		0,		0,		50658,		96,		4.439,		
14.644163,		1.000087,		14,		0,		0,		nan,		58985152,		48.83,		49.03,		48.9,		3.05e-06,		inf,		-inf,		0,		0,		0,		0,		0,		0,		1.275,		0.8531,		38736,		0,		0,		0,		10099,		0,		0,		0,		32,		0,		0,		0,		55362,		96,		3.25,		
15.710663,		1.066328,		15,		0,		0,		nan,		67092736,		48.81,		48.99,		48.9,		2.214e-06,		inf,		-inf,		0,		0,		0,		0,		0,		0,		1.405,		0.9169,		38736,		0,		0,		0,		10099,		0,		0,		0,		40,		0,		0,		0,		60380,		107,		4.481,		
16.777260,		1.066476,		15,		0,		0,		nan,		62927024,		48.79,		48.97,		48.87,		2.572e-06,		inf,		-inf,		0,		0,		0,		0,		0,		0,		1.53,		0.9855,		38736,		0,		0,		0,		10099,		0,		0,		0,		40,		0,		0,		0,		65402,		118,		4.439,		
17.843988,		1.066603,		15,		0,		0,		nan,		62919127,		48.72,		48.84,		48.8,		1.186e-06,		inf,		-inf,		0,		0,		0,		0,		0,		0,		1.65,		1.058,		38736,		0,		0,		0,		10099,		0,		0,		0,		48,		0,		0,		0,		70419,		128,		4.673,		
18.910643,		1.063987,		14,		0,		0,		nan,		62761594,		48.7,		48.96,		48.82,		4.576e-06,		inf,		-inf,		0,		0,		0,		0,		0,		0,		1.771,		1.128,		38736,		0,		0,		0,		10099,		0,		0,		0,		48,		0,		0,		0,		75436,		137,		4.481,		
19.977259,		1.066495,		15,		0,		0,		nan,		63066058,		48.75,		48.82,		48.79,		4.503e-07,		inf,		-inf,		0,		0,		0,		0,		0,		0,		1.887,		1.204,		38736,		0,		0,		0,		10099,		0,		0,		0,		48,		0,		0,		0,		80458,		143,		4.439,		
21.043861,		1.066483,		15,		0,		0,		nan,		62917636,		48.72,		48.87,		48.79,		1.877e-06,		inf,		-inf,		0,		0,		0,		0,		0,		0,		2.011,		1.276,		38736,		0,		0,		0,		10099,		0,		0,		0,		48,		0,		0,		0,		85476,		150,		4.673,		
22.110582,		1.066603,		15,		0,		0,		nan,		62917606,		48.66,		48.83,		48.73,		2.687e-06,		inf,		-inf,		0,		0,		0,		0,		0,		0,		2.141,		1.354,		38736,		0,		0,		0,		10099,		0,		0,		0,		48,		0,		0,		0,		90493,		157,		4.953,		
23.177135,		1.066435,		14,		0,		0,		nan,		62912655,		48.63,		48.8,		48.73,		2.555e-06,		inf,		-inf,		0,		0,		0,		0,		0,		0,		2.261,		1.429,		38736,		0,		0,		0,		10099,		0,		0,		0,		48,		0,		0,		0,		95511,		164,		4.439,		
24.243874,		1.064593,		14,		0,		0,		nan,		62802259,		48.67,		48.8,		48.73,		2.023e-06,		inf,		-inf,		0,		0,		0,		0,		0,		0,		2.382,		1.509,		38736,		0,		0,		0,		10099,		0,		0,		0,		56,		0,		0,		0,		100535,		175,		4.673,		
25.310446,		1.066450,		15,		0,		0,		nan,		63030163,		48.58,		48.77,		48.68,		1.75e-06,		inf,		-inf,		0,		0,		0,		0,		0,		0,		2.492,		1.591,		38736,		0,		0,		0,		10099,		0,		0,		0,		56,		0,		0,		0,		105553,		186,		4.717,		
26.377148,		1.066586,		15,		0,		0,		nan,		62920902,		48.62,		48.79,		48.67,		1.914e-06,		inf,		-inf,		0,		0,		0,		0,		0,		0,		2.612,		1.662,		38736,		0,		0,		0,		10099,		0,		0,		0,		56,		0,		0,		0,		110570,		198,		4.439,		
27.443697,		1.066431,		14,		0,		0,		nan,		62912517,		48.56,		48.71,		48.64,		1.232e-06,		inf,		-inf,		0,		0,		0,		0,		0,		0,		2.739,		1.731,		38736,		0,		0,		0,		10100,		0,		0,		0,		56,		0,		0,		0,		115592,		205,		4.439,		
28.510389,		1.066573,		15,		0,		0,		nan,		62921484,		48.56,		48.69,		48.63,		1.475e-06,		inf,		-inf,		0,		0,		0,		0,		0,		0,		2.872,		1.8,		38736,		0,		0,		0,		10100,		0,		0,		0,		56,		0,		0,		0,		120609,		213,		4.717,		
29.577061,		1.066545,		14,		0,		0,		nan,		62913051,		48.55,		48.68,		48.6,		1.291e-06,		inf,		-inf,		0,		0,		0,		0,		0,		0,		2.988,		1.881,		38736,		0,		0,		0,		10100,		0,		0,		0,		64,		0,		0,		0,		125626,		221,		4.673,		
30.643721,		1.066543,		14,		0,		0,		nan,		62913894,		48.53,		48.64,		48.58,		9.045e-07,		inf,		-inf,		0,		0,		0,		0,		0,		0,		3.119,		1.95,		38736,		0,		0,		0,		10100,		0,		0,		0,		64,		0,		0,		0,		130644,		231,		4.439,		
31.710304,		1.066468,		15,		0,		0,		nan,		62916419,		48.5,		48.62,		48.56,		1.067e-06,		inf,		-inf,		0,		0,		0,		0,		0,		0,		3.24,		2.029,		38736,		0,		0,		0,		10100,		0,		0,		0,		64,		0,		0,		0,		135661,		239,		4.717,		
32.776897,		1.066474,		15,		0,		0,		nan,		62919589,		48.43,		48.58,		48.51,		1.36e-06,		inf,		-inf,		0,		0,		0,		0,		0,		0,		3.374,		2.101,		38736,		0,		0,		0,		10100,		0,		0,		0,		64,		0,		0,		0,		140683,		247,		5.14,		
33.843632,		1.066616,		15,		0,		0,		nan,		62919241,		48.44,		48.58,		48.51,		1.82e-06,		inf,		-inf,		0,		0,		0,		0,		0,		0,		3.499,		2.182,		38736,		0,		0,		0,		10100,		0,		0,		0,		64,		0,		0,		0,		145701,		254,		4.673,		
34.910336,		1.066585,		14,		0,		0,		nan,		62910851,		48.41,		48.53,		48.49,		1.387e-06,		inf,		-inf,		0,		0,		0,		0,		0,		0,		3.62,		2.262,		38736,		0,		0,		0,		10100,		0,		0,		0,		64,		0,		0,		0,		150718,		262,		4.717,		
35.976879,		1.066403,		14,		0,		0,		nan,		62910807,		48.41,		48.55,		48.47,		1.621e-06,		inf,		-inf,		0,		0,		0,		0,		0,		0,		3.749,		2.338,		38736,		0,		0,		0,		10100,		0,		0,		0,		80,		0,		0,		0,		155741,		271,		4.673,		
37.043648,		1.066644,		15,		0,		0,		nan,		62923348,		48.37,		48.51,		48.43,		1.783e-06,		inf,		-inf,		0,		0,		0,		0,		0,		0,		3.873,		2.407,		38736,		0,		0,		0,		10100,		0,		0,		0,		80,		0,		0,		0,		160758,		282,		4.673,		
38.110249,		1.066490,		14,		0,		0,		nan,		62909405,		48.37,		48.5,		48.42,		1.183e-06,		inf,		-inf,		0,		0,		0,		0,		0,		0,		3.986,		2.493,		38736,		0,		0,		0,		10100,		0,		0,		0,		80,		0,		0,		0,		165775,		293,		4.717,		
39.176853,		1.066489,		15,		0,		0,		nan,		62918822,		48.3,		48.5,		48.39,		1.48e-06,		inf,		-inf,		0,		0,		0,		0,		0,		0,		4.1,		2.571,		38736,		0,		0,		0,		10100,		0,		0,		0,		80,		0,		0,		0,		170792,		302,		4.439,		
40.243492,		1.066524,		15,		0,		0,		nan,		62918172,		48.35,		48.5,		48.39,		1.316e-06,		inf,		-inf,		0,		0,		0,		0,		0,		0,		4.224,		2.65,		38736,		0,		0,		0,		10100,		0,		0,		0,		80,		0,		0,		0,		175815,		310,		4.907,		
41.310280,		1.066673,		15,		0,		0,		nan,		62916237,		48.25,		48.48,		48.36,		4.454e-06,		inf,		-inf,		0,		0,		0,		0,		0,		0,		4.349,		2.721,		38736,		0,		0,		0,		10100,		0,		0,		0,		88,		0,		0,		0,		180832,		319,		4.481,		
42.376789,		1.066399,		14,		0,		0,		nan,		62908352,		48.26,		48.42,		48.34,		1.218e-06,		inf,		-inf,		0,		0,		0,		0,		0,		0,		4.469,		2.802,		38736,		0,		0,		0,		10100,		0,		0,		0,		88,		0,		0,		0,		185849,		324,		4.673,		
43.443466,		1.066569,		15,		0,		0,		nan,		62924095,		48.26,		48.39,		48.31,		1.265e-06,		inf,		-inf,		0,		0,		0,		0,		0,		0,		4.592,		2.872,		38736,		0,		0,		0,		10101,		0,		0,		0,		88,		0,		0,		0,		190872,		333,		4.673,		
44.510094,		1.066517,		14,		0,		0,		nan,		62914024,		48.25,		48.39,		48.32,		1.379e-06,		inf,		-inf,		0,		0,		0,		0,		0,		0,		4.723,		2.952,		38736,		0,		0,		0,		10101,		0,		0,		0,		88,		0,		0,		0,		195889,		341,		4.953,		
45.576839,		1.066625,		15,		0,		0,		nan,		62916504,		48.25,		48.39,		48.33,		1.75e-06,		inf,		-inf,		0,		0,		0,		0,		0,		0,		4.844,		3.033,		38736,		0,		0,		0,		10101,		0,		0,		0,		88,		0,		0,		0,		200907,		348,		4.673,		
46.643417,		1.064572,		14,		0,		0,		nan,		62797716,		48.15,		48.38,		48.3,		2.495e-06,		inf,		-inf,		0,		0,		0,		0,		0,		0,		4.975,		3.108,		38736,		0,		0,		0,		10101,		0,		0,		0,		96,		0,		0,		0,		205925,		359,		4.673,		
47.709961,		1.066422,		15,		0,		0,		nan,		63032656,		48.16,		48.31,		48.24,		1.277e-06,		inf,		-inf,		0,		0,		0,		0,		0,		0,		5.094,		3.184,		38736,		0,		0,		0,		10101,		0,		0,		0,		96,		0,		0,		0,		210942,		369,		4.717,		
48.776680,		1.066592,		15,		0,		0,		nan,		62921792,		48.12,		48.29,		48.22,		1.948e-06,		inf,		-inf,		0,		0,		0,		0,		0,		0,		5.213,		3.259,		38736,		0,		0,		0,		10101,		0,		0,		0,		96,		0,		0,		0,		215963,		379,		4.439,		
49.843346,		1.066553,		14,		0,		0,		nan,		62912676,		48.13,		48.28,		48.19,		1.487e-06,		inf,		-inf,		0,		0,		0,		0,		0,		0,		5.335,		3.335,		38736,		0,		0,		0,		10101,		0,		0,		0,		96,		0,		0,		0,		220980,		389,		4.673,		
50.910263,		1.066801,		14,		0,		0,		nan,		62914616,		48.1,		48.46,		48.2,		5.692e-06,		inf,		-inf,		0,		0,		0,		0,		0,		0,		5.468,		3.411,		38736,		0,		0,		0,		10101,		0,		0,		0,		96,		0,		0,		0,		225998,		397,		4.953,		
51.976589,		1.065011,		14,		0,		0,		nan,		62829137,		48.12,		48.23,		48.16,		1.074e-06,		inf,		-inf,		0,		0,		0,		0,		0,		0,		5.595,		3.484,		38736,		0,		0,		0,		10101,		0,		0,		0,		104,		0,		0,		0,		231022,		406,		4.673,		
53.043270,		1.066563,		15,		0,		0,		nan,		63005977,		48.09,		48.2,		48.15,		7.881e-07,		inf,		-inf,		0,		0,		0,		0,		0,		0,		5.709,		3.567,		38736,		0,		0,		0,		10101,		0,		0,		0,		104,		0,		0,		0,		236040,		416,		4.439,		
54.109917,		1.066538,		14,		0,		0,		nan,		62914365,		48.06,		48.19,		48.13,		8.31e-07,		inf,		-inf,		0,		0,		0,		0,		0,		0,		5.84,		3.633,		38736,		0,		0,		0,		10101,		0,		0,		0,		104,		0,		0,		0,		241057,		424,		4.717,		
55.176487,		1.066421,		14,		0,		0,		nan,		62913568,		48,		48.17,		48.1,		2.134e-06,		inf,		-inf,		0,		0,		0,		0,		0,		0,		5.966,		3.708,		38736,		0,		0,		0,		10101,		0,		0,		0,		112,		0,		0,		0,		246075,		433,		4.673,		
56.243210,		1.066611,		15,		0,		0,		nan,		62922844,		48.03,		48.15,		48.08,		9.45e-07,		inf,		-inf,		0,		0,		0,		0,		0,		0,		6.081,		3.785,		38736,		0,		0,		0,		10101,		0,		0,		0,		112,		0,		0,		0,		251097,		443,		4.673,		
57.309841,		1.066503,		14,		0,		0,		nan,		62910365,		47.99,		48.16,		48.07,		1.783e-06,		inf,		-inf,		0,		0,		0,		0,		0,		0,		6.211,		3.846,		38736,		0,		0,		0,		10101,		0,		0,		0,		120,		0,		0,		0,		256114,		454,		4.481,		
58.376518,		1.066559,		15,		0,		0,		nan,		62916821,		47.96,		48.19,		48.05,		2.609e-06,		inf,		-inf,		0,		0,		0,		0,		0,		0,		6.327,		3.923,		38736,		0,		0,		0,		10101,		0,		0,		0,		120,		0,		0,		0,		261131,		466,		4.439,		
59.443142,		1.066499,		14,		0,		0,		nan,		62914580,		48,		48.14,		48.05,		1.843e-06,		inf,		-inf,		0,		0,		0,		0,		0,		0,		6.457,		3.989,		38736,		0,		0,		0,		10102,		0,		0,		0,		120,		0,		0,		0,		266153,		471,		4.439,		
60.509773,		1.066513,		15,		0,		0,		nan,		62917452,		47.97,		48.09,		48.03,		9.237e-07,		inf,		-inf,		0,		0,		0,		0,		0,		0,		6.591,		4.062,		38736,		0,		0,		0,		10102,		0,		0,		0,		120,		0,		0,		0,		271171,		480,		5.189,		
61.576439,		1.066540,		15,		0,		0,		nan,		62916585,		47.92,		48.07,		47.98,		1.68e-06,		inf,		-inf,		0,		0,		0,		0,		0,		0,		6.723,		4.13,		38736,		0,		0,		0,		10102,		0,		0,		0,		120,		0,		0,		0,		276188,		491,		4.439,		
62.643097,		1.066543,		15,		0,		0,		nan,		62915865,		47.91,		48.09,		48,		1.952e-06,		inf,		-inf,		0,		0,		0,		0,		0,		0,		6.846,		4.214,		38736,		0,		0,		0,		10102,		0,		0,		0,		120,		0,		0,		0,		281205,		498,		4.907,		
63.674015,		1.030803,		5,		0,		0,		nan,		23593101,		47.92,		48.05,		47.99,		1.575e-06,		inf,		-inf,		0,		0,		0,		0,		0,		0,		6.905,		4.241,		38736,		0,		0,		0,		10104,		0,		0,		0,		128,		0,		0,		0,		283141,		504,		2.184,		
64.674767,		1.000641,		0,		0,		0,		nan,		0,		inf,		-inf,		0,		nan,		inf,		-inf,		0,		0,		0,		0,		0,		0,		6.905,		4.242,		38736,		0,		0,		0,		10104,		0,		0,		0,		128,		0,		0,		0,		283156,		504,		0,		
65.675682,		1.000789,		0,		0,		0,		nan,		0,		inf,		-inf,		0,		nan,		inf,		-inf,		0,		0,		0,		0,		0,		0,		6.906,		4.242,		38736,		0,		0,		0,		10104,		0,		0,		0,		128,		0,		0,		0,		283168,		504,		0,		
66.676369,		1.000549,		0,		0,		0,		nan,		0,		inf,		-inf,		0,		nan,		inf,		-inf,		0,		0,		0,		0,		0,		0,		6.907,		4.242,		38736,		0,		0,		0,		10104,		0,		0,		0,		128,		0,		0,		0,		283179,		504,		0,		
67.677048,		1.000555,		0,		0,		0,		nan,		0,		inf,		-inf,		0,		nan,		inf,		-inf,		0,		0,		0,		0,		0,		0,		6.908,		4.242,		38736,		0,		0,		0,		10104,		0,		0,		0,		128,		0,		0,		0,		283190,		504,		0,		
68.677727,		1.000556,		0,		0,		0,		nan,		0,		inf,		-inf,		0,		nan,		inf,		-inf,		0,		0,		0,		0,		0,		0,		6.908,		4.242,		38736,		0,		0,		0,		10104,		0,		0,		0,		128,		0,		0,		0,		283201,		504,		0,		
Maximum runtime reached. Exiting.
