Experiment id: 6d5cab24-1b34-4c8d-b6ef-f284a7558427
Performance Test Version: 5b1035d-dirty
Logfile name: 
Communication mean: ROS2
RMW Implementation: rmw_cyclonedds_cpp
DDS domain id: 61
QOS: Reliability: RELIABLE Durability: VOLATILE History kind: KEEP_LAST History depth: 10 Sync. pub/sub: 0
Publishing rate: 15
Topic name: Array4m
Maximum runtime (sec): 60
Number of publishers: 1
Number of subscribers: 0
Memory check enabled: 0
Use single participant: 0
With security: 0
Roundtrip Mode: NONE
Ignore seconds from beginning: 0

---EXPERIMENT-START---
T_experiment,	T_loop,	received,	sent,	lost,	relative_loss,	data_received,	latency_min (ms),	latency_max (ms),	latency_mean (ms),	latency_variance (ms),	pub_loop_res_min (ms),	pub_loop_res_max (ms),	pub_loop_res_mean (ms),	pub_loop_res_variance (ms),	sub_loop_res_min (ms),	sub_loop_res_max (ms),	sub_loop_res_mean (ms),	sub_loop_res_variance (ms),	ru_utime,	ru_stime,	ru_maxrss,	ru_ixrss,	ru_idrss,	ru_isrss,	ru_minflt,	ru_majflt,	ru_nswap,	ru_inblock,	ru_oublock,	ru_msgsnd,	ru_msgrcv,	ru_nsignals,	ru_nvcsw,	ru_nivcsw,	cpu_usage (%),	
1.000066,		1.000065,		0,		15,		0,		0.00,		0,		inf,		-inf,		0,		0,		-39.27,		31.16,		22.04,		0.3547,		inf,		-inf,		0,		0,		0.04946,		0.2924,		53052,		0,		0,		0,		11687,		0,		0,		0,		16,		0,		0,		0,		754,		28,		7.673,		
2.000305,		1.000066,		0,		14,		0,		0.00,		0,		inf,		-inf,		0,		0,		30.98,		31.49,		31.21,		2.216e-05,		inf,		-inf,		0,		0,		0.06964,		0.5303,		53052,		0,		0,		0,		11687,		0,		0,		0,		16,		0,		0,		0,		1376,		38,		6.5,		
3.000505,		1.000064,		0,		14,		0,		0.00,		0,		inf,		-inf,		0,		0,		30.95,		31.52,		31.25,		2.549e-05,		inf,		-inf,		0,		0,		0.09082,		0.7704,		53052,		0,		0,		0,		11687,		0,		0,		0,		16,		0,		0,		0,		2003,		40,		6.75,		
4.000731,		1.000086,		0,		14,		0,		0.00,		0,		inf,		-inf,		0,		0,		31.02,		31.51,		31.29,		2.847e-05,		inf,		-inf,		0,		0,		0.1041,		1.004,		53052,		0,		0,		0,		11687,		0,		0,		0,		16,		0,		0,		0,		2641,		45,		6,		
5.000944,		1.000075,		0,		14,		0,		0.00,		0,		inf,		-inf,		0,		0,		30.99,		31.55,		31.25,		3.696e-05,		inf,		-inf,		0,		0,		0.1176,		1.243,		53052,		0,		0,		0,		11688,		0,		0,		0,		16,		0,		0,		0,		3290,		50,		6.25,		
6.001176,		1.000078,		0,		14,		0,		0.00,		0,		inf,		-inf,		0,		0,		31.11,		31.59,		31.31,		2.05e-05,		inf,		-inf,		0,		0,		0.1386,		1.468,		53052,		0,		0,		0,		11688,		0,		0,		0,		16,		0,		0,		0,		3918,		53,		6,		
7.001418,		1.000075,		0,		14,		0,		0.00,		0,		inf,		-inf,		0,		0,		31.02,		31.52,		31.25,		2.593e-05,		inf,		-inf,		0,		0,		0.1574,		1.695,		53052,		0,		0,		0,		11688,		0,		0,		0,		24,		0,		0,		0,		4570,		55,		6.25,		
8.001616,		1.000064,		0,		14,		0,		0.00,		0,		inf,		-inf,		0,		0,		31.01,		31.51,		31.23,		2.834e-05,		inf,		-inf,		0,		0,		0.173,		1.927,		53052,		0,		0,		0,		11689,		0,		0,		0,		24,		0,		0,		0,		5218,		58,		6.25,		
9.001821,		1.000069,		0,		14,		0,		0.00,		0,		inf,		-inf,		0,		0,		30.99,		31.53,		31.26,		3.535e-05,		inf,		-inf,		0,		0,		0.1831,		2.174,		53052,		0,		0,		0,		11689,		0,		0,		0,		24,		0,		0,		0,		5829,		65,		6.5,		
10.002023,		1.000067,		0,		14,		0,		0.00,		0,		inf,		-inf,		0,		0,		31.03,		31.56,		31.24,		3.189e-05,		inf,		-inf,		0,		0,		0.1988,		2.422,		53052,		0,		0,		0,		11689,		0,		0,		0,		24,		0,		0,		0,		6437,		71,		6.5,		
11.002256,		1.000080,		0,		14,		0,		0.00,		0,		inf,		-inf,		0,		0,		31.08,		31.52,		31.27,		1.785e-05,		inf,		-inf,		0,		0,		0.2218,		2.647,		53052,		0,		0,		0,		11689,		0,		0,		0,		24,		0,		0,		0,		7076,		74,		6.25,		
12.002477,		1.000064,		0,		14,		0,		0.00,		0,		inf,		-inf,		0,		0,		31,		31.59,		31.3,		3.367e-05,		inf,		-inf,		0,		0,		0.2383,		2.896,		53052,		0,		0,		0,		11689,		0,		0,		0,		24,		0,		0,		0,		7671,		83,		6.5,		
13.002683,		1.000065,		0,		14,		0,		0.00,		0,		inf,		-inf,		0,		0,		31,		31.57,		31.28,		3.426e-05,		inf,		-inf,		0,		0,		0.258,		3.131,		53052,		0,		0,		0,		11689,		0,		0,		0,		32,		0,		0,		0,		8304,		90,		6.5,		
14.002892,		1.000074,		0,		14,		0,		0.00,		0,		inf,		-inf,		0,		0,		31.05,		31.5,		31.32,		1.825e-05,		inf,		-inf,		0,		0,		0.2828,		3.356,		53052,		0,		0,		0,		11689,		0,		0,		0,		32,		0,		0,		0,		8936,		92,		6.25,		
15.003184,		1.000089,		0,		15,		0,		0.00,		0,		inf,		-inf,		0,		0,		31,		31.51,		31.23,		2.554e-05,		inf,		-inf,		0,		0,		0.2964,		3.596,		53052,		0,		0,		0,		11689,		0,		0,		0,		40,		0,		0,		0,		9569,		96,		6.25,		
16.003592,		1.000087,		0,		14,		0,		0.00,		0,		inf,		-inf,		0,		0,		31,		31.47,		31.17,		2.531e-05,		inf,		-inf,		0,		0,		0.3208,		3.843,		53052,		0,		0,		0,		11689,		0,		0,		0,		40,		0,		0,		0,		10161,		101,		6.931,		
17.003958,		1.000070,		0,		14,		0,		0.00,		0,		inf,		-inf,		0,		0,		31.01,		31.45,		31.25,		1.564e-05,		inf,		-inf,		0,		0,		0.3389,		4.084,		53052,		0,		0,		0,		11689,		0,		0,		0,		40,		0,		0,		0,		10783,		104,		6.25,		
18.004181,		1.000081,		0,		14,		0,		0.00,		0,		inf,		-inf,		0,		0,		30.99,		31.49,		31.29,		2.416e-05,		inf,		-inf,		0,		0,		0.3609,		4.315,		53052,		0,		0,		0,		11689,		0,		0,		0,		40,		0,		0,		0,		11398,		109,		6.5,		
19.004402,		1.000073,		0,		14,		0,		0.00,		0,		inf,		-inf,		0,		0,		31,		31.48,		31.19,		2.274e-05,		inf,		-inf,		0,		0,		0.3797,		4.54,		53052,		0,		0,		0,		11689,		0,		0,		0,		48,		0,		0,		0,		12067,		111,		5.75,		
20.004604,		1.000045,		0,		14,		0,		0.00,		0,		inf,		-inf,		0,		0,		31.02,		31.53,		31.26,		2.662e-05,		inf,		-inf,		0,		0,		0.3982,		4.77,		53052,		0,		0,		0,		11689,		0,		0,		0,		48,		0,		0,		0,		12709,		115,		6.5,		
21.004835,		1.000070,		0,		14,		0,		0.00,		0,		inf,		-inf,		0,		0,		31.04,		31.48,		31.29,		1.936e-05,		inf,		-inf,		0,		0,		0.4168,		5.004,		53052,		0,		0,		0,		11690,		0,		0,		0,		48,		0,		0,		0,		13354,		122,		6.25,		
22.005053,		1.000064,		0,		14,		0,		0.00,		0,		inf,		-inf,		0,		0,		31.01,		31.56,		31.26,		2.861e-05,		inf,		-inf,		0,		0,		0.4362,		5.248,		53052,		0,		0,		0,		11690,		0,		0,		0,		48,		0,		0,		0,		13962,		124,		6.5,		
23.005251,		1.000063,		0,		14,		0,		0.00,		0,		inf,		-inf,		0,		0,		31.02,		31.52,		31.25,		3.145e-05,		inf,		-inf,		0,		0,		0.457,		5.48,		53052,		0,		0,		0,		11690,		0,		0,		0,		48,		0,		0,		0,		14613,		132,		6.5,		
24.005461,		1.000069,		0,		14,		0,		0.00,		0,		inf,		-inf,		0,		0,		31.01,		31.49,		31.26,		2.357e-05,		inf,		-inf,		0,		0,		0.4826,		5.715,		53052,		0,		0,		0,		11690,		0,		0,		0,		48,		0,		0,		0,		15227,		134,		6.5,		
25.005680,		1.000066,		0,		14,		0,		0.00,		0,		inf,		-inf,		0,		0,		31.08,		31.54,		31.28,		2.484e-05,		inf,		-inf,		0,		0,		0.5028,		5.942,		53052,		0,		0,		0,		11690,		0,		0,		0,		56,		0,		0,		0,		15892,		134,		6.25,		
26.005880,		1.000063,		0,		14,		0,		0.00,		0,		inf,		-inf,		0,		0,		31,		31.52,		31.2,		2.543e-05,		inf,		-inf,		0,		0,		0.5207,		6.187,		53052,		0,		0,		0,		11690,		0,		0,		0,		56,		0,		0,		0,		16493,		143,		6.5,		
27.006077,		1.000067,		0,		14,		0,		0.00,		0,		inf,		-inf,		0,		0,		31.06,		31.52,		31.2,		1.891e-05,		inf,		-inf,		0,		0,		0.5437,		6.439,		53052,		0,		0,		0,		11690,		0,		0,		0,		56,		0,		0,		0,		17067,		144,		6.75,		
28.006285,		1.000063,		0,		14,		0,		0.00,		0,		inf,		-inf,		0,		0,		31.05,		31.53,		31.23,		2.168e-05,		inf,		-inf,		0,		0,		0.5648,		6.687,		53052,		0,		0,		0,		11690,		0,		0,		0,		56,		0,		0,		0,		17661,		153,		6.75,		
29.006485,		1.000067,		0,		14,		0,		0.00,		0,		inf,		-inf,		0,		0,		30.99,		31.51,		31.29,		2.808e-05,		inf,		-inf,		0,		0,		0.5845,		6.925,		53052,		0,		0,		0,		11690,		0,		0,		0,		56,		0,		0,		0,		18265,		161,		6.5,		
30.006710,		1.000067,		0,		14,		0,		0.00,		0,		inf,		-inf,		0,		0,		31.04,		31.52,		31.29,		2.45e-05,		inf,		-inf,		0,		0,		0.6115,		7.163,		53052,		0,		0,		0,		11690,		0,		0,		0,		56,		0,		0,		0,		18865,		165,		6.75,		
31.006945,		1.000067,		0,		14,		0,		0.00,		0,		inf,		-inf,		0,		0,		30.99,		31.52,		31.24,		2.306e-05,		inf,		-inf,		0,		0,		0.6241,		7.404,		53052,		0,		0,		0,		11690,		0,		0,		0,		64,		0,		0,		0,		19478,		173,		6.25,		
32.007145,		1.000064,		0,		14,		0,		0.00,		0,		inf,		-inf,		0,		0,		31.01,		31.54,		31.31,		3.032e-05,		inf,		-inf,		0,		0,		0.6372,		7.639,		53052,		0,		0,		0,		11690,		0,		0,		0,		64,		0,		0,		0,		20105,		177,		6,		
33.007351,		1.000064,		0,		14,		0,		0.00,		0,		inf,		-inf,		0,		0,		31.03,		31.53,		31.28,		2.481e-05,		inf,		-inf,		0,		0,		0.6593,		7.876,		53052,		0,		0,		0,		11690,		0,		0,		0,		64,		0,		0,		0,		20723,		180,		6.5,		
34.007557,		1.000064,		0,		14,		0,		0.00,		0,		inf,		-inf,		0,		0,		31.02,		31.52,		31.28,		2.514e-05,		inf,		-inf,		0,		0,		0.6735,		8.119,		53052,		0,		0,		0,		11690,		0,		0,		0,		72,		0,		0,		0,		21327,		186,		6.5,		
35.007759,		1.000066,		0,		14,		0,		0.00,		0,		inf,		-inf,		0,		0,		31.09,		31.53,		31.31,		1.701e-05,		inf,		-inf,		0,		0,		0.69,		8.354,		53052,		0,		0,		0,		11690,		0,		0,		0,		72,		0,		0,		0,		21951,		189,		6.25,		
36.007965,		1.000066,		0,		14,		0,		0.00,		0,		inf,		-inf,		0,		0,		31.01,		31.48,		31.27,		2.314e-05,		inf,		-inf,		0,		0,		0.7053,		8.606,		53052,		0,		0,		0,		11690,		0,		0,		0,		72,		0,		0,		0,		22546,		193,		6.75,		
37.008183,		1.000071,		0,		14,		0,		0.00,		0,		inf,		-inf,		0,		0,		30.96,		31.52,		31.25,		2.987e-05,		inf,		-inf,		0,		0,		0.7184,		8.848,		53180,		0,		0,		0,		11691,		0,		0,		0,		80,		0,		0,		0,		23171,		202,		6.25,		
38.008408,		1.000065,		0,		14,		0,		0.00,		0,		inf,		-inf,		0,		0,		30.99,		31.51,		31.28,		2.68e-05,		inf,		-inf,		0,		0,		0.7415,		9.085,		53180,		0,		0,		0,		11691,		0,		0,		0,		80,		0,		0,		0,		23770,		207,		6.75,		
39.008595,		1.000051,		0,		14,		0,		0.00,		0,		inf,		-inf,		0,		0,		30.94,		31.52,		31.18,		2.062e-05,		inf,		-inf,		0,		0,		0.7604,		9.324,		53180,		0,		0,		0,		11691,		0,		0,		0,		80,		0,		0,		0,		24392,		213,		6.5,		
40.008797,		1.000065,		0,		14,		0,		0.00,		0,		inf,		-inf,		0,		0,		31.04,		31.48,		31.26,		2.755e-05,		inf,		-inf,		0,		0,		0.7696,		9.565,		53180,		0,		0,		0,		11691,		0,		0,		0,		80,		0,		0,		0,		25013,		219,		6,		
41.008991,		1.000064,		0,		14,		0,		0.00,		0,		inf,		-inf,		0,		0,		31.04,		31.57,		31.27,		2.657e-05,		inf,		-inf,		0,		0,		0.7926,		9.797,		53180,		0,		0,		0,		11691,		0,		0,		0,		80,		0,		0,		0,		25635,		225,		6.5,		
42.009193,		1.000066,		0,		14,		0,		0.00,		0,		inf,		-inf,		0,		0,		31.01,		31.53,		31.27,		2.191e-05,		inf,		-inf,		0,		0,		0.81,		10.03,		53180,		0,		0,		0,		11691,		0,		0,		0,		80,		0,		0,		0,		26265,		229,		6,		
43.009411,		1.000068,		0,		14,		0,		0.00,		0,		inf,		-inf,		0,		0,		31.01,		31.54,		31.2,		2.143e-05,		inf,		-inf,		0,		0,		0.8225,		10.26,		53180,		0,		0,		0,		11691,		0,		0,		0,		88,		0,		0,		0,		26904,		237,		6.5,		
44.009632,		1.000066,		0,		14,		0,		0.00,		0,		inf,		-inf,		0,		0,		31.01,		31.6,		31.21,		2.84e-05,		inf,		-inf,		0,		0,		0.8345,		10.51,		53180,		0,		0,		0,		11691,		0,		0,		0,		88,		0,		0,		0,		27517,		247,		6.25,		
45.009842,		1.000065,		0,		14,		0,		0.00,		0,		inf,		-inf,		0,		0,		31,		31.58,		31.25,		3.082e-05,		inf,		-inf,		0,		0,		0.8538,		10.74,		53180,		0,		0,		0,		11691,		0,		0,		0,		88,		0,		0,		0,		28148,		251,		6.25,		
46.010063,		1.000064,		0,		14,		0,		0.00,		0,		inf,		-inf,		0,		0,		30.99,		31.48,		31.22,		2.589e-05,		inf,		-inf,		0,		0,		0.8689,		10.98,		53180,		0,		0,		0,		11691,		0,		0,		0,		88,		0,		0,		0,		28762,		258,		6.25,		
47.010262,		1.000067,		0,		14,		0,		0.00,		0,		inf,		-inf,		0,		0,		31,		31.52,		31.24,		3.043e-05,		inf,		-inf,		0,		0,		0.8866,		11.21,		53180,		0,		0,		0,		11691,		0,		0,		0,		88,		0,		0,		0,		29386,		266,		6.5,		
48.010464,		1.000065,		0,		14,		0,		0.00,		0,		inf,		-inf,		0,		0,		30.86,		31.55,		31.26,		3.842e-05,		inf,		-inf,		0,		0,		0.9051,		11.46,		53180,		0,		0,		0,		11691,		0,		0,		0,		88,		0,		0,		0,		29993,		273,		6.5,		
49.010685,		1.000066,		0,		14,		0,		0.00,		0,		inf,		-inf,		0,		0,		31.06,		31.62,		31.32,		2.806e-05,		inf,		-inf,		0,		0,		0.9266,		11.69,		53180,		0,		0,		0,		11691,		0,		0,		0,		96,		0,		0,		0,		30606,		283,		6.5,		
50.010887,		1.000066,		0,		14,		0,		0.00,		0,		inf,		-inf,		0,		0,		31.01,		31.53,		31.29,		3.236e-05,		inf,		-inf,		0,		0,		0.9444,		11.93,		53180,		0,		0,		0,		11691,		0,		0,		0,		96,		0,		0,		0,		31224,		298,		6.5,		
51.011101,		1.000069,		0,		14,		0,		0.00,		0,		inf,		-inf,		0,		0,		31.01,		31.5,		31.26,		3.091e-05,		inf,		-inf,		0,		0,		0.9627,		12.17,		53180,		0,		0,		0,		11691,		0,		0,		0,		96,		0,		0,		0,		31838,		304,		6.25,		
52.011314,		1.000068,		0,		14,		0,		0.00,		0,		inf,		-inf,		0,		0,		31.09,		31.53,		31.28,		2.227e-05,		inf,		-inf,		0,		0,		0.977,		12.41,		53180,		0,		0,		0,		11691,		0,		0,		0,		96,		0,		0,		0,		32460,		313,		6.25,		
53.011539,		1.000068,		0,		14,		0,		0.00,		0,		inf,		-inf,		0,		0,		31.01,		31.57,		31.34,		3.113e-05,		inf,		-inf,		0,		0,		0.9968,		12.65,		53180,		0,		0,		0,		11692,		0,		0,		0,		104,		0,		0,		0,		33067,		316,		6.5,		
54.011749,		1.000064,		0,		14,		0,		0.00,		0,		inf,		-inf,		0,		0,		30.99,		31.52,		31.24,		1.984e-05,		inf,		-inf,		0,		0,		1.018,		12.88,		53180,		0,		0,		0,		11692,		0,		0,		0,		104,		0,		0,		0,		33676,		320,		6.5,		
55.011955,		1.000068,		0,		14,		0,		0.00,		0,		inf,		-inf,		0,		0,		31.01,		31.49,		31.24,		2.064e-05,		inf,		-inf,		0,		0,		1.031,		13.12,		53180,		0,		0,		0,		11692,		0,		0,		0,		112,		0,		0,		0,		34319,		323,		6.25,		
56.012173,		1.000066,		0,		14,		0,		0.00,		0,		inf,		-inf,		0,		0,		30.96,		31.52,		31.26,		3.821e-05,		inf,		-inf,		0,		0,		1.046,		13.36,		53180,		0,		0,		0,		11692,		0,		0,		0,		112,		0,		0,		0,		34929,		335,		6.5,		
57.012371,		1.000062,		0,		14,		0,		0.00,		0,		inf,		-inf,		0,		0,		30.99,		31.5,		31.28,		3.113e-05,		inf,		-inf,		0,		0,		1.063,		13.61,		53180,		0,		0,		0,		11692,		0,		0,		0,		112,		0,		0,		0,		35550,		338,		6.5,		
58.012573,		1.000071,		0,		14,		0,		0.00,		0,		inf,		-inf,		0,		0,		31.08,		31.55,		31.28,		2.581e-05,		inf,		-inf,		0,		0,		1.083,		13.84,		53180,		0,		0,		0,		11692,		0,		0,		0,		112,		0,		0,		0,		36160,		342,		6.5,		
59.012798,		1.000072,		0,		14,		0,		0.00,		0,		inf,		-inf,		0,		0,		31,		31.55,		31.33,		3.153e-05,		inf,		-inf,		0,		0,		1.102,		14.07,		53180,		0,		0,		0,		11692,		0,		0,		0,		112,		0,		0,		0,		36802,		345,		6.25,		
60.013046,		1.000086,		0,		14,		0,		0.00,		0,		inf,		-inf,		0,		0,		31.01,		31.46,		31.27,		2.048e-05,		inf,		-inf,		0,		0,		1.12,		14.31,		53180,		0,		0,		0,		11692,		0,		0,		0,		112,		0,		0,		0,		37429,		347,		6.25,		
Maximum runtime reached. Exiting.
