Experiment id: c7f3ed66-6881-494a-8d1f-ce85417bdd01
Performance Test Version: 5b1035d-dirty
Logfile name: 
Communication mean: ROS2
RMW Implementation: rmw_tickle
DDS domain id: 61
QOS: Reliability: RELIABLE Durability: VOLATILE History kind: KEEP_LAST History depth: 10 Sync. pub/sub: 0
Publishing rate: 1000
Topic name: Array4m
Maximum runtime (sec): 68
Number of publishers: 0
Number of subscribers: 1
Memory check enabled: 0
Use single participant: 0
With security: 0
Roundtrip Mode: NONE
Ignore seconds from beginning: 0

[2026-10-10 15:02:20] [WARNING] Well-known socket receive buffer is 425984 bytes (asked 4194304) - fewer than 16 datagrams of 65507 bytes; raise net.core.rmem_max to let it grow
[2026-10-10 15:02:20] [WARNING] Data socket receive buffer is 425984 bytes (asked 4194304) - fewer than 16 datagrams of 65507 bytes; raise net.core.rmem_max to let it grow
[2026-10-10 15:02:20] [INFO] Node open at 8343
---EXPERIMENT-START---
T_experiment,	T_loop,	received,	sent,	lost,	relative_loss,	data_received,	latency_min (ms),	latency_max (ms),	latency_mean (ms),	latency_variance (ms),	pub_loop_res_min (ms),	pub_loop_res_max (ms),	pub_loop_res_mean (ms),	pub_loop_res_variance (ms),	sub_loop_res_min (ms),	sub_loop_res_max (ms),	sub_loop_res_mean (ms),	sub_loop_res_variance (ms),	ru_utime,	ru_stime,	ru_maxrss,	ru_ixrss,	ru_idrss,	ru_isrss,	ru_minflt,	ru_majflt,	ru_nswap,	ru_inblock,	ru_oublock,	ru_msgsnd,	ru_msgrcv,	ru_nsignals,	ru_nvcsw,	ru_nivcsw,	cpu_usage (%),	
1.004870,		1.004869,		0,		0,		0,		nan,		0,		inf,		-inf,		0,		nan,		inf,		-inf,		0,		0,		0,		0,		0,		0,		0.01737,		0.02248,		20992,		0,		0,		0,		3543,		1,		0,		0,		16,		0,		0,		0,		87,		7,		0.495,		
2.005990,		1.000983,		0,		0,		0,		nan,		0,		inf,		-inf,		0,		nan,		inf,		-inf,		0,		0,		0,		0,		0,		0,		0.0186,		0.02274,		20992,		0,		0,		0,		3543,		1,		0,		0,		16,		0,		0,		0,		122,		7,		0,		
3.007154,		1.001048,		0,		0,		0,		nan,		0,		inf,		-inf,		0,		nan,		inf,		-inf,		0,		0,		0,		0,		0,		0,		0.01994,		0.02309,		20992,		0,		0,		0,		3543,		1,		0,		0,		16,		0,		0,		0,		157,		7,		0,		
4.008278,		1.001003,		0,		0,		0,		nan,		0,		inf,		-inf,		0,		nan,		inf,		-inf,		0,		0,		0,		0,		0,		0,		0.02121,		0.02333,		20992,		0,		0,		0,		3543,		1,		0,		0,		16,		0,		0,		0,		192,		7,		0.25,		
[2026-10-10 15:02:25] [INFO] Writer proxy created: node 3 entity 3977198048 for endpoint 1743618579
5.022922,		1.014534,		6,		0,		0,		nan,		29327315,		47.56,		90.53,		57.78,		0.2031,		inf,		-inf,		0,		0,		0,		0,		0,		0,		0.09386,		0.1017,		33684,		0,		0,		0,		7656,		1,		0,		0,		16,		0,		0,		0,		4193,		7,		3.676,		
6.089553,		1.066501,		15,		0,		0,		nan,		66139289,		47.52,		47.65,		47.59,		1.131e-06,		inf,		-inf,		0,		0,		0,		0,		0,		0,		0.28,		0.258,		33684,		0,		0,		0,		7656,		1,		0,		0,		16,		0,		0,		0,		13416,		14,		7.71,		
7.089760,		1.000084,		14,		0,		0,		nan,		58984551,		47.57,		47.87,		47.67,		9.348e-06,		inf,		-inf,		0,		0,		0,		0,		0,		0,		0.3951,		0.3994,		33684,		0,		0,		0,		7656,		1,		0,		0,		24,		0,		0,		0,		22065,		18,		6.5,		
8.156237,		1.066335,		15,		0,		0,		nan,		67094781,		47.53,		47.66,		47.59,		1.555e-06,		inf,		-inf,		0,		0,		0,		0,		0,		0,		0.596,		0.5423,		33684,		0,		0,		0,		7656,		1,		0,		0,		24,		0,		0,		0,		31278,		25,		8.255,		
9.222806,		1.066446,		15,		0,		0,		nan,		62927207,		47.44,		47.62,		47.54,		1.563e-06,		inf,		-inf,		0,		0,		0,		0,		0,		0,		0.7902,		0.6827,		33684,		0,		0,		0,		7656,		1,		0,		0,		24,		0,		0,		0,		40525,		32,		7.944,		
10.289474,		1.066551,		15,		0,		0,		nan,		62921047,		47.46,		47.59,		47.54,		9.785e-07,		inf,		-inf,		0,		0,		0,		0,		0,		0,		0.9816,		0.8265,		33684,		0,		0,		0,		7656,		1,		0,		0,		24,		0,		0,		0,		49778,		40,		7.71,		
11.356144,		1.066553,		14,		0,		0,		nan,		62914671,		47.45,		47.61,		47.52,		1.876e-06,		inf,		-inf,		0,		0,		0,		0,		0,		0,		1.17,		0.9757,		33684,		0,		0,		0,		7656,		1,		0,		0,		24,		0,		0,		0,		59005,		47,		8.019,		
12.422795,		1.066544,		15,		0,		0,		nan,		62915285,		47.44,		47.58,		47.49,		1.675e-06,		inf,		-inf,		0,		0,		0,		0,		0,		0,		1.346,		1.14,		33684,		0,		0,		0,		7656,		1,		0,		0,		24,		0,		0,		0,		68252,		57,		7.71,		
13.489438,		1.066499,		14,		0,		0,		nan,		62913601,		47.41,		47.57,		47.48,		1.656e-06,		inf,		-inf,		0,		0,		0,		0,		0,		0,		1.539,		1.286,		33684,		0,		0,		0,		7656,		1,		0,		0,		40,		0,		0,		0,		77508,		65,		7.944,		
14.556132,		1.066581,		15,		0,		0,		nan,		62917726,		47.44,		47.6,		47.48,		1.175e-06,		inf,		-inf,		0,		0,		0,		0,		0,		0,		1.716,		1.438,		33684,		0,		0,		0,		7656,		1,		0,		0,		40,		0,		0,		0,		86775,		73,		7.783,		
15.622728,		1.066478,		14,		0,		0,		nan,		62913014,		47.37,		47.55,		47.45,		1.489e-06,		inf,		-inf,		0,		0,		0,		0,		0,		0,		1.911,		1.581,		33684,		0,		0,		0,		7656,		1,		0,		0,		40,		0,		0,		0,		96016,		86,		7.944,		
16.689417,		1.066561,		15,		0,		0,		nan,		62918506,		47.39,		47.56,		47.44,		1.766e-06,		inf,		-inf,		0,		0,		0,		0,		0,		0,		2.112,		1.717,		33684,		0,		0,		0,		7656,		1,		0,		0,		40,		0,		0,		0,		105254,		96,		7.944,		
17.756031,		1.066503,		14,		0,		0,		nan,		62914483,		47.34,		47.47,		47.41,		1.256e-06,		inf,		-inf,		0,		0,		0,		0,		0,		0,		2.304,		1.862,		33684,		0,		0,		0,		7656,		1,		0,		0,		40,		0,		0,		0,		114494,		105,		8.019,		
18.822725,		1.066584,		15,		0,		0,		nan,		62917959,		47.33,		47.54,		47.39,		3.1e-06,		inf,		-inf,		0,		0,		0,		0,		0,		0,		2.492,		2.02,		33684,		0,		0,		0,		7656,		1,		0,		0,		48,		0,		0,		0,		123702,		116,		7.944,		
19.889345,		1.066507,		14,		0,		0,		nan,		62912840,		47.32,		47.48,		47.37,		1.788e-06,		inf,		-inf,		0,		0,		0,		0,		0,		0,		2.689,		2.165,		33684,		0,		0,		0,		7656,		1,		0,		0,		48,		0,		0,		0,		132927,		123,		7.944,		
20.955988,		1.066534,		15,		0,		0,		nan,		62918039,		47.3,		47.4,		47.35,		4.737e-07,		inf,		-inf,		0,		0,		0,		0,		0,		0,		2.885,		2.314,		33684,		0,		0,		0,		7656,		1,		0,		0,		48,		0,		0,		0,		142147,		133,		8.255,		
22.022627,		1.066535,		15,		0,		0,		nan,		62916298,		47.28,		47.41,		47.33,		8.908e-07,		inf,		-inf,		0,		0,		0,		0,		0,		0,		3.072,		2.469,		33684,		0,		0,		0,		7656,		1,		0,		0,		48,		0,		0,		0,		151383,		141,		7.944,		
23.089287,		1.066538,		15,		0,		0,		nan,		62915364,		47.26,		47.4,		47.32,		1.049e-06,		inf,		-inf,		0,		0,		0,		0,		0,		0,		3.264,		2.614,		33684,		0,		0,		0,		7656,		1,		0,		0,		48,		0,		0,		0,		160610,		150,		7.944,		
24.156000,		1.066597,		15,		0,		0,		nan,		62915391,		47.26,		47.37,		47.3,		7.246e-07,		inf,		-inf,		0,		0,		0,		0,		0,		0,		3.456,		2.76,		33684,		0,		0,		0,		7656,		1,		0,		0,		56,		0,		0,		0,		169837,		158,		8.019,		
25.222601,		1.066482,		14,		0,		0,		nan,		62911924,		47.22,		47.35,		47.28,		1.206e-06,		inf,		-inf,		0,		0,		0,		0,		0,		0,		3.644,		2.908,		33684,		0,		0,		0,		7656,		1,		0,		0,		56,		0,		0,		0,		179088,		168,		7.71,		
26.289234,		1.066524,		15,		0,		0,		nan,		62919504,		47.2,		47.29,		47.25,		5.829e-07,		inf,		-inf,		0,		0,		0,		0,		0,		0,		3.82,		3.068,		33684,		0,		0,		0,		7656,		1,		0,		0,		56,		0,		0,		0,		188338,		176,		7.71,		
27.355896,		1.066523,		14,		0,		0,		nan,		62914650,		47.18,		47.3,		47.24,		9.378e-07,		inf,		-inf,		0,		0,		0,		0,		0,		0,		4.017,		3.209,		33684,		0,		0,		0,		7656,		1,		0,		0,		56,		0,		0,		0,		197579,		189,		8.019,		
28.422539,		1.066510,		15,		0,		0,		nan,		62915472,		47.16,		47.28,		47.21,		6.937e-07,		inf,		-inf,		0,		0,		0,		0,		0,		0,		4.192,		3.366,		33684,		0,		0,		0,		7656,		1,		0,		0,		56,		0,		0,		0,		206834,		197,		7.944,		
29.489149,		1.066484,		15,		0,		0,		nan,		62916550,		47.13,		47.28,		47.19,		1.014e-06,		inf,		-inf,		0,		0,		0,		0,		0,		0,		4.375,		3.516,		33684,		0,		0,		0,		7656,		1,		0,		0,		56,		0,		0,		0,		216084,		205,		7.71,		
30.555855,		1.066577,		15,		0,		0,		nan,		62917613,		47.14,		47.26,		47.19,		8.928e-07,		inf,		-inf,		0,		0,		0,		0,		0,		0,		4.553,		3.677,		33684,		0,		0,		0,		7656,		1,		0,		0,		64,		0,		0,		0,		225319,		216,		8.019,		
31.622484,		1.066506,		14,		0,		0,		nan,		62913388,		47.12,		47.32,		47.2,		2.083e-06,		inf,		-inf,		0,		0,		0,		0,		0,		0,		4.739,		3.839,		33684,		0,		0,		0,		7656,		1,		0,		0,		64,		0,		0,		0,		234508,		228,		7.944,		
32.622787,		1.000167,		14,		0,		0,		nan,		58982417,		47.18,		47.8,		47.32,		2.098e-05,		inf,		-inf,		0,		0,		0,		0,		0,		0,		4.85,		3.986,		33684,		0,		0,		0,		7656,		1,		0,		0,		64,		0,		0,		0,		243175,		229,		6.5,		
33.689140,		1.066190,		15,		0,		0,		nan,		67088872,		47.11,		47.77,		47.34,		2.806e-05,		inf,		-inf,		0,		0,		0,		0,		0,		0,		5.026,		4.146,		33684,		0,		0,		0,		7656,		1,		0,		0,		72,		0,		0,		0,		252407,		238,		7.944,		
34.755825,		1.066555,		15,		0,		0,		nan,		62935354,		47.11,		47.26,		47.16,		1.233e-06,		inf,		-inf,		0,		0,		0,		0,		0,		0,		5.227,		4.291,		33684,		0,		0,		0,		7656,		1,		0,		0,		72,		0,		0,		0,		261603,		247,		8.255,		
35.822441,		1.066476,		14,		0,		0,		nan,		62912975,		47.08,		47.27,		47.16,		1.825e-06,		inf,		-inf,		0,		0,		0,		0,		0,		0,		5.42,		4.444,		33684,		0,		0,		0,		7656,		1,		0,		0,		80,		0,		0,		0,		270815,		263,		7.944,		
36.889107,		1.066549,		15,		0,		0,		nan,		62919207,		47.08,		47.19,		47.12,		1.219e-06,		inf,		-inf,		0,		0,		0,		0,		0,		0,		5.605,		4.597,		33684,		0,		0,		0,		7656,		1,		0,		0,		80,		0,		0,		0,		280039,		275,		7.944,		
37.955708,		1.066475,		14,		0,		0,		nan,		62914683,		47.02,		47.21,		47.09,		1.621e-06,		inf,		-inf,		0,		0,		0,		0,		0,		0,		5.786,		4.755,		33684,		0,		0,		0,		7656,		1,		0,		0,		80,		0,		0,		0,		289278,		282,		8.019,		
39.022369,		1.066528,		15,		0,		0,		nan,		62917562,		47.01,		47.16,		47.07,		1.102e-06,		inf,		-inf,		0,		0,		0,		0,		0,		0,		5.975,		4.893,		33684,		0,		0,		0,		7656,		1,		0,		0,		80,		0,		0,		0,		298543,		294,		7.71,		
40.089077,		1.066567,		15,		0,		0,		nan,		62915354,		47.05,		47.18,		47.08,		1.123e-06,		inf,		-inf,		0,		0,		0,		0,		0,		0,		6.147,		5.057,		33684,		0,		0,		0,		7656,		1,		0,		0,		80,		0,		0,		0,		307798,		308,		7.71,		
41.155777,		1.066579,		14,		0,		0,		nan,		62913077,		47.01,		47.1,		47.06,		6.429e-07,		inf,		-inf,		0,		0,		0,		0,		0,		0,		6.331,		5.216,		33684,		0,		0,		0,		7656,		1,		0,		0,		80,		0,		0,		0,		317027,		319,		8.255,		
42.222355,		1.066432,		14,		0,		0,		nan,		62911322,		46.98,		47.11,		47.03,		1.039e-06,		inf,		-inf,		0,		0,		0,		0,		0,		0,		6.511,		5.371,		33684,		0,		0,		0,		7656,		1,		0,		0,		88,		0,		0,		0,		326275,		331,		7.944,		
43.289005,		1.066521,		15,		0,		0,		nan,		62921106,		46.97,		47.09,		47.02,		1.132e-06,		inf,		-inf,		0,		0,		0,		0,		0,		0,		6.701,		5.519,		33684,		0,		0,		0,		7656,		1,		0,		0,		88,		0,		0,		0,		335518,		341,		7.71,		
44.355652,		1.066505,		15,		0,		0,		nan,		62915086,		46.95,		47.06,		46.99,		9.097e-07,		inf,		-inf,		0,		0,		0,		0,		0,		0,		6.885,		5.674,		33684,		0,		0,		0,		7656,		1,		0,		0,		88,		0,		0,		0,		344729,		353,		8.019,		
45.422333,		1.066545,		15,		0,		0,		nan,		62916405,		46.93,		47.06,		46.98,		1.126e-06,		inf,		-inf,		0,		0,		0,		0,		0,		0,		7.072,		5.827,		33684,		0,		0,		0,		7656,		1,		0,		0,		88,		0,		0,		0,		353959,		367,		7.944,		
46.488960,		1.066505,		14,		0,		0,		nan,		62914585,		46.92,		47,		46.96,		6.263e-07,		inf,		-inf,		0,		0,		0,		0,		0,		0,		7.259,		5.978,		33684,		0,		0,		0,		7656,		1,		0,		0,		88,		0,		0,		0,		363203,		377,		7.71,		
47.555649,		1.065771,		14,		0,		0,		nan,		62870122,		46.93,		47.01,		46.96,		4.229e-07,		inf,		-inf,		0,		0,		0,		0,		0,		0,		7.445,		6.138,		33684,		0,		0,		0,		7656,		1,		0,		0,		96,		0,		0,		0,		372420,		400,		8.255,		
48.622215,		1.066442,		15,		0,		0,		nan,		62960637,		46.85,		46.96,		46.93,		7.848e-07,		inf,		-inf,		0,		0,		0,		0,		0,		0,		7.627,		6.296,		33684,		0,		0,		0,		7656,		1,		0,		0,		96,		0,		0,		0,		381661,		409,		7.944,		
49.688873,		1.066538,		15,		0,		0,		nan,		62920802,		46.85,		47.01,		46.93,		1.757e-06,		inf,		-inf,		0,		0,		0,		0,		0,		0,		7.804,		6.461,		33684,		0,		0,		0,		7656,		1,		0,		0,		96,		0,		0,		0,		390885,		421,		8.178,		
50.755535,		1.066536,		15,		0,		0,		nan,		62915097,		46.83,		46.96,		46.9,		9.423e-07,		inf,		-inf,		0,		0,		0,		0,		0,		0,		7.979,		6.626,		33684,		0,		0,		0,		7656,		1,		0,		0,		96,		0,		0,		0,		400120,		429,		7.783,		
51.822166,		1.066509,		15,		0,		0,		nan,		62915102,		46.8,		46.91,		46.87,		9.157e-07,		inf,		-inf,		0,		0,		0,		0,		0,		0,		8.16,		6.777,		33684,		0,		0,		0,		7656,		1,		0,		0,		96,		0,		0,		0,		409383,		441,		7.71,		
52.888813,		1.066505,		15,		0,		0,		nan,		62915713,		46.78,		46.9,		46.85,		1.045e-06,		inf,		-inf,		0,		0,		0,		0,		0,		0,		8.328,		6.95,		33684,		0,		0,		0,		7656,		1,		0,		0,		104,		0,		0,		0,		418627,		451,		8.178,		
53.955505,		1.066554,		15,		0,		0,		nan,		62916336,		46.8,		46.88,		46.84,		3.667e-07,		inf,		-inf,		0,		0,		0,		0,		0,		0,		8.508,		7.1,		33684,		0,		0,		0,		7656,		1,		0,		0,		112,		0,		0,		0,		427883,		461,		7.547,		
55.022118,		1.066490,		14,		0,		0,		nan,		62914298,		46.75,		46.87,		46.82,		9.166e-07,		inf,		-inf,		0,		0,		0,		0,		0,		0,		8.673,		7.268,		33684,		0,		0,		0,		7656,		1,		0,		0,		112,		0,		0,		0,		437134,		471,		7.944,		
56.088825,		1.066573,		15,		0,		0,		nan,		62917126,		46.76,		46.88,		46.82,		1.002e-06,		inf,		-inf,		0,		0,		0,		0,		0,		0,		8.863,		7.423,		33684,		0,		0,		0,		7656,		1,		0,		0,		112,		0,		0,		0,		446348,		481,		8.178,		
57.155434,		1.066483,		14,		0,		0,		nan,		62913198,		46.73,		46.87,		46.77,		1.407e-06,		inf,		-inf,		0,		0,		0,		0,		0,		0,		9.044,		7.583,		33684,		0,		0,		0,		7656,		1,		0,		0,		112,		0,		0,		0,		455568,		487,		8.019,		
58.222183,		1.066609,		15,		0,		0,		nan,		62916884,		46.74,		46.89,		46.79,		1.482e-06,		inf,		-inf,		0,		0,		0,		0,		0,		0,		9.235,		7.737,		33684,		0,		0,		0,		7656,		1,		0,		0,		112,		0,		0,		0,		464791,		499,		7.944,		
59.288761,		1.066438,		14,		0,		0,		nan,		62910340,		46.73,		46.84,		46.76,		9.453e-07,		inf,		-inf,		0,		0,		0,		0,		0,		0,		9.407,		7.908,		33684,		0,		0,		0,		7656,		1,		0,		0,		120,		0,		0,		0,		474004,		515,		8.019,		
60.355400,		1.066515,		15,		0,		0,		nan,		62920840,		46.69,		46.83,		46.73,		9.014e-07,		inf,		-inf,		0,		0,		0,		0,		0,		0,		9.595,		8.064,		33684,		0,		0,		0,		7656,		1,		0,		0,		120,		0,		0,		0,		483216,		529,		8.178,		
61.422062,		1.066542,		15,		0,		0,		nan,		62916365,		46.67,		46.8,		46.73,		1.187e-06,		inf,		-inf,		0,		0,		0,		0,		0,		0,		9.769,		8.224,		33684,		0,		0,		0,		7656,		1,		0,		0,		120,		0,		0,		0,		492475,		543,		7.71,		
62.488667,		1.066477,		15,		0,		0,		nan,		62914803,		46.64,		46.83,		46.71,		1.86e-06,		inf,		-inf,		0,		0,		0,		0,		0,		0,		9.953,		8.381,		33684,		0,		0,		0,		7656,		1,		0,		0,		120,		0,		0,		0,		501686,		553,		8.255,		
63.555290,		1.066484,		15,		0,		0,		nan,		62918137,		46.6,		46.83,		46.69,		2.164e-06,		inf,		-inf,		0,		0,		0,		0,		0,		0,		10.14,		8.542,		33684,		0,		0,		0,		7656,		1,		0,		0,		120,		0,		0,		0,		510893,		563,		7.944,		
64.622002,		1.066551,		15,		0,		0,		nan,		62915938,		46.64,		46.76,		46.68,		1.188e-06,		inf,		-inf,		0,		0,		0,		0,		0,		0,		10.31,		8.704,		33684,		0,		0,		0,		7656,		1,		0,		0,		128,		0,		0,		0,		520138,		577,		7.944,		
65.689819,		1.067686,		0,		0,		0,		nan,		3932131,		46.66,		46.66,		46.66,		0,		inf,		-inf,		0,		0,		0,		0,		0,		0,		10.39,		8.711,		33684,		0,		0,		0,		7656,		1,		0,		0,		128,		0,		0,		0,		520761,		588,		2.103,		
66.691040,		1.001111,		0,		0,		0,		nan,		0,		inf,		-inf,		0,		nan,		inf,		-inf,		0,		0,		0,		0,		0,		0,		10.39,		8.711,		33684,		0,		0,		0,		7656,		1,		0,		0,		128,		0,		0,		0,		520796,		588,		0,		
67.692451,		1.001275,		0,		0,		0,		nan,		0,		inf,		-inf,		0,		nan,		inf,		-inf,		0,		0,		0,		0,		0,		0,		10.4,		8.711,		33684,		0,		0,		0,		7656,		1,		0,		0,		128,		0,		0,		0,		520831,		588,		0,		
[2026-10-10 15:03:28] [WARNING] Node 3 presumed dead (silent for 3500 ms, liveliness deferred 0 times so far)
68.693626,		1.001038,		0,		0,		0,		nan,		0,		inf,		-inf,		0,		nan,		inf,		-inf,		0,		0,		0,		0,		0,		0,		10.4,		8.711,		33684,		0,		0,		0,		7656,		1,		0,		0,		128,		0,		0,		0,		520867,		588,		0,		
Maximum runtime reached. Exiting.
[2026-10-10 15:03:29] [INFO] Subscriber 1743618579 delivery: delivered=902 out_of_order=0 timestamp_not_newer=0 writer_switches=0 via_socket_flips=1 out_of_order_discarded=0 rxo_drops=0 reorder_held_peak=0 reorder_delivered=0 reorder_overflow=0 reorder_abandoned=0 gap_abandoned=0 gap_evicted=0 superseded=0
[2026-10-10 15:03:29] [INFO] Subscriber 1943128324 delivery: delivered=0 out_of_order=0 timestamp_not_newer=0 writer_switches=0 via_socket_flips=0 out_of_order_discarded=0 rxo_drops=0 reorder_held_peak=0 reorder_delivered=0 reorder_overflow=0 reorder_abandoned=0 gap_abandoned=0 gap_evicted=0 superseded=0
rmw_tickle: executor_poll=1 executor_poll_waits=990 executor_handovers=1 park_wakes=1 discovery_dropped=0 nodes_kept_at_destroy=0 id_muted_drops=0 cache_depth_shortfalls=0 rx_malformed_drops=0 version_mismatch_drops=0
[2026-10-10 15:03:29] [INFO] Node 2 traffic: tx_datagrams=2794 rx_datagrams=2609194 rx_self_sent=71 rx_self_sent_data=0 rx_self_sent_data_unicast=0 rx_via_data=2606167 rx_via_well_known=3027 tx_dropped_oversize=0 tx_udp=2794 tx_shm=0 rx_udp=2609194 rx_shm=0 rx_shm_skipped_superseded=0 tx_udp_broadcast=73 tx_udp_oversize=0 tx_udp_unattached=2721 shm_full_dropped=0 shm_gave_up=0 shm_doorbells_sent=0 shm_bells_rung=0 shm_doorbells_received=0 shm_segments_created=0 shm_segments_released=0 shm_same_host_peers=0 shm_claim_waits=0 shm_claim_waits_published=0 shm_sleep_cost_ns=0 shm_watches=0 shm_watch_hits=0 shm_epochs_sleeping=0 shm_epochs_waiting=0 shm_cost_sleeping_ns=0 shm_cost_waiting_ns=0 shm_waiting_preferred=0 shm_encoded_in_slot=0 rx_drain_ring_turns=0 shm_sleep_generations=0 shm_generations_kept=0 shm_sleeps=521255 lending=1 lend_retains=0 lend_releases=0 lend_unlendable=0 lend_exhausted=0 lend_bad_releases=0 lend_held=0 shm_full_retained=0 shm_attach_orphaned=0
[2026-10-10 15:03:29] [INFO] Node 2 large: published=0 reassembled=902 abandoned=0 no_buffer=0 dropped=0 duplicate=469 tail_abandoned=0 window_too_small=0 send_waits=0
