Experiment id: edf63025-8c60-4a59-af0e-5b0f818e9fa1
Performance Test Version: 5b1035d-dirty
Logfile name: 
Communication mean: ROS2
RMW Implementation: rmw_tickle
DDS domain id: 61
QOS: Reliability: RELIABLE Durability: VOLATILE History kind: KEEP_LAST History depth: 10 Sync. pub/sub: 0
Publishing rate: 1000
Topic name: Array4m
Maximum runtime (sec): 68
Number of publishers: 0
Number of subscribers: 1
Memory check enabled: 0
Use single participant: 0
With security: 0
Roundtrip Mode: NONE
Ignore seconds from beginning: 0

[2026-10-10 14:53:09] [WARNING] Well-known socket receive buffer is 425984 bytes (asked 4194304) - fewer than 16 datagrams of 65507 bytes; raise net.core.rmem_max to let it grow
[2026-10-10 14:53:09] [WARNING] Data socket receive buffer is 425984 bytes (asked 4194304) - fewer than 16 datagrams of 65507 bytes; raise net.core.rmem_max to let it grow
[2026-10-10 14:53:09] [INFO] Node open at 8343
---EXPERIMENT-START---
T_experiment,	T_loop,	received,	sent,	lost,	relative_loss,	data_received,	latency_min (ms),	latency_max (ms),	latency_mean (ms),	latency_variance (ms),	pub_loop_res_min (ms),	pub_loop_res_max (ms),	pub_loop_res_mean (ms),	pub_loop_res_variance (ms),	sub_loop_res_min (ms),	sub_loop_res_max (ms),	sub_loop_res_mean (ms),	sub_loop_res_variance (ms),	ru_utime,	ru_stime,	ru_maxrss,	ru_ixrss,	ru_idrss,	ru_isrss,	ru_minflt,	ru_majflt,	ru_nswap,	ru_inblock,	ru_oublock,	ru_msgsnd,	ru_msgrcv,	ru_nsignals,	ru_nvcsw,	ru_nivcsw,	cpu_usage (%),	
1.005213,		1.005212,		0,		0,		0,		nan,		0,		inf,		-inf,		0,		nan,		inf,		-inf,		0,		0,		0,		0,		0,		0,		0.01219,		0.02846,		20992,		0,		0,		0,		3544,		1,		0,		0,		16,		0,		0,		0,		85,		11,		0.495,		
2.006341,		1.000985,		0,		0,		0,		nan,		0,		inf,		-inf,		0,		nan,		inf,		-inf,		0,		0,		0,		0,		0,		0,		0.01336,		0.02877,		20992,		0,		0,		0,		3544,		1,		0,		0,		16,		0,		0,		0,		119,		11,		0,		
[2026-10-10 14:53:12] [INFO] Writer proxy created: node 3 entity 750201790 for endpoint 1743618579
3.013019,		1.006590,		0,		0,		0,		nan,		4189822,		54.49,		54.49,		54.49,		0,		inf,		-inf,		0,		0,		0,		0,		0,		0,		0.03299,		0.04577,		33408,		0,		0,		0,		6633,		1,		0,		0,		16,		0,		0,		0,		676,		11,		0.9901,		
4.069651,		1.056466,		16,		0,		0,		nan,		70825236,		44.78,		88.31,		48.7,		0.1114,		inf,		-inf,		0,		0,		0,		0,		0,		0,		0.2337,		0.2068,		33452,		0,		0,		0,		7657,		1,		0,		0,		16,		0,		0,		0,		10429,		20,		8.491,		
5.136284,		1.066517,		15,		0,		0,		nan,		63515204,		44.75,		44.9,		44.82,		1.463e-06,		inf,		-inf,		0,		0,		0,		0,		0,		0,		0.4414,		0.3477,		33452,		0,		0,		0,		7657,		1,		0,		0,		16,		0,		0,		0,		19667,		30,		8.255,		
6.202962,		1.066557,		15,		0,		0,		nan,		62916508,		44.76,		45.19,		44.86,		9.635e-06,		inf,		-inf,		0,		0,		0,		0,		0,		0,		0.6339,		0.4946,		33452,		0,		0,		0,		7657,		1,		0,		0,		16,		0,		0,		0,		28914,		33,		7.944,		
7.269742,		1.066659,		14,		0,		0,		nan,		62913964,		44.83,		44.99,		44.89,		1.669e-06,		inf,		-inf,		0,		0,		0,		0,		0,		0,		0.8163,		0.6546,		33452,		0,		0,		0,		7657,		1,		0,		0,		24,		0,		0,		0,		38164,		46,		7.944,		
8.336460,		1.066599,		14,		0,		0,		nan,		62908458,		44.84,		44.97,		44.88,		1.202e-06,		inf,		-inf,		0,		0,		0,		0,		0,		0,		1.012,		0.7955,		33452,		0,		0,		0,		7657,		1,		0,		0,		24,		0,		0,		0,		47404,		53,		8.019,		
9.403058,		1.066487,		14,		0,		0,		nan,		62911293,		44.84,		45,		44.89,		1.547e-06,		inf,		-inf,		0,		0,		0,		0,		0,		0,		1.197,		0.9438,		33452,		0,		0,		0,		7657,		1,		0,		0,		24,		0,		0,		0,		56647,		64,		7.71,		
10.469754,		1.066584,		15,		0,		0,		nan,		62919669,		44.87,		45,		44.92,		1.23e-06,		inf,		-inf,		0,		0,		0,		0,		0,		0,		1.388,		1.09,		33452,		0,		0,		0,		7657,		1,		0,		0,		24,		0,		0,		0,		65901,		74,		7.71,		
11.536488,		1.066615,		14,		0,		0,		nan,		62912496,		44.87,		45.02,		44.95,		1.287e-06,		inf,		-inf,		0,		0,		0,		0,		0,		0,		1.59,		1.221,		33452,		0,		0,		0,		7657,		1,		0,		0,		24,		0,		0,		0,		75155,		84,		8.019,		
12.603163,		1.066550,		14,		0,		0,		nan,		62910416,		44.91,		45.04,		44.96,		1.204e-06,		inf,		-inf,		0,		0,		0,		0,		0,		0,		1.783,		1.365,		33452,		0,		0,		0,		7657,		1,		0,		0,		32,		0,		0,		0,		84407,		93,		7.944,		
13.669798,		1.066489,		14,		0,		0,		nan,		62913054,		44.92,		45.06,		44.98,		1.877e-06,		inf,		-inf,		0,		0,		0,		0,		0,		0,		1.956,		1.521,		33452,		0,		0,		0,		7657,		1,		0,		0,		40,		0,		0,		0,		93664,		101,		7.71,		
14.736518,		1.066601,		15,		0,		0,		nan,		62917936,		44.98,		45.11,		45.02,		1.479e-06,		inf,		-inf,		0,		0,		0,		0,		0,		0,		2.148,		1.67,		33452,		0,		0,		0,		7657,		1,		0,		0,		40,		0,		0,		0,		102901,		111,		7.783,		
15.803167,		1.066530,		14,		0,		0,		nan,		62911935,		44.97,		45.22,		45.03,		4.472e-06,		inf,		-inf,		0,		0,		0,		0,		0,		0,		2.337,		1.814,		33452,		0,		0,		0,		7657,		1,		0,		0,		40,		0,		0,		0,		112143,		119,		7.944,		
16.869822,		1.066544,		15,		0,		0,		nan,		62916381,		44.94,		45.03,		45,		5.427e-07,		inf,		-inf,		0,		0,		0,		0,		0,		0,		2.529,		1.96,		33452,		0,		0,		0,		7657,		1,		0,		0,		40,		0,		0,		0,		121360,		130,		7.944,		
17.936594,		1.066663,		15,		0,		0,		nan,		62915574,		44.98,		45.1,		45.02,		8.646e-07,		inf,		-inf,		0,		0,		0,		0,		0,		0,		2.719,		2.113,		33452,		0,		0,		0,		7657,		1,		0,		0,		40,		0,		0,		0,		130576,		138,		8.019,		
19.003223,		1.066522,		14,		0,		0,		nan,		62908595,		45.02,		45.16,		45.08,		1.811e-06,		inf,		-inf,		0,		0,		0,		0,		0,		0,		2.911,		2.261,		33452,		0,		0,		0,		7657,		1,		0,		0,		48,		0,		0,		0,		139808,		149,		8.178,		
20.069948,		1.066619,		15,		0,		0,		nan,		62917092,		45.05,		45.25,		45.14,		3.464e-06,		inf,		-inf,		0,		0,		0,		0,		0,		0,		3.096,		2.417,		33452,		0,		0,		0,		7657,		1,		0,		0,		48,		0,		0,		0,		149035,		156,		7.71,		
21.136688,		1.066615,		14,		0,		0,		nan,		62910000,		45.07,		45.22,		45.14,		1.692e-06,		inf,		-inf,		0,		0,		0,		0,		0,		0,		3.302,		2.54,		33452,		0,		0,		0,		7657,		1,		0,		0,		48,		0,		0,		0,		158307,		165,		7.783,		
22.203371,		1.066562,		14,		0,		0,		nan,		62911002,		45.08,		45.21,		45.15,		1.364e-06,		inf,		-inf,		0,		0,		0,		0,		0,		0,		3.489,		2.682,		33452,		0,		0,		0,		7657,		1,		0,		0,		48,		0,		0,		0,		167570,		173,		7.71,		
23.270021,		1.066524,		14,		0,		0,		nan,		62913745,		45.09,		45.28,		45.17,		1.977e-06,		inf,		-inf,		0,		0,		0,		0,		0,		0,		3.668,		2.831,		33452,		0,		0,		0,		7657,		1,		0,		0,		48,		0,		0,		0,		176840,		181,		7.71,		
24.336639,		1.066500,		15,		0,		0,		nan,		62916224,		45.1,		45.2,		45.16,		6.695e-07,		inf,		-inf,		0,		0,		0,		0,		0,		0,		3.856,		2.971,		33452,		0,		0,		0,		7657,		1,		0,		0,		56,		0,		0,		0,		186108,		190,		7.783,		
25.403387,		1.066635,		15,		0,		0,		nan,		62918067,		45.12,		45.32,		45.21,		2.252e-06,		inf,		-inf,		0,		0,		0,		0,		0,		0,		4.034,		3.119,		33452,		0,		0,		0,		7657,		1,		0,		0,		56,		0,		0,		0,		195380,		199,		7.477,		
26.469997,		1.066490,		14,		0,		0,		nan,		62909715,		45.13,		45.3,		45.2,		2.278e-06,		inf,		-inf,		0,		0,		0,		0,		0,		0,		4.234,		3.247,		33452,		0,		0,		0,		7657,		1,		0,		0,		56,		0,		0,		0,		204642,		207,		7.71,		
27.536774,		1.066666,		15,		0,		0,		nan,		62918568,		45.18,		45.27,		45.21,		4.389e-07,		inf,		-inf,		0,		0,		0,		0,		0,		0,		4.445,		3.382,		33452,		0,		0,		0,		7657,		1,		0,		0,		56,		0,		0,		0,		213880,		213,		8.255,		
28.603455,		1.066561,		14,		0,		0,		nan,		62907654,		45.19,		45.39,		45.25,		2.277e-06,		inf,		-inf,		0,		0,		0,		0,		0,		0,		4.64,		3.532,		33452,		0,		0,		0,		7657,		1,		0,		0,		56,		0,		0,		0,		223127,		222,		7.944,		
29.670204,		1.066624,		15,		0,		0,		nan,		62916406,		45.18,		45.34,		45.27,		2.193e-06,		inf,		-inf,		0,		0,		0,		0,		0,		0,		4.831,		3.688,		33452,		0,		0,		0,		7657,		1,		0,		0,		64,		0,		0,		0,		232370,		234,		8.178,		
30.736820,		1.066496,		14,		0,		0,		nan,		62907575,		45.23,		45.35,		45.27,		7.909e-07,		inf,		-inf,		0,		0,		0,		0,		0,		0,		5.019,		3.838,		33452,		0,		0,		0,		7657,		1,		0,		0,		64,		0,		0,		0,		241614,		247,		7.783,		
31.803513,		1.066575,		15,		0,		0,		nan,		62918019,		45.24,		45.4,		45.29,		1.524e-06,		inf,		-inf,		0,		0,		0,		0,		0,		0,		5.209,		3.988,		33452,		0,		0,		0,		7657,		1,		0,		0,		64,		0,		0,		0,		250846,		258,		7.944,		
32.870209,		1.066570,		14,		0,		0,		nan,		62912833,		45.26,		45.37,		45.3,		7.841e-07,		inf,		-inf,		0,		0,		0,		0,		0,		0,		5.399,		4.134,		33452,		0,		0,		0,		7657,		1,		0,		0,		64,		0,		0,		0,		260106,		267,		7.944,		
33.936989,		1.066636,		14,		0,		0,		nan,		62911828,		45.28,		45.45,		45.34,		2.437e-06,		inf,		-inf,		0,		0,		0,		0,		0,		0,		5.591,		4.286,		33452,		0,		0,		0,		7657,		1,		0,		0,		72,		0,		0,		0,		269328,		279,		8.255,		
35.003540,		1.064417,		14,		0,		0,		nan,		62791109,		45.29,		45.46,		45.35,		1.635e-06,		inf,		-inf,		0,		0,		0,		0,		0,		0,		5.776,		4.443,		33452,		0,		0,		0,		7657,		1,		0,		0,		80,		0,		0,		0,		278561,		291,		7.944,		
36.070259,		1.066600,		15,		0,		0,		nan,		63040503,		45.33,		45.46,		45.38,		1.47e-06,		inf,		-inf,		0,		0,		0,		0,		0,		0,		5.965,		4.593,		33452,		0,		0,		0,		7657,		1,		0,		0,		80,		0,		0,		0,		287799,		302,		7.944,		
37.136917,		1.066538,		14,		0,		0,		nan,		62911750,		45.32,		45.48,		45.39,		1.903e-06,		inf,		-inf,		0,		0,		0,		0,		0,		0,		6.159,		4.737,		33452,		0,		0,		0,		7657,		1,		0,		0,		80,		0,		0,		0,		297040,		314,		7.783,		
38.203602,		1.066558,		14,		0,		0,		nan,		62914596,		45.33,		45.46,		45.38,		1.247e-06,		inf,		-inf,		0,		0,		0,		0,		0,		0,		6.341,		4.882,		33452,		0,		0,		0,		7657,		1,		0,		0,		80,		0,		0,		0,		306308,		320,		7.944,		
39.270340,		1.066627,		15,		0,		0,		nan,		62914843,		45.37,		45.52,		45.43,		1.429e-06,		inf,		-inf,		0,		0,		0,		0,		0,		0,		6.531,		5.029,		33452,		0,		0,		0,		7657,		1,		0,		0,		80,		0,		0,		0,		315566,		330,		7.71,		
40.336945,		1.066480,		14,		0,		0,		nan,		62909712,		45.37,		45.52,		45.44,		1.706e-06,		inf,		-inf,		0,		0,		0,		0,		0,		0,		6.729,		5.164,		33452,		0,		0,		0,		7657,		1,		0,		0,		88,		0,		0,		0,		324831,		339,		7.783,		
41.403603,		1.066547,		15,		0,		0,		nan,		62919410,		45.39,		45.53,		45.46,		1.222e-06,		inf,		-inf,		0,		0,		0,		0,		0,		0,		6.923,		5.309,		33452,		0,		0,		0,		7657,		1,		0,		0,		88,		0,		0,		0,		334064,		347,		7.944,		
42.470276,		1.066558,		15,		0,		0,		nan,		62914988,		45.41,		45.56,		45.49,		1.298e-06,		inf,		-inf,		0,		0,		0,		0,		0,		0,		7.107,		5.465,		33452,		0,		0,		0,		7657,		1,		0,		0,		88,		0,		0,		0,		343292,		355,		7.944,		
43.536987,		1.066591,		14,		0,		0,		nan,		62914236,		45.44,		45.58,		45.5,		2.246e-06,		inf,		-inf,		0,		0,		0,		0,		0,		0,		7.301,		5.612,		33452,		0,		0,		0,		7657,		1,		0,		0,		88,		0,		0,		0,		352532,		359,		8.255,		
44.603622,		1.066517,		14,		0,		0,		nan,		62911975,		45.43,		45.56,		45.48,		1.203e-06,		inf,		-inf,		0,		0,		0,		0,		0,		0,		7.503,		5.742,		33452,		0,		0,		0,		7657,		1,		0,		0,		88,		0,		0,		0,		361770,		368,		7.71,		
45.670307,		1.066561,		15,		0,		0,		nan,		62916689,		45.44,		45.79,		45.51,		5.937e-06,		inf,		-inf,		0,		0,		0,		0,		0,		0,		7.691,		5.894,		33452,		0,		0,		0,		7657,		1,		0,		0,		88,		0,		0,		0,		371008,		379,		7.944,		
46.737015,		1.066597,		14,		0,		0,		nan,		62914364,		45.48,		45.58,		45.52,		8.502e-07,		inf,		-inf,		0,		0,		0,		0,		0,		0,		7.885,		6.041,		33452,		0,		0,		0,		7657,		1,		0,		0,		96,		0,		0,		0,		380242,		388,		8.019,		
47.803703,		1.066581,		14,		0,		0,		nan,		62912477,		45.5,		45.62,		45.55,		1.387e-06,		inf,		-inf,		0,		0,		0,		0,		0,		0,		8.086,		6.183,		33452,		0,		0,		0,		7657,		1,		0,		0,		96,		0,		0,		0,		389451,		398,		7.944,		
48.870399,		1.066584,		14,		0,		0,		nan,		62913362,		45.52,		45.64,		45.57,		8.664e-07,		inf,		-inf,		0,		0,		0,		0,		0,		0,		8.276,		6.327,		33452,		0,		0,		0,		7657,		1,		0,		0,		96,		0,		0,		0,		398677,		408,		7.71,		
49.937073,		1.066566,		14,		0,		0,		nan,		62913416,		45.54,		45.62,		45.58,		6.676e-07,		inf,		-inf,		0,		0,		0,		0,		0,		0,		8.466,		6.473,		33452,		0,		0,		0,		7657,		1,		0,		0,		96,		0,		0,		0,		407919,		415,		8.019,		
51.003754,		1.066572,		14,		0,		0,		nan,		62914372,		45.55,		45.69,		45.6,		1.242e-06,		inf,		-inf,		0,		0,		0,		0,		0,		0,		8.666,		6.611,		33452,		0,		0,		0,		7657,		1,		0,		0,		96,		0,		0,		0,		417164,		425,		7.944,		
52.070538,		1.065487,		14,		0,		0,		nan,		62843486,		45.59,		45.73,		45.66,		1.554e-06,		inf,		-inf,		0,		0,		0,		0,		0,		0,		8.85,		6.761,		33452,		0,		0,		0,		7657,		1,		0,		0,		104,		0,		0,		0,		426420,		436,		7.71,		
53.137142,		1.066460,		15,		0,		0,		nan,		62976234,		45.58,		45.69,		45.63,		9.374e-07,		inf,		-inf,		0,		0,		0,		0,		0,		0,		9.041,		6.902,		33452,		0,		0,		0,		7657,		1,		0,		0,		112,		0,		0,		0,		435671,		444,		8.019,		
54.203796,		1.066550,		15,		0,		0,		nan,		62920550,		45.6,		45.68,		45.65,		4.298e-07,		inf,		-inf,		0,		0,		0,		0,		0,		0,		9.22,		7.051,		33452,		0,		0,		0,		7657,		1,		0,		0,		112,		0,		0,		0,		444928,		450,		7.71,		
55.270500,		1.066586,		15,		0,		0,		nan,		62914836,		45.62,		45.79,		45.68,		1.685e-06,		inf,		-inf,		0,		0,		0,		0,		0,		0,		9.423,		7.182,		33452,		0,		0,		0,		7657,		1,		0,		0,		112,		0,		0,		0,		454183,		459,		7.71,		
56.337189,		1.066568,		14,		0,		0,		nan,		62912509,		45.65,		45.8,		45.69,		1.348e-06,		inf,		-inf,		0,		0,		0,		0,		0,		0,		9.621,		7.32,		33452,		0,		0,		0,		7657,		1,		0,		0,		112,		0,		0,		0,		463413,		467,		7.783,		
57.403866,		1.066564,		14,		0,		0,		nan,		62913994,		45.67,		45.82,		45.72,		1.178e-06,		inf,		-inf,		0,		0,		0,		0,		0,		0,		9.815,		7.458,		33452,		0,		0,		0,		7657,		1,		0,		0,		112,		0,		0,		0,		472649,		473,		7.71,		
58.470661,		1.066684,		14,		0,		0,		nan,		62914323,		45.71,		45.8,		45.76,		8.353e-07,		inf,		-inf,		0,		0,		0,		0,		0,		0,		10,		7.604,		33452,		0,		0,		0,		7657,		1,		0,		0,		120,		0,		0,		0,		481895,		482,		7.944,		
59.537266,		1.066484,		14,		0,		0,		nan,		62906744,		45.71,		45.82,		45.75,		1.032e-06,		inf,		-inf,		0,		0,		0,		0,		0,		0,		10.19,		7.751,		33452,		0,		0,		0,		7657,		1,		0,		0,		120,		0,		0,		0,		491123,		490,		8.019,		
60.603928,		1.066547,		15,		0,		0,		nan,		62918435,		45.7,		45.84,		45.77,		1.701e-06,		inf,		-inf,		0,		0,		0,		0,		0,		0,		10.38,		7.896,		33452,		0,		0,		0,		7657,		1,		0,		0,		120,		0,		0,		0,		500364,		497,		7.477,		
61.670723,		1.066677,		15,		0,		0,		nan,		62914837,		45.72,		45.94,		45.78,		2.543e-06,		inf,		-inf,		0,		0,		0,		0,		0,		0,		10.57,		8.045,		33452,		0,		0,		0,		7657,		1,		0,		0,		120,		0,		0,		0,		509602,		507,		7.944,		
62.737461,		1.066624,		14,		0,		0,		nan,		62907795,		45.75,		45.94,		45.81,		3.528e-06,		inf,		-inf,		0,		0,		0,		0,		0,		0,		10.76,		8.182,		33452,		0,		0,		0,		7657,		1,		0,		0,		120,		0,		0,		0,		518840,		516,		8.019,		
63.804932,		1.067354,		3,		0,		0,		nan,		15728298,		45.8,		45.82,		45.81,		5.948e-08,		inf,		-inf,		0,		0,		0,		0,		0,		0,		10.86,		8.22,		33452,		0,		0,		0,		7657,		1,		0,		0,		128,		0,		0,		0,		521184,		525,		3.037,		
64.806244,		1.001200,		0,		0,		0,		nan,		0,		inf,		-inf,		0,		nan,		inf,		-inf,		0,		0,		0,		0,		0,		0,		10.86,		8.22,		33452,		0,		0,		0,		7657,		1,		0,		0,		128,		0,		0,		0,		521218,		525,		0.25,		
65.807373,		1.000987,		0,		0,		0,		nan,		0,		inf,		-inf,		0,		nan,		inf,		-inf,		0,		0,		0,		0,		0,		0,		10.86,		8.221,		33452,		0,		0,		0,		7657,		1,		0,		0,		128,		0,		0,		0,		521253,		525,		0,		
[2026-10-10 14:54:15] [WARNING] Node 3 presumed dead (silent for 3500 ms, liveliness deferred 0 times so far)
66.808487,		1.000994,		0,		0,		0,		nan,		0,		inf,		-inf,		0,		nan,		inf,		-inf,		0,		0,		0,		0,		0,		0,		10.86,		8.221,		33452,		0,		0,		0,		7657,		1,		0,		0,		128,		0,		0,		0,		521288,		525,		0,		
67.909706,		1.101107,		0,		0,		0,		nan,		0,		inf,		-inf,		0,		nan,		inf,		-inf,		0,		0,		0,		0,		0,		0,		10.97,		8.221,		33452,		0,		0,		0,		7657,		1,		0,		0,		128,		0,		0,		0,		521326,		536,		2.273,		
68.910812,		1.001010,		0,		0,		0,		nan,		0,		inf,		-inf,		0,		nan,		inf,		-inf,		0,		0,		0,		0,		0,		0,		10.97,		8.221,		33452,		0,		0,		0,		7657,		1,		0,		0,		128,		0,		0,		0,		521361,		536,		0,		
Maximum runtime reached. Exiting.
[2026-10-10 14:54:18] [INFO] Subscriber 1743618579 delivery: delivered=902 out_of_order=0 timestamp_not_newer=0 writer_switches=0 via_socket_flips=1 out_of_order_discarded=0 rxo_drops=0 reorder_held_peak=0 reorder_delivered=0 reorder_overflow=0 reorder_abandoned=0 gap_abandoned=0 gap_evicted=0 superseded=0
[2026-10-10 14:54:18] [INFO] Subscriber 1943128324 delivery: delivered=0 out_of_order=0 timestamp_not_newer=0 writer_switches=0 via_socket_flips=0 out_of_order_discarded=0 rxo_drops=0 reorder_held_peak=0 reorder_delivered=0 reorder_overflow=0 reorder_abandoned=0 gap_abandoned=0 gap_evicted=0 superseded=0
rmw_tickle: executor_poll=1 executor_poll_waits=992 executor_handovers=1 park_wakes=1 discovery_dropped=0 nodes_kept_at_destroy=0 id_muted_drops=0 cache_depth_shortfalls=0 rx_malformed_drops=0 version_mismatch_drops=0
[2026-10-10 14:54:18] [INFO] Node 2 traffic: tx_datagrams=2792 rx_datagrams=2609211 rx_self_sent=72 rx_self_sent_data=0 rx_self_sent_data_unicast=0 rx_via_data=2606183 rx_via_well_known=3028 tx_dropped_oversize=0 tx_udp=2792 tx_shm=0 rx_udp=2609211 rx_shm=0 rx_shm_skipped_superseded=0 tx_udp_broadcast=74 tx_udp_oversize=0 tx_udp_unattached=2718 shm_full_dropped=0 shm_gave_up=0 shm_doorbells_sent=0 shm_bells_rung=0 shm_doorbells_received=0 shm_segments_created=0 shm_segments_released=0 shm_same_host_peers=0 shm_claim_waits=0 shm_claim_waits_published=0 shm_sleep_cost_ns=0 shm_watches=0 shm_watch_hits=0 shm_epochs_sleeping=0 shm_epochs_waiting=0 shm_cost_sleeping_ns=0 shm_cost_waiting_ns=0 shm_waiting_preferred=0 shm_encoded_in_slot=0 rx_drain_ring_turns=0 shm_sleep_generations=0 shm_generations_kept=0 shm_sleeps=521860 lending=1 lend_retains=0 lend_releases=0 lend_unlendable=0 lend_exhausted=0 lend_bad_releases=0 lend_held=0 shm_full_retained=0 shm_attach_orphaned=0
[2026-10-10 14:54:18] [INFO] Node 2 large: published=0 reassembled=902 abandoned=0 no_buffer=0 dropped=0 duplicate=486 tail_abandoned=0 window_too_small=0 send_waits=0
