Experiment id: fa2294bc-1d63-473e-a2f0-2d4a87667bfa
Performance Test Version: 5b1035d-dirty
Logfile name: 
Communication mean: ROS2
RMW Implementation: rmw_tickle
DDS domain id: 61
QOS: Reliability: RELIABLE Durability: VOLATILE History kind: KEEP_LAST History depth: 10 Sync. pub/sub: 0
Publishing rate: 15
Topic name: Array4m
Maximum runtime (sec): 60
Number of publishers: 1
Number of subscribers: 0
Memory check enabled: 0
Use single participant: 0
With security: 0
Roundtrip Mode: NONE
Ignore seconds from beginning: 0

[2026-10-10 14:53:12] [WARNING] Well-known socket receive buffer is 425984 bytes (asked 4194304) - fewer than 16 datagrams of 65507 bytes; raise net.core.rmem_max to let it grow
[2026-10-10 14:53:12] [WARNING] Data socket receive buffer is 425984 bytes (asked 4194304) - fewer than 16 datagrams of 65507 bytes; raise net.core.rmem_max to let it grow
[2026-10-10 14:53:12] [INFO] Node open at 8343
---EXPERIMENT-START---
T_experiment,	T_loop,	received,	sent,	lost,	relative_loss,	data_received,	latency_min (ms),	latency_max (ms),	latency_mean (ms),	latency_variance (ms),	pub_loop_res_min (ms),	pub_loop_res_max (ms),	pub_loop_res_mean (ms),	pub_loop_res_variance (ms),	sub_loop_res_min (ms),	sub_loop_res_max (ms),	sub_loop_res_mean (ms),	sub_loop_res_variance (ms),	ru_utime,	ru_stime,	ru_maxrss,	ru_ixrss,	ru_idrss,	ru_isrss,	ru_minflt,	ru_majflt,	ru_nswap,	ru_inblock,	ru_oublock,	ru_msgsnd,	ru_msgrcv,	ru_nsignals,	ru_nvcsw,	ru_nivcsw,	cpu_usage (%),	
[INFO] [1791611592.144289971] [rmw_tickle]: heartbeat piggyback armed: every 64 samples
[2026-10-10 14:53:12] [INFO] Whole-record send refused: no known unicast peer, so this publish broadcasts
[2026-10-10 14:53:12] [INFO] Publisher peer claimed from its ACKNACK: node 2 entity 7c89d6b0 for endpoint 1743618579 (its announce has not arrived)
[2026-10-10 14:53:12] [WARNING] Subscriber 7c89d6b0 on node 2 tracks 8192 samples, deeper than this Publisher retains (460) - the excess can only ever be skipped, not recovered
[2026-10-10 14:53:12] [INFO] Publisher peer registered: node 2 at 192.168.10.2:38030 for endpoint 1743618579
1.000066,		1.000064,		0,		15,		0,		0.00,		0,		inf,		-inf,		0,		0,		-3.08,		65.63,		59.02,		0.2607,		inf,		-inf,		0,		0,		0.04254,		0.3116,		29184,		0,		0,		0,		5611,		0,		0,		0,		16,		0,		0,		0,		2639,		13,		8.168,		
2.000319,		1.000063,		0,		14,		0,		0.00,		0,		inf,		-inf,		0,		0,		63.57,		64.19,		63.94,		4.052e-05,		inf,		-inf,		0,		0,		0.06866,		0.5718,		29184,		0,		0,		0,		5611,		0,		0,		0,		16,		0,		0,		0,		5097,		16,		7,		
3.000506,		1.000064,		0,		14,		0,		0.00,		0,		inf,		-inf,		0,		0,		63.63,		64.17,		63.97,		2.976e-05,		inf,		-inf,		0,		0,		0.09373,		0.8209,		29184,		0,		0,		0,		5611,		0,		0,		0,		16,		0,		0,		0,		7677,		19,		7,		
4.000712,		1.000062,		0,		14,		0,		0.00,		0,		inf,		-inf,		0,		0,		63.59,		64.14,		63.85,		3.515e-05,		inf,		-inf,		0,		0,		0.1219,		1.068,		29184,		0,		0,		0,		5611,		0,		0,		0,		16,		0,		0,		0,		10258,		21,		6.75,		
5.000904,		1.000064,		0,		14,		0,		0.00,		0,		inf,		-inf,		0,		0,		63.57,		64.19,		63.87,		3.096e-05,		inf,		-inf,		0,		0,		0.1487,		1.316,		29184,		0,		0,		0,		5611,		0,		0,		0,		24,		0,		0,		0,		12837,		24,		6.75,		
6.001106,		1.000062,		0,		14,		0,		0.00,		0,		inf,		-inf,		0,		0,		63.59,		64.17,		63.84,		2.444e-05,		inf,		-inf,		0,		0,		0.1742,		1.572,		29184,		0,		0,		0,		5611,		0,		0,		0,		24,		0,		0,		0,		15353,		27,		7.25,		
7.001296,		1.000064,		0,		14,		0,		0.00,		0,		inf,		-inf,		0,		0,		63.6,		64.18,		63.89,		2.665e-05,		inf,		-inf,		0,		0,		0.2013,		1.82,		29184,		0,		0,		0,		5611,		0,		0,		0,		32,		0,		0,		0,		17921,		33,		7,		
8.001500,		1.000065,		0,		14,		0,		0.00,		0,		inf,		-inf,		0,		0,		63.58,		64.15,		63.74,		2.444e-05,		inf,		-inf,		0,		0,		0.2286,		2.068,		29184,		0,		0,		0,		5611,		0,		0,		0,		32,		0,		0,		0,		20498,		35,		6.5,		
9.001688,		1.000066,		0,		14,		0,		0.00,		0,		inf,		-inf,		0,		0,		63.6,		64.11,		63.83,		2.777e-05,		inf,		-inf,		0,		0,		0.2524,		2.319,		29184,		0,		0,		0,		5611,		0,		0,		0,		32,		0,		0,		0,		23078,		40,		7,		
10.001907,		1.000065,		0,		14,		0,		0.00,		0,		inf,		-inf,		0,		0,		63.62,		64.09,		63.85,		2.616e-05,		inf,		-inf,		0,		0,		0.2813,		2.564,		29184,		0,		0,		0,		5611,		0,		0,		0,		32,		0,		0,		0,		25667,		44,		7,		
11.002148,		1.000063,		0,		14,		0,		0.00,		0,		inf,		-inf,		0,		0,		63.59,		64.18,		63.83,		4.213e-05,		inf,		-inf,		0,		0,		0.305,		2.814,		29184,		0,		0,		0,		5611,		0,		0,		0,		40,		0,		0,		0,		28256,		48,		6.75,		
12.002343,		1.000064,		0,		14,		0,		0.00,		0,		inf,		-inf,		0,		0,		63.61,		64.15,		63.91,		3.431e-05,		inf,		-inf,		0,		0,		0.3358,		3.056,		29184,		0,		0,		0,		5611,		0,		0,		0,		40,		0,		0,		0,		30859,		52,		6.75,		
13.002548,		1.000064,		0,		14,		0,		0.00,		0,		inf,		-inf,		0,		0,		63.57,		64.16,		63.88,		4.68e-05,		inf,		-inf,		0,		0,		0.3574,		3.307,		29184,		0,		0,		0,		5611,		0,		0,		0,		48,		0,		0,		0,		33460,		52,		6.75,		
14.002722,		1.000025,		0,		15,		0,		0.00,		0,		inf,		-inf,		0,		0,		63.6,		64.43,		63.95,		6.235e-05,		inf,		-inf,		0,		0,		0.3818,		3.562,		29184,		0,		0,		0,		5611,		0,		0,		0,		48,		0,		0,		0,		35992,		53,		7.25,		
15.003126,		1.000092,		0,		14,		0,		0.00,		0,		inf,		-inf,		0,		0,		63.61,		64.2,		63.98,		2.665e-05,		inf,		-inf,		0,		0,		0.4129,		3.819,		29184,		0,		0,		0,		5611,		0,		0,		0,		48,		0,		0,		0,		38448,		54,		7,		
16.003538,		1.000083,		0,		14,		0,		0.00,		0,		inf,		-inf,		0,		0,		63.12,		64.16,		63.87,		6.775e-05,		inf,		-inf,		0,		0,		0.4376,		4.079,		29184,		0,		0,		0,		5611,		0,		0,		0,		48,		0,		0,		0,		40932,		58,		7,		
17.003801,		1.000072,		0,		14,		0,		0.00,		0,		inf,		-inf,		0,		0,		62.81,		63.49,		63.19,		3.515e-05,		inf,		-inf,		0,		0,		0.4661,		4.333,		29184,		0,		0,		0,		5611,		0,		0,		0,		48,		0,		0,		0,		43442,		60,		7.25,		
18.004038,		1.000072,		0,		14,		0,		0.00,		0,		inf,		-inf,		0,		0,		62.4,		63.68,		62.79,		0.0001722,		inf,		-inf,		0,		0,		0.4952,		4.594,		29184,		0,		0,		0,		5611,		0,		0,		0,		48,		0,		0,		0,		45884,		65,		7.25,		
19.004272,		1.000070,		0,		14,		0,		0.00,		0,		inf,		-inf,		0,		0,		62.48,		63.59,		62.97,		0.000178,		inf,		-inf,		0,		0,		0.5283,		4.846,		29184,		0,		0,		0,		5611,		0,		0,		0,		56,		0,		0,		0,		48365,		71,		7,		
20.004507,		1.000094,		0,		14,		0,		0.00,		0,		inf,		-inf,		0,		0,		62.34,		63.66,		62.94,		0.0002363,		inf,		-inf,		0,		0,		0.5496,		5.108,		29184,		0,		0,		0,		5611,		0,		0,		0,		56,		0,		0,		0,		50859,		75,		7,		
21.004725,		1.000075,		0,		14,		0,		0.00,		0,		inf,		-inf,		0,		0,		61.5,		63.59,		62.97,		0.0003156,		inf,		-inf,		0,		0,		0.5817,		5.362,		29184,		0,		0,		0,		5611,		0,		0,		0,		56,		0,		0,		0,		53333,		99,		7.5,		
22.004965,		1.000072,		0,		14,		0,		0.00,		0,		inf,		-inf,		0,		0,		62.3,		63.65,		63.04,		0.0002048,		inf,		-inf,		0,		0,		0.6101,		5.615,		29184,		0,		0,		0,		5611,		0,		0,		0,		56,		0,		0,		0,		55852,		103,		7,		
23.005199,		1.000073,		0,		14,		0,		0.00,		0,		inf,		-inf,		0,		0,		62.51,		63.64,		63.11,		0.0001863,		inf,		-inf,		0,		0,		0.6416,		5.868,		29184,		0,		0,		0,		5611,		0,		0,		0,		56,		0,		0,		0,		58329,		108,		7,		
24.005438,		1.000069,		0,		14,		0,		0.00,		0,		inf,		-inf,		0,		0,		62.31,		63.55,		62.91,		0.0002102,		inf,		-inf,		0,		0,		0.6748,		6.117,		29184,		0,		0,		0,		5611,		0,		0,		0,		56,		0,		0,		0,		60845,		119,		7,		
25.005648,		1.000069,		0,		14,		0,		0.00,		0,		inf,		-inf,		0,		0,		62.37,		63.8,		62.96,		0.000269,		inf,		-inf,		0,		0,		0.706,		6.373,		29184,		0,		0,		0,		5611,		0,		0,		0,		64,		0,		0,		0,		63304,		124,		7.25,		
26.005850,		1.000071,		0,		14,		0,		0.00,		0,		inf,		-inf,		0,		0,		62.28,		63.66,		62.88,		0.0002774,		inf,		-inf,		0,		0,		0.734,		6.632,		29184,		0,		0,		0,		5611,		0,		0,		0,		64,		0,		0,		0,		65766,		125,		7.178,		
27.006060,		1.000052,		0,		14,		0,		0.00,		0,		inf,		-inf,		0,		0,		62.47,		63.75,		63.18,		0.0002038,		inf,		-inf,		0,		0,		0.763,		6.886,		29184,		0,		0,		0,		5611,		0,		0,		0,		64,		0,		0,		0,		68257,		129,		7,		
28.006271,		1.000067,		0,		14,		0,		0.00,		0,		inf,		-inf,		0,		0,		62.65,		63.65,		63.27,		8.48e-05,		inf,		-inf,		0,		0,		0.791,		7.138,		29184,		0,		0,		0,		5611,		0,		0,		0,		64,		0,		0,		0,		70779,		134,		7,		
29.006504,		1.000084,		0,		14,		0,		0.00,		0,		inf,		-inf,		0,		0,		62.37,		63.65,		63.12,		0.0001701,		inf,		-inf,		0,		0,		0.8212,		7.393,		29184,		0,		0,		0,		5611,		0,		0,		0,		64,		0,		0,		0,		73266,		137,		7.25,		
30.006746,		1.000067,		0,		14,		0,		0.00,		0,		inf,		-inf,		0,		0,		62.34,		64.05,		62.92,		0.0002984,		inf,		-inf,		0,		0,		0.8532,		7.649,		29184,		0,		0,		0,		5611,		0,		0,		0,		72,		0,		0,		0,		75722,		143,		7,		
31.006975,		1.000067,		0,		14,		0,		0.00,		0,		inf,		-inf,		0,		0,		62.12,		63.63,		62.78,		0.0002103,		inf,		-inf,		0,		0,		0.878,		7.915,		29184,		0,		0,		0,		5611,		0,		0,		0,		80,		0,		0,		0,		78161,		151,		7.25,		
32.007187,		1.000064,		0,		14,		0,		0.00,		0,		inf,		-inf,		0,		0,		62.27,		63.79,		62.87,		0.0002434,		inf,		-inf,		0,		0,		0.9028,		8.177,		29184,		0,		0,		0,		5611,		0,		0,		0,		80,		0,		0,		0,		80626,		160,		7.25,		
33.007389,		1.000065,		0,		14,		0,		0.00,		0,		inf,		-inf,		0,		0,		62.14,		63.55,		62.81,		0.0001882,		inf,		-inf,		0,		0,		0.9329,		8.436,		29184,		0,		0,		0,		5611,		0,		0,		0,		80,		0,		0,		0,		83064,		174,		7.25,		
34.007584,		1.000063,		0,		14,		0,		0.00,		0,		inf,		-inf,		0,		0,		62.12,		63.58,		62.92,		0.0002722,		inf,		-inf,		0,		0,		0.9657,		8.69,		29184,		0,		0,		0,		5611,		0,		0,		0,		80,		0,		0,		0,		85515,		185,		7.25,		
35.007801,		1.000053,		0,		14,		0,		0.00,		0,		inf,		-inf,		0,		0,		62.35,		63.75,		62.91,		0.0002712,		inf,		-inf,		0,		0,		1,		8.942,		29184,		0,		0,		0,		5611,		0,		0,		0,		80,		0,		0,		0,		87987,		189,		7.25,		
36.008030,		1.000069,		0,		14,		0,		0.00,		0,		inf,		-inf,		0,		0,		62.41,		63.54,		62.84,		0.0001191,		inf,		-inf,		0,		0,		1.032,		9.197,		29184,		0,		0,		0,		5611,		0,		0,		0,		80,		0,		0,		0,		90448,		198,		7,		
37.008251,		1.000069,		0,		14,		0,		0.00,		0,		inf,		-inf,		0,		0,		62.42,		63.78,		63.09,		0.0001561,		inf,		-inf,		0,		0,		1.059,		9.454,		29184,		0,		0,		0,		5611,		0,		0,		0,		88,		0,		0,		0,		92945,		206,		7,		
38.008469,		1.000068,		0,		14,		0,		0.00,		0,		inf,		-inf,		0,		0,		62.36,		64.2,		63.33,		0.0003773,		inf,		-inf,		0,		0,		1.095,		9.706,		29184,		0,		0,		0,		5611,		0,		0,		0,		88,		0,		0,		0,		95397,		213,		7.25,		
39.008678,		1.000067,		0,		14,		0,		0.00,		0,		inf,		-inf,		0,		0,		63.65,		64.22,		63.95,		4.562e-05,		inf,		-inf,		0,		0,		1.123,		9.969,		29184,		0,		0,		0,		5611,		0,		0,		0,		88,		0,		0,		0,		97827,		215,		7.25,		
40.008892,		1.000067,		0,		14,		0,		0.00,		0,		inf,		-inf,		0,		0,		63.54,		64.23,		63.97,		5.568e-05,		inf,		-inf,		0,		0,		1.157,		10.22,		29184,		0,		0,		0,		5611,		0,		0,		0,		88,		0,		0,		0,		100274,		215,		7.25,		
41.009144,		1.000068,		0,		14,		0,		0.00,		0,		inf,		-inf,		0,		0,		63.54,		64.14,		63.9,		3.676e-05,		inf,		-inf,		0,		0,		1.181,		10.49,		29184,		0,		0,		0,		5611,		0,		0,		0,		88,		0,		0,		0,		102668,		219,		7.5,		
42.009354,		1.000069,		0,		14,		0,		0.00,		0,		inf,		-inf,		0,		0,		63.56,		64.14,		63.9,		2.362e-05,		inf,		-inf,		0,		0,		1.209,		10.76,		29184,		0,		0,		0,		5611,		0,		0,		0,		88,		0,		0,		0,		105079,		222,		7,		
43.009586,		1.000069,		0,		14,		0,		0.00,		0,		inf,		-inf,		0,		0,		63.6,		64.19,		63.92,		2.372e-05,		inf,		-inf,		0,		0,		1.233,		11.03,		29184,		0,		0,		0,		5611,		0,		0,		0,		96,		0,		0,		0,		107488,		225,		7.5,		
44.009808,		1.000079,		0,		14,		0,		0.00,		0,		inf,		-inf,		0,		0,		63.56,		64.17,		63.84,		4.79e-05,		inf,		-inf,		0,		0,		1.26,		11.29,		29184,		0,		0,		0,		5611,		0,		0,		0,		96,		0,		0,		0,		109852,		226,		7.25,		
45.010006,		1.000066,		0,		14,		0,		0.00,		0,		inf,		-inf,		0,		0,		63.65,		64.19,		63.92,		3.396e-05,		inf,		-inf,		0,		0,		1.29,		11.56,		29184,		0,		0,		0,		5611,		0,		0,		0,		96,		0,		0,		0,		112261,		234,		7.5,		
46.010220,		1.000063,		0,		14,		0,		0.00,		0,		inf,		-inf,		0,		0,		63.55,		64.15,		63.84,		3.156e-05,		inf,		-inf,		0,		0,		1.319,		11.8,		29184,		0,		0,		0,		5611,		0,		0,		0,		96,		0,		0,		0,		114809,		238,		6.75,		
47.010426,		1.000065,		0,		14,		0,		0.00,		0,		inf,		-inf,		0,		0,		63.6,		64.31,		63.84,		4.758e-05,		inf,		-inf,		0,		0,		1.354,		12.05,		29184,		0,		0,		0,		5611,		0,		0,		0,		96,		0,		0,		0,		117351,		242,		7,		
48.010670,		1.000065,		0,		14,		0,		0.00,		0,		inf,		-inf,		0,		0,		63.59,		64.2,		63.87,		3.848e-05,		inf,		-inf,		0,		0,		1.385,		12.31,		29184,		0,		0,		0,		5611,		0,		0,		0,		104,		0,		0,		0,		119781,		246,		7.25,		
49.010887,		1.000062,		0,		14,		0,		0.00,		0,		inf,		-inf,		0,		0,		63.51,		64.09,		63.78,		2.638e-05,		inf,		-inf,		0,		0,		1.41,		12.57,		29184,		0,		0,		0,		5611,		0,		0,		0,		112,		0,		0,		0,		122261,		252,		7.25,		
50.011101,		1.000062,		0,		14,		0,		0.00,		0,		inf,		-inf,		0,		0,		63.56,		64.21,		63.93,		4.512e-05,		inf,		-inf,		0,		0,		1.441,		12.83,		29184,		0,		0,		0,		5611,		0,		0,		0,		112,		0,		0,		0,		124672,		256,		7.25,		
51.011292,		1.000063,		0,		14,		0,		0.00,		0,		inf,		-inf,		0,		0,		63.54,		64.16,		63.87,		5.213e-05,		inf,		-inf,		0,		0,		1.468,		13.08,		29184,		0,		0,		0,		5611,		0,		0,		0,		112,		0,		0,		0,		127205,		261,		7,		
52.011517,		1.000064,		0,		14,		0,		0.00,		0,		inf,		-inf,		0,		0,		63.59,		64.25,		63.91,		4.931e-05,		inf,		-inf,		0,		0,		1.502,		13.33,		29184,		0,		0,		0,		5611,		0,		0,		0,		112,		0,		0,		0,		129704,		263,		7.25,		
53.011726,		1.000064,		0,		14,		0,		0.00,		0,		inf,		-inf,		0,		0,		63.5,		64.17,		63.88,		4.014e-05,		inf,		-inf,		0,		0,		1.533,		13.59,		29184,		0,		0,		0,		5611,		0,		0,		0,		112,		0,		0,		0,		132193,		263,		7,		
54.011929,		1.000061,		0,		14,		0,		0.00,		0,		inf,		-inf,		0,		0,		63.55,		64.17,		63.91,		4.183e-05,		inf,		-inf,		0,		0,		1.566,		13.84,		29184,		0,		0,		0,		5611,		0,		0,		0,		112,		0,		0,		0,		134691,		266,		7,		
55.012127,		1.000063,		0,		14,		0,		0.00,		0,		inf,		-inf,		0,		0,		63.63,		64.19,		63.99,		3.189e-05,		inf,		-inf,		0,		0,		1.597,		14.09,		29184,		0,		0,		0,		5611,		0,		0,		0,		120,		0,		0,		0,		137201,		267,		7,		
56.012329,		1.000064,		0,		14,		0,		0.00,		0,		inf,		-inf,		0,		0,		63.64,		64.21,		64,		2.701e-05,		inf,		-inf,		0,		0,		1.619,		14.35,		29184,		0,		0,		0,		5611,		0,		0,		0,		120,		0,		0,		0,		139724,		267,		7,		
57.012543,		1.000065,		0,		14,		0,		0.00,		0,		inf,		-inf,		0,		0,		63.58,		64.14,		63.92,		3.413e-05,		inf,		-inf,		0,		0,		1.653,		14.59,		29184,		0,		0,		0,		5611,		0,		0,		0,		120,		0,		0,		0,		142252,		267,		7.25,		
58.012779,		1.000064,		0,		14,		0,		0.00,		0,		inf,		-inf,		0,		0,		63.52,		64.28,		63.87,		4.586e-05,		inf,		-inf,		0,		0,		1.678,		14.86,		29184,		0,		0,		0,		5611,		0,		0,		0,		120,		0,		0,		0,		144693,		268,		7,		
59.012989,		1.000066,		0,		14,		0,		0.00,		0,		inf,		-inf,		0,		0,		63.51,		64.14,		63.83,		3.428e-05,		inf,		-inf,		0,		0,		1.703,		15.12,		29184,		0,		0,		0,		5611,		0,		0,		0,		120,		0,		0,		0,		147137,		272,		7.25,		
60.013199,		1.000063,		0,		14,		0,		0.00,		0,		inf,		-inf,		0,		0,		63.5,		64.12,		63.81,		3.949e-05,		inf,		-inf,		0,		0,		1.734,		15.38,		29184,		0,		0,		0,		5611,		0,		0,		0,		120,		0,		0,		0,		149593,		277,		7.25,		
Maximum runtime reached. Exiting.
[2026-10-10 14:54:12] [INFO] Subscriber 1943128324 delivery: delivered=0 out_of_order=0 timestamp_not_newer=0 writer_switches=0 via_socket_flips=0 out_of_order_discarded=0 rxo_drops=0 reorder_held_peak=0 reorder_delivered=0 reorder_overflow=0 reorder_abandoned=0 gap_abandoned=0 gap_evicted=0 superseded=0
rmw_tickle: executor_poll=1 executor_poll_waits=0 executor_handovers=0 park_wakes=0 discovery_dropped=0 nodes_kept_at_destroy=0 id_muted_drops=0 cache_depth_shortfalls=0 rx_malformed_drops=0 version_mismatch_drops=0
[2026-10-10 14:54:12] [INFO] Node 3 traffic: tx_datagrams=2609322 rx_datagrams=5362 rx_self_sent=2589 rx_self_sent_data=0 rx_self_sent_data_unicast=0 rx_via_data=2712 rx_via_well_known=2650 tx_dropped_oversize=0 tx_udp=2609322 tx_shm=0 rx_udp=5362 rx_shm=0 rx_shm_skipped_superseded=0 tx_udp_broadcast=2955 tx_udp_oversize=0 tx_udp_unattached=2606367 shm_full_dropped=0 shm_gave_up=0 shm_doorbells_sent=0 shm_bells_rung=0 shm_doorbells_received=0 shm_segments_created=0 shm_segments_released=0 shm_same_host_peers=0 shm_claim_waits=0 shm_claim_waits_published=0 shm_sleep_cost_ns=0 shm_watches=0 shm_watch_hits=0 shm_epochs_sleeping=0 shm_epochs_waiting=0 shm_cost_sleeping_ns=0 shm_cost_waiting_ns=0 shm_waiting_preferred=0 shm_encoded_in_slot=0 rx_drain_ring_turns=0 shm_sleep_generations=0 shm_generations_kept=0 shm_sleeps=147648 lending=1 lend_retains=0 lend_releases=0 lend_unlendable=0 lend_exhausted=0 lend_bad_releases=0 lend_held=0 shm_full_retained=0 shm_attach_orphaned=0
[2026-10-10 14:54:12] [INFO] Node 3 large: published=902 reassembled=0 abandoned=0 no_buffer=0 dropped=0 duplicate=0 tail_abandoned=0 window_too_small=0 send_waits=141993
