Experiment id: 278a9fe1-3d0a-4c55-b609-44a1205daef5
Performance Test Version: 5b1035d-dirty
Logfile name: 
Communication mean: ROS2
RMW Implementation: rmw_tickle
DDS domain id: 61
QOS: Reliability: RELIABLE Durability: VOLATILE History kind: KEEP_LAST History depth: 10 Sync. pub/sub: 0
Publishing rate: 15
Topic name: Array4m
Maximum runtime (sec): 60
Number of publishers: 1
Number of subscribers: 0
Memory check enabled: 0
Use single participant: 0
With security: 0
Roundtrip Mode: NONE
Ignore seconds from beginning: 0

[2026-10-10 15:02:25] [WARNING] Well-known socket receive buffer is 425984 bytes (asked 4194304) - fewer than 16 datagrams of 65507 bytes; raise net.core.rmem_max to let it grow
[2026-10-10 15:02:25] [WARNING] Data socket receive buffer is 425984 bytes (asked 4194304) - fewer than 16 datagrams of 65507 bytes; raise net.core.rmem_max to let it grow
[2026-10-10 15:02:25] [INFO] Node open at 8343
---EXPERIMENT-START---
T_experiment,	T_loop,	received,	sent,	lost,	relative_loss,	data_received,	latency_min (ms),	latency_max (ms),	latency_mean (ms),	latency_variance (ms),	pub_loop_res_min (ms),	pub_loop_res_max (ms),	pub_loop_res_mean (ms),	pub_loop_res_variance (ms),	sub_loop_res_min (ms),	sub_loop_res_max (ms),	sub_loop_res_mean (ms),	sub_loop_res_variance (ms),	ru_utime,	ru_stime,	ru_maxrss,	ru_ixrss,	ru_idrss,	ru_isrss,	ru_minflt,	ru_majflt,	ru_nswap,	ru_inblock,	ru_oublock,	ru_msgsnd,	ru_msgrcv,	ru_nsignals,	ru_nvcsw,	ru_nivcsw,	cpu_usage (%),	
[INFO] [1791612145.126766537] [rmw_tickle]: heartbeat piggyback armed: every 64 samples
[2026-10-10 15:02:25] [INFO] Whole-record send refused: no known unicast peer, so this publish broadcasts
[2026-10-10 15:02:25] [INFO] Publisher peer claimed from its ACKNACK: node 2 entity d8889fdb for endpoint 1743618579 (its announce has not arrived)
[2026-10-10 15:02:25] [WARNING] Subscriber d8889fdb on node 2 tracks 8192 samples, deeper than this Publisher retains (460) - the excess can only ever be skipped, not recovered
[2026-10-10 15:02:25] [INFO] Publisher peer registered: node 2 at 192.168.10.2:53888 for endpoint 1743618579
1.000071,		1.000069,		0,		15,		0,		0.00,		0,		inf,		-inf,		0,		0,		-2.515,		65.65,		59.32,		0.2574,		inf,		-inf,		0,		0,		0.03769,		0.3244,		29184,		0,		0,		0,		5615,		0,		0,		0,		16,		0,		0,		0,		2528,		15,		8.5,		
2.000344,		1.000072,		0,		14,		0,		0.00,		0,		inf,		-inf,		0,		0,		63.62,		64.17,		63.82,		3.503e-05,		inf,		-inf,		0,		0,		0.0604,		0.5957,		29184,		0,		0,		0,		5615,		0,		0,		0,		16,		0,		0,		0,		4913,		25,		7.5,		
3.000567,		1.000068,		0,		14,		0,		0.00,		0,		inf,		-inf,		0,		0,		63.34,		64.12,		63.73,		3.762e-05,		inf,		-inf,		0,		0,		0.0898,		0.842,		29184,		0,		0,		0,		5615,		0,		0,		0,		16,		0,		0,		0,		7483,		29,		6.75,		
4.000785,		1.000063,		0,		14,		0,		0.00,		0,		inf,		-inf,		0,		0,		63.59,		64.14,		63.86,		2.699e-05,		inf,		-inf,		0,		0,		0.1167,		1.089,		29184,		0,		0,		0,		5615,		0,		0,		0,		16,		0,		0,		0,		10067,		32,		6.75,		
5.000994,		1.000063,		0,		14,		0,		0.00,		0,		inf,		-inf,		0,		0,		63.59,		64.23,		63.88,		3.688e-05,		inf,		-inf,		0,		0,		0.1453,		1.351,		29184,		0,		0,		0,		5615,		0,		0,		0,		24,		0,		0,		0,		12484,		38,		7.5,		
6.001209,		1.000066,		0,		14,		0,		0.00,		0,		inf,		-inf,		0,		0,		63.64,		64.15,		63.87,		2.5e-05,		inf,		-inf,		0,		0,		0.1718,		1.61,		29184,		0,		0,		0,		5615,		0,		0,		0,		24,		0,		0,		0,		14965,		42,		7,		
7.001432,		1.000066,		0,		14,		0,		0.00,		0,		inf,		-inf,		0,		0,		63.6,		64.21,		63.87,		4.526e-05,		inf,		-inf,		0,		0,		0.1969,		1.869,		29184,		0,		0,		0,		5615,		0,		0,		0,		32,		0,		0,		0,		17447,		48,		7,		
8.001641,		1.000063,		0,		14,		0,		0.00,		0,		inf,		-inf,		0,		0,		63.56,		64.43,		63.83,		4.594e-05,		inf,		-inf,		0,		0,		0.2241,		2.128,		29184,		0,		0,		0,		5615,		0,		0,		0,		32,		0,		0,		0,		19912,		55,		7.25,		
9.001854,		1.000061,		0,		14,		0,		0.00,		0,		inf,		-inf,		0,		0,		63.53,		64.17,		63.8,		3.106e-05,		inf,		-inf,		0,		0,		0.2523,		2.385,		29184,		0,		0,		0,		5615,		0,		0,		0,		32,		0,		0,		0,		22380,		59,		7.25,		
10.002043,		1.000061,		0,		14,		0,		0.00,		0,		inf,		-inf,		0,		0,		63.54,		64.18,		63.93,		5.048e-05,		inf,		-inf,		0,		0,		0.2827,		2.633,		29184,		0,		0,		0,		5615,		0,		0,		0,		32,		0,		0,		0,		24916,		65,		7,		
11.002274,		1.000063,		0,		14,		0,		0.00,		0,		inf,		-inf,		0,		0,		63.55,		64.17,		63.84,		5.103e-05,		inf,		-inf,		0,		0,		0.3056,		2.891,		29184,		0,		0,		0,		5615,		0,		0,		0,		40,		0,		0,		0,		27418,		74,		7,		
12.002485,		1.000062,		0,		14,		0,		0.00,		0,		inf,		-inf,		0,		0,		63.66,		64.21,		63.91,		4.324e-05,		inf,		-inf,		0,		0,		0.3304,		3.153,		29184,		0,		0,		0,		5615,		0,		0,		0,		40,		0,		0,		0,		29872,		78,		7.25,		
13.002679,		1.000068,		0,		15,		0,		0.00,		0,		inf,		-inf,		0,		0,		63.5,		64.23,		63.94,		4.692e-05,		inf,		-inf,		0,		0,		0.3579,		3.415,		29184,		0,		0,		0,		5615,		0,		0,		0,		48,		0,		0,		0,		32302,		82,		7,		
14.003063,		1.000083,		0,		14,		0,		0.00,		0,		inf,		-inf,		0,		0,		63.63,		64.22,		63.98,		3.859e-05,		inf,		-inf,		0,		0,		0.3863,		3.678,		29184,		0,		0,		0,		5615,		0,		0,		0,		48,		0,		0,		0,		34721,		86,		7.25,		
15.003459,		1.000082,		0,		14,		0,		0.00,		0,		inf,		-inf,		0,		0,		63.46,		64.27,		63.93,		5.218e-05,		inf,		-inf,		0,		0,		0.4097,		3.933,		29184,		0,		0,		0,		5615,		0,		0,		0,		48,		0,		0,		0,		37252,		90,		6.931,		
16.003723,		1.000070,		0,		14,		0,		0.00,		0,		inf,		-inf,		0,		0,		63.6,		64.2,		63.88,		3.543e-05,		inf,		-inf,		0,		0,		0.4281,		4.199,		29184,		0,		0,		0,		5615,		0,		0,		0,		48,		0,		0,		0,		39721,		95,		7,		
17.003952,		1.000067,		0,		14,		0,		0.00,		0,		inf,		-inf,		0,		0,		63.61,		64.13,		63.89,		2.48e-05,		inf,		-inf,		0,		0,		0.4562,		4.452,		29184,		0,		0,		0,		5615,		0,		0,		0,		48,		0,		0,		0,		42227,		99,		7.25,		
18.004196,		1.000067,		0,		14,		0,		0.00,		0,		inf,		-inf,		0,		0,		63.63,		64.2,		63.84,		3.23e-05,		inf,		-inf,		0,		0,		0.4859,		4.712,		29184,		0,		0,		0,		5615,		0,		0,		0,		48,		0,		0,		0,		44660,		105,		7.25,		
19.004435,		1.000075,		0,		14,		0,		0.00,		0,		inf,		-inf,		0,		0,		63.61,		64.26,		63.9,		4.287e-05,		inf,		-inf,		0,		0,		0.5195,		4.969,		29184,		0,		0,		0,		5615,		0,		0,		0,		56,		0,		0,		0,		47080,		109,		7,		
20.004658,		1.000067,		0,		14,		0,		0.00,		0,		inf,		-inf,		0,		0,		63.62,		64.19,		63.86,		3.203e-05,		inf,		-inf,		0,		0,		0.5458,		5.237,		29184,		0,		0,		0,		5615,		0,		0,		0,		56,		0,		0,		0,		49456,		117,		7.5,		
21.004883,		1.000066,		0,		14,		0,		0.00,		0,		inf,		-inf,		0,		0,		63.58,		64.19,		63.84,		3.571e-05,		inf,		-inf,		0,		0,		0.5701,		5.507,		29184,		0,		0,		0,		5615,		0,		0,		0,		56,		0,		0,		0,		51842,		126,		7.5,		
22.005112,		1.000069,		0,		14,		0,		0.00,		0,		inf,		-inf,		0,		0,		63.63,		64.22,		63.89,		4.565e-05,		inf,		-inf,		0,		0,		0.5967,		5.773,		29184,		0,		0,		0,		5615,		0,		0,		0,		56,		0,		0,		0,		54245,		131,		7.25,		
23.005337,		1.000062,		0,		14,		0,		0.00,		0,		inf,		-inf,		0,		0,		63.63,		64.23,		63.97,		4.36e-05,		inf,		-inf,		0,		0,		0.6247,		6.036,		29184,		0,		0,		0,		5615,		0,		0,		0,		56,		0,		0,		0,		56671,		135,		7.25,		
24.005537,		1.000064,		0,		14,		0,		0.00,		0,		inf,		-inf,		0,		0,		63.7,		64.22,		64.04,		2.598e-05,		inf,		-inf,		0,		0,		0.6504,		6.297,		29184,		0,		0,		0,		5615,		0,		0,		0,		56,		0,		0,		0,		59119,		138,		7.25,		
25.005735,		1.000061,		0,		14,		0,		0.00,		0,		inf,		-inf,		0,		0,		63.64,		64.17,		64,		3.335e-05,		inf,		-inf,		0,		0,		0.6799,		6.558,		29184,		0,		0,		0,		5615,		0,		0,		0,		64,		0,		0,		0,		61554,		140,		7,		
26.005938,		1.000067,		0,		14,		0,		0.00,		0,		inf,		-inf,		0,		0,		63.55,		64.21,		63.9,		5.251e-05,		inf,		-inf,		0,		0,		0.7057,		6.818,		29184,		0,		0,		0,		5615,		0,		0,		0,		64,		0,		0,		0,		64017,		144,		7.25,		
27.006153,		1.000067,		0,		14,		0,		0.00,		0,		inf,		-inf,		0,		0,		63.6,		64.18,		63.86,		3.658e-05,		inf,		-inf,		0,		0,		0.7336,		7.075,		29184,		0,		0,		0,		5615,		0,		0,		0,		64,		0,		0,		0,		66498,		147,		7.25,		
28.006382,		1.000073,		0,		14,		0,		0.00,		0,		inf,		-inf,		0,		0,		63.31,		64.04,		63.66,		4.585e-05,		inf,		-inf,		0,		0,		0.7591,		7.338,		29184,		0,		0,		0,		5615,		0,		0,		0,		64,		0,		0,		0,		68948,		149,		7,		
29.006660,		1.000074,		0,		14,		0,		0.00,		0,		inf,		-inf,		0,		0,		63.55,		64.14,		63.96,		3.173e-05,		inf,		-inf,		0,		0,		0.7927,		7.573,		29184,		0,		0,		0,		5615,		0,		0,		0,		64,		0,		0,		0,		71633,		151,		7,		
30.007015,		1.000086,		0,		14,		0,		0.00,		0,		inf,		-inf,		0,		0,		63.57,		64.13,		63.89,		3.867e-05,		inf,		-inf,		0,		0,		0.8221,		7.819,		29184,		0,		0,		0,		5615,		0,		0,		0,		72,		0,		0,		0,		74202,		153,		6.75,		
31.007351,		1.000096,		0,		14,		0,		0.00,		0,		inf,		-inf,		0,		0,		63.54,		64.1,		63.8,		3.708e-05,		inf,		-inf,		0,		0,		0.8455,		8.071,		29184,		0,		0,		0,		5615,		0,		0,		0,		80,		0,		0,		0,		76773,		162,		7,		
32.007660,		1.000104,		0,		14,		0,		0.00,		0,		inf,		-inf,		0,		0,		63.58,		64.16,		63.82,		3.828e-05,		inf,		-inf,		0,		0,		0.8699,		8.321,		29184,		0,		0,		0,		5615,		0,		0,		0,		80,		0,		0,		0,		79348,		166,		6.75,		
33.007957,		1.000075,		0,		14,		0,		0.00,		0,		inf,		-inf,		0,		0,		63.62,		64.16,		63.83,		2.86e-05,		inf,		-inf,		0,		0,		0.8972,		8.569,		29184,		0,		0,		0,		5615,		0,		0,		0,		80,		0,		0,		0,		81914,		170,		6.75,		
34.008305,		1.000077,		0,		14,		0,		0.00,		0,		inf,		-inf,		0,		0,		63.68,		64.14,		63.85,		2.743e-05,		inf,		-inf,		0,		0,		0.9217,		8.819,		29184,		0,		0,		0,		5615,		0,		0,		0,		80,		0,		0,		0,		84500,		177,		7,		
35.008640,		1.000084,		0,		14,		0,		0.00,		0,		inf,		-inf,		0,		0,		62.52,		64.14,		63.26,		0.0002465,		inf,		-inf,		0,		0,		0.9459,		9.072,		29184,		0,		0,		0,		5615,		0,		0,		0,		80,		0,		0,		0,		87044,		185,		7,		
36.008915,		1.000063,		0,		14,		0,		0.00,		0,		inf,		-inf,		0,		0,		62.4,		63.63,		62.92,		0.0001964,		inf,		-inf,		0,		0,		0.9705,		9.328,		29184,		0,		0,		0,		5615,		0,		0,		0,		80,		0,		0,		0,		89557,		197,		7,		
37.009193,		1.000066,		0,		14,		0,		0.00,		0,		inf,		-inf,		0,		0,		62.46,		63.62,		63.1,		0.0001756,		inf,		-inf,		0,		0,		0.997,		9.58,		29184,		0,		0,		0,		5615,		0,		0,		0,		88,		0,		0,		0,		92098,		209,		6.75,		
38.009453,		1.000064,		0,		14,		0,		0.00,		0,		inf,		-inf,		0,		0,		62.4,		63.58,		63.13,		0.0001865,		inf,		-inf,		0,		0,		1.023,		9.831,		29184,		0,		0,		0,		5615,		0,		0,		0,		88,		0,		0,		0,		94640,		212,		7.25,		
39.009739,		1.000083,		0,		14,		0,		0.00,		0,		inf,		-inf,		0,		0,		62.46,		63.58,		62.95,		0.0001605,		inf,		-inf,		0,		0,		1.051,		10.08,		29184,		0,		0,		0,		5615,		0,		0,		0,		88,		0,		0,		0,		97155,		222,		7,		
40.009995,		1.000064,		0,		14,		0,		0.00,		0,		inf,		-inf,		0,		0,		62.46,		63.59,		63.13,		0.0001207,		inf,		-inf,		0,		0,		1.076,		10.34,		29184,		0,		0,		0,		5615,		0,		0,		0,		88,		0,		0,		0,		99693,		224,		6.75,		
41.010265,		1.000065,		0,		14,		0,		0.00,		0,		inf,		-inf,		0,		0,		62.42,		64.04,		62.97,		0.0001982,		inf,		-inf,		0,		0,		1.112,		10.58,		29184,		0,		0,		0,		5615,		0,		0,		0,		88,		0,		0,		0,		102217,		225,		7.25,		
42.010517,		1.000073,		0,		14,		0,		0.00,		0,		inf,		-inf,		0,		0,		62.23,		63.55,		62.87,		0.0002062,		inf,		-inf,		0,		0,		1.142,		10.83,		29184,		0,		0,		0,		5615,		0,		0,		0,		88,		0,		0,		0,		104717,		229,		7,		
43.010792,		1.000066,		0,		14,		0,		0.00,		0,		inf,		-inf,		0,		0,		62.48,		63.63,		63.03,		0.0001166,		inf,		-inf,		0,		0,		1.17,		11.09,		29184,		0,		0,		0,		5615,		0,		0,		0,		96,		0,		0,		0,		107229,		232,		6.75,		
44.011086,		1.000086,		0,		14,		0,		0.00,		0,		inf,		-inf,		0,		0,		62.45,		63.6,		62.97,		0.0001881,		inf,		-inf,		0,		0,		1.194,		11.34,		29184,		0,		0,		0,		5615,		0,		0,		0,		96,		0,		0,		0,		109743,		238,		7.25,		
45.011353,		1.000081,		0,		14,		0,		0.00,		0,		inf,		-inf,		0,		0,		62.5,		63.58,		62.76,		7.613e-05,		inf,		-inf,		0,		0,		1.22,		11.6,		29184,		0,		0,		0,		5615,		0,		0,		0,		96,		0,		0,		0,		112219,		252,		7,		
46.011627,		1.000063,		0,		14,		0,		0.00,		0,		inf,		-inf,		0,		0,		62.31,		63.59,		62.9,		0.0002084,		inf,		-inf,		0,		0,		1.245,		11.86,		29184,		0,		0,		0,		5615,		0,		0,		0,		96,		0,		0,		0,		114725,		258,		7,		
47.011883,		1.000066,		0,		14,		0,		0.00,		0,		inf,		-inf,		0,		0,		62.57,		63.57,		62.93,		9.381e-05,		inf,		-inf,		0,		0,		1.274,		12.11,		29184,		0,		0,		0,		5615,		0,		0,		0,		96,		0,		0,		0,		117216,		266,		7.25,		
48.012157,		1.000064,		0,		14,		0,		0.00,		0,		inf,		-inf,		0,		0,		62.37,		63.66,		62.93,		0.0001752,		inf,		-inf,		0,		0,		1.297,		12.37,		29184,		0,		0,		0,		5615,		0,		0,		0,		104,		0,		0,		0,		119706,		270,		6.75,		
49.012405,		1.000064,		0,		14,		0,		0.00,		0,		inf,		-inf,		0,		0,		62.38,		63.57,		63,		0.0001309,		inf,		-inf,		0,		0,		1.321,		12.63,		29184,		0,		0,		0,		5615,		0,		0,		0,		112,		0,		0,		0,		122208,		277,		7.25,		
50.012642,		1.000064,		0,		14,		0,		0.00,		0,		inf,		-inf,		0,		0,		62.45,		63.62,		62.99,		0.0001964,		inf,		-inf,		0,		0,		1.349,		12.88,		29184,		0,		0,		0,		5615,		0,		0,		0,		112,		0,		0,		0,		124733,		281,		6.75,		
51.012905,		1.000079,		0,		14,		0,		0.00,		0,		inf,		-inf,		0,		0,		62.39,		63.57,		62.89,		0.0001924,		inf,		-inf,		0,		0,		1.379,		13.13,		29184,		0,		0,		0,		5615,		0,		0,		0,		112,		0,		0,		0,		127234,		287,		7.25,		
52.013149,		1.000063,		0,		14,		0,		0.00,		0,		inf,		-inf,		0,		0,		62.36,		63.61,		63.03,		0.0001647,		inf,		-inf,		0,		0,		1.401,		13.39,		29184,		0,		0,		0,		5615,		0,		0,		0,		112,		0,		0,		0,		129769,		292,		6.931,		
53.013386,		1.000063,		0,		14,		0,		0.00,		0,		inf,		-inf,		0,		0,		62.28,		63.59,		63.15,		0.0001802,		inf,		-inf,		0,		0,		1.424,		13.64,		29184,		0,		0,		0,		5615,		0,		0,		0,		112,		0,		0,		0,		132305,		297,		7,		
54.013641,		1.000073,		0,		14,		0,		0.00,		0,		inf,		-inf,		0,		0,		62.43,		63.44,		62.92,		0.0001195,		inf,		-inf,		0,		0,		1.451,		13.9,		29184,		0,		0,		0,		5615,		0,		0,		0,		112,		0,		0,		0,		134823,		301,		7,		
55.013908,		1.000086,		0,		14,		0,		0.00,		0,		inf,		-inf,		0,		0,		62.45,		63.63,		63.05,		0.0001557,		inf,		-inf,		0,		0,		1.476,		14.15,		29184,		0,		0,		0,		5615,		0,		0,		0,		120,		0,		0,		0,		137354,		304,		6.75,		
56.014164,		1.000079,		0,		14,		0,		0.00,		0,		inf,		-inf,		0,		0,		62.33,		63.58,		62.95,		0.000165,		inf,		-inf,		0,		0,		1.51,		14.39,		29184,		0,		0,		0,		5615,		0,		0,		0,		120,		0,		0,		0,		139883,		308,		7,		
57.014412,		1.000063,		0,		14,		0,		0.00,		0,		inf,		-inf,		0,		0,		62.38,		63.74,		63.02,		0.0001451,		inf,		-inf,		0,		0,		1.542,		14.64,		29184,		0,		0,		0,		5615,		0,		0,		0,		120,		0,		0,		0,		142401,		312,		7.25,		
58.014671,		1.000082,		0,		14,		0,		0.00,		0,		inf,		-inf,		0,		0,		61.83,		63.59,		62.89,		0.0002065,		inf,		-inf,		0,		0,		1.572,		14.89,		29184,		0,		0,		0,		5615,		0,		0,		0,		120,		0,		0,		0,		144902,		320,		7,		
59.014935,		1.000087,		0,		14,		0,		0.00,		0,		inf,		-inf,		0,		0,		62.49,		63.61,		62.99,		0.0001223,		inf,		-inf,		0,		0,		1.599,		15.15,		29184,		0,		0,		0,		5615,		0,		0,		0,		120,		0,		0,		0,		147414,		336,		6.75,		
60.015186,		1.000065,		0,		14,		0,		0.00,		0,		inf,		-inf,		0,		0,		62.42,		63.58,		62.93,		0.000145,		inf,		-inf,		0,		0,		1.625,		15.4,		29184,		0,		0,		0,		5615,		0,		0,		0,		120,		0,		0,		0,		149931,		351,		7.25,		
Maximum runtime reached. Exiting.
[2026-10-10 15:03:25] [INFO] Subscriber 1943128324 delivery: delivered=0 out_of_order=0 timestamp_not_newer=0 writer_switches=0 via_socket_flips=0 out_of_order_discarded=0 rxo_drops=0 reorder_held_peak=0 reorder_delivered=0 reorder_overflow=0 reorder_abandoned=0 gap_abandoned=0 gap_evicted=0 superseded=0
rmw_tickle: executor_poll=1 executor_poll_waits=0 executor_handovers=0 park_wakes=0 discovery_dropped=0 nodes_kept_at_destroy=0 id_muted_drops=0 cache_depth_shortfalls=0 rx_malformed_drops=0 version_mismatch_drops=0
[2026-10-10 15:03:25] [INFO] Node 3 traffic: tx_datagrams=2609301 rx_datagrams=5236 rx_self_sent=2461 rx_self_sent_data=0 rx_self_sent_data_unicast=0 rx_via_data=2715 rx_via_well_known=2521 tx_dropped_oversize=0 tx_udp=2609301 tx_shm=0 rx_udp=5236 rx_shm=0 rx_shm_skipped_superseded=0 tx_udp_broadcast=2955 tx_udp_oversize=0 tx_udp_unattached=2606346 shm_full_dropped=0 shm_gave_up=0 shm_doorbells_sent=0 shm_bells_rung=0 shm_doorbells_received=0 shm_segments_created=0 shm_segments_released=0 shm_same_host_peers=0 shm_claim_waits=0 shm_claim_waits_published=0 shm_sleep_cost_ns=0 shm_watches=0 shm_watch_hits=0 shm_epochs_sleeping=0 shm_epochs_waiting=0 shm_cost_sleeping_ns=0 shm_cost_waiting_ns=0 shm_waiting_preferred=0 shm_encoded_in_slot=0 rx_drain_ring_turns=0 shm_sleep_generations=0 shm_generations_kept=0 shm_sleeps=147981 lending=1 lend_retains=0 lend_releases=0 lend_unlendable=0 lend_exhausted=0 lend_bad_releases=0 lend_held=0 shm_full_retained=0 shm_attach_orphaned=0
[2026-10-10 15:03:25] [INFO] Node 3 large: published=902 reassembled=0 abandoned=0 no_buffer=0 dropped=0 duplicate=0 tail_abandoned=0 window_too_small=0 send_waits=142659
